=== RUN   TestGrpc
Running Suite: Grpc Suite - D:\git\github.com\pixlcrashr\vsfv\test\grpc
=======================================================================
Random Seed: [1m1780613809[0m

Will run [1m86[0m of [1m86[0m specs

2026/06/05 00:56:49 [32mD:/git/github.com/pixlcrashr/vsfv/pkg/db/repository/organizations.go:102
[0m[33m[6.945ms] [34;1m[rows:1][0m INSERT INTO "organizations" ("id","display_name") VALUES ('3ca2938c-9b72-49d7-a2cf-2195e0966e25','Test Org for Accounts') RETURNING "updated_at","created_at"

2026/06/05 00:56:49 [32mD:/git/github.com/pixlcrashr/vsfv/pkg/db/repository/accounts.go:127
[0m[33m[5.322ms] [34;1m[rows:1][0m INSERT INTO "accounts" ("id","organization_id","parent_account_id","display_name","display_code","display_description","is_container","is_archived") VALUES ('268c2b76-64ab-40c3-a438-f5d6b3cd80fe','3ca2938c-9b72-49d7-a2cf-2195e0966e25',NULL,'Test Account','1000','Test description',false,false) RETURNING "updated_at","created_at"
[38;5;10m+[0m
2026/06/05 00:56:49 [32mD:/git/github.com/pixlcrashr/vsfv/pkg/db/repository/organizations.go:102
[0m[33m[4.210ms] [34;1m[rows:1][0m INSERT INTO "organizations" ("id","display_name") VALUES ('fe46714e-7188-408b-a8d3-af6082d32b58','Test Org for Accounts') RETURNING "updated_at","created_at"

2026/06/05 00:56:49 [32mD:/git/github.com/pixlcrashr/vsfv/pkg/db/repository/accounts.go:127
[0m[33m[3.777ms] [34;1m[rows:1][0m INSERT INTO "accounts" ("id","organization_id","parent_account_id","display_name","display_code","display_description","is_container","is_archived") VALUES ('8f230300-4a14-4562-8f32-08ab752c9828','fe46714e-7188-408b-a8d3-af6082d32b58',NULL,'Container Account','1000-C','',true,false) RETURNING "updated_at","created_at"
[38;5;10m+[0m
2026/06/05 00:56:49 [32mD:/git/github.com/pixlcrashr/vsfv/pkg/db/repository/organizations.go:102
[0m[33m[3.151ms] [34;1m[rows:1][0m INSERT INTO "organizations" ("id","display_name") VALUES ('1a25c410-2704-4afa-a089-1b0dcd5784e2','Test Org for Accounts') RETURNING "updated_at","created_at"
[38;5;10m+[0m
2026/06/05 00:56:49 [32mD:/git/github.com/pixlcrashr/vsfv/pkg/db/repository/organizations.go:102
[0m[33m[3.193ms] [34;1m[rows:1][0m INSERT INTO "organizations" ("id","display_name") VALUES ('616ef89f-3f79-4b43-b317-a2ab3bda14a9','Test Org for Accounts') RETURNING "updated_at","created_at"

2026/06/05 00:56:49 [32mD:/git/github.com/pixlcrashr/vsfv/pkg/db/repository/accounts.go:127
[0m[33m[3.719ms] [34;1m[rows:1][0m INSERT INTO "accounts" ("id","organization_id","parent_account_id","display_name","display_code","display_description","is_container","is_archived") VALUES ('fba308f0-8972-4975-a0b6-cc8c1c5b0d56','616ef89f-3f79-4b43-b317-a2ab3bda14a9',NULL,'Parent Container','1000','',true,false) RETURNING "updated_at","created_at"

[38;5;243m------------------------------[0m
[38;5;9m+ [FAILED] [0.009 seconds][0m
[0mAccountService [38;5;243mCreateAccount [38;5;9m[1m[It] creates a nested account with parent[0m
[38;5;243mD:/git/github.com/pixlcrashr/vsfv/test/grpc/accounts_test.go:71[0m

  [38;5;9m[FAILED] Unexpected error:
      <*status.Error | 0xc000120708>: 
      rpc error: code = InvalidArgument desc = invalid parent_account
      {
          s: {
              s: {
                  state: {
                      NoUnkeyedLiterals: {},
                      DoNotCompare: [],
                      DoNotCopy: [],
                      atomicMessageInfo: nil,
                  },
                  sizeCache: 0,
                  unknownFields: nil,
                  Code: 3,
                  Message: "invalid parent_account",
                  Details: nil,
              },
          },
      }
  occurred[0m
  [38;5;9mIn [1m[It][0m[38;5;9m at: [1mD:/git/github.com/pixlcrashr/vsfv/test/grpc/accounts_test.go:92[0m [38;5;243m@ 06/05/26 00:56:49.199[0m
[38;5;243m------------------------------[0m

2026/06/05 00:56:49 [32mD:/git/github.com/pixlcrashr/vsfv/pkg/db/repository/organizations.go:102
[0m[33m[3.180ms] [34;1m[rows:1][0m INSERT INTO "organizations" ("id","display_name") VALUES ('a421119a-7556-46bd-bd56-57e2a690bfc1','Test Org for Accounts') RETURNING "updated_at","created_at"

2026/06/05 00:56:49 [32mD:/git/github.com/pixlcrashr/vsfv/pkg/db/repository/accounts.go:127
[0m[33m[3.130ms] [34;1m[rows:1][0m INSERT INTO "accounts" ("id","organization_id","parent_account_id","display_name","display_code","display_description","is_container","is_archived") VALUES ('2088dd0e-cf25-4e15-879e-18f0defa7f01','a421119a-7556-46bd-bd56-57e2a690bfc1',NULL,'Get Account','2000','',false,false) RETURNING "updated_at","created_at"
[38;5;9m+ [FAILED] [0.008 seconds][0m
[0mAccountService [38;5;243mGetAccount [38;5;9m[1m[It] retrieves the account by resource name[0m
[38;5;243mD:/git/github.com/pixlcrashr/vsfv/test/grpc/accounts_test.go:112[0m

  [38;5;9m[FAILED] Unexpected error:
      <*status.Error | 0xc00049e3e0>: 
      rpc error: code = InvalidArgument desc = invalid account name
      {
          s: {
              s: {
                  state: {
                      NoUnkeyedLiterals: {},
                      DoNotCompare: [],
                      DoNotCopy: [],
                      atomicMessageInfo: nil,
                  },
                  sizeCache: 0,
                  unknownFields: nil,
                  Code: 3,
                  Message: "invalid account name",
                  Details: nil,
              },
          },
      }
  occurred[0m
  [38;5;9mIn [1m[It][0m[38;5;9m at: [1mD:/git/github.com/pixlcrashr/vsfv/test/grpc/accounts_test.go:114[0m [38;5;243m@ 06/05/26 00:56:49.207[0m
[38;5;243m------------------------------[0m

2026/06/05 00:56:49 [32mD:/git/github.com/pixlcrashr/vsfv/pkg/db/repository/organizations.go:102
[0m[33m[3.192ms] [34;1m[rows:1][0m INSERT INTO "organizations" ("id","display_name") VALUES ('fbdb949e-0938-427d-8452-308bb4838fd8','Test Org for Accounts') RETURNING "updated_at","created_at"

2026/06/05 00:56:49 [32mD:/git/github.com/pixlcrashr/vsfv/pkg/db/repository/accounts.go:127
[0m[33m[3.138ms] [34;1m[rows:1][0m INSERT INTO "accounts" ("id","organization_id","parent_account_id","display_name","display_code","display_description","is_container","is_archived") VALUES ('a7def9b3-9694-45bc-a605-36c9cb8f7dcc','fbdb949e-0938-427d-8452-308bb4838fd8',NULL,'Get Account','2000','',false,false) RETURNING "updated_at","created_at"

2026/06/05 00:56:49 [31;1mD:/git/github.com/pixlcrashr/vsfv/pkg/db/repository/accounts.go:122 [35;1mrecord not found
[0m[33m[2.664ms] [34;1m[rows:0][0m SELECT * FROM "accounts" WHERE "accounts"."id" = '00000000-0000-0000-0000-000000000000' ORDER BY "accounts"."id" LIMIT 1
[38;5;10m+[0m
2026/06/05 00:56:49 [32mD:/git/github.com/pixlcrashr/vsfv/pkg/db/repository/organizations.go:102
[0m[33m[3.186ms] [34;1m[rows:1][0m INSERT INTO "organizations" ("id","display_name") VALUES ('37d27a51-b88d-461a-9564-62dae0762f5d','Test Org for Accounts') RETURNING "updated_at","created_at"

2026/06/05 00:56:49 [32mD:/git/github.com/pixlcrashr/vsfv/pkg/db/repository/accounts.go:127
[0m[33m[3.190ms] [34;1m[rows:1][0m INSERT INTO "accounts" ("id","organization_id","parent_account_id","display_name","display_code","display_description","is_container","is_archived") VALUES ('fb8d7704-e54b-4776-a85f-2502b18c8c4e','37d27a51-b88d-461a-9564-62dae0762f5d',NULL,'Get Account','2000','',false,false) RETURNING "updated_at","created_at"
[38;5;10m+[0m
2026/06/05 00:56:49 [32mD:/git/github.com/pixlcrashr/vsfv/pkg/db/repository/organizations.go:102
[0m[33m[3.130ms] [34;1m[rows:1][0m INSERT INTO "organizations" ("id","display_name") VALUES ('0e71d0dd-034c-458a-aa1a-c7dc7d3a6f3d','Test Org for Accounts') RETURNING "updated_at","created_at"

2026/06/05 00:56:49 [32mD:/git/github.com/pixlcrashr/vsfv/pkg/db/repository/accounts.go:127
[0m[33m[3.147ms] [34;1m[rows:1][0m INSERT INTO "accounts" ("id","organization_id","parent_account_id","display_name","display_code","display_description","is_container","is_archived") VALUES ('4b1229fa-2439-40f8-812b-8244dcadabb7','0e71d0dd-034c-458a-aa1a-c7dc7d3a6f3d',NULL,'Account A','Account A','',false,false) RETURNING "updated_at","created_at"

2026/06/05 00:56:49 [32mD:/git/github.com/pixlcrashr/vsfv/pkg/db/repository/accounts.go:127
[0m[33m[3.179ms] [34;1m[rows:1][0m INSERT INTO "accounts" ("id","organization_id","parent_account_id","display_name","display_code","display_description","is_container","is_archived") VALUES ('466d1c08-3c31-46d8-8d29-b81c14112582','0e71d0dd-034c-458a-aa1a-c7dc7d3a6f3d',NULL,'Account B','Account B','',false,false) RETURNING "updated_at","created_at"

2026/06/05 00:56:49 [32mD:/git/github.com/pixlcrashr/vsfv/pkg/db/repository/accounts.go:127
[0m[33m[3.205ms] [34;1m[rows:1][0m INSERT INTO "accounts" ("id","organization_id","parent_account_id","display_name","display_code","display_description","is_container","is_archived") VALUES ('64ef207a-e091-4556-aae4-87e24bd6d2c6','0e71d0dd-034c-458a-aa1a-c7dc7d3a6f3d',NULL,'Account C','Account C','',false,false) RETURNING "updated_at","created_at"

2026/06/05 00:56:49 [32mD:/git/github.com/pixlcrashr/vsfv/pkg/db/repository/accounts.go:91
[0m[33m[1.568ms] [34;1m[rows:1][0m SELECT count(*) FROM "accounts"

2026/06/05 00:56:49 [32mD:/git/github.com/pixlcrashr/vsfv/pkg/db/repository/accounts.go:112
[0m[33m[2.119ms] [34;1m[rows:9][0m SELECT * FROM "accounts" ORDER BY created_at DESC LIMIT 100
[38;5;10m+[0m
2026/06/05 00:56:49 [32mD:/git/github.com/pixlcrashr/vsfv/pkg/db/repository/organizations.go:102
[0m[33m[2.625ms] [34;1m[rows:1][0m INSERT INTO "organizations" ("id","display_name") VALUES ('01428186-864f-4f2c-bdf1-a9c24729c217','Test Org for Accounts') RETURNING "updated_at","created_at"

2026/06/05 00:56:49 [32mD:/git/github.com/pixlcrashr/vsfv/pkg/db/repository/accounts.go:127
[0m[33m[4.233ms] [34;1m[rows:1][0m INSERT INTO "accounts" ("id","organization_id","parent_account_id","display_name","display_code","display_description","is_container","is_archived") VALUES ('453c918c-4545-4695-ab5a-1005d339b76d','01428186-864f-4f2c-bdf1-a9c24729c217',NULL,'Account A','Account A','',false,false) RETURNING "updated_at","created_at"

2026/06/05 00:56:49 [32mD:/git/github.com/pixlcrashr/vsfv/pkg/db/repository/accounts.go:127
[0m[33m[3.752ms] [34;1m[rows:1][0m INSERT INTO "accounts" ("id","organization_id","parent_account_id","display_name","display_code","display_description","is_container","is_archived") VALUES ('ad4b363a-31dd-4a98-bd64-0588afa4d4ab','01428186-864f-4f2c-bdf1-a9c24729c217',NULL,'Account B','Account B','',false,false) RETURNING "updated_at","created_at"

2026/06/05 00:56:49 [32mD:/git/github.com/pixlcrashr/vsfv/pkg/db/repository/accounts.go:127
[0m[33m[3.131ms] [34;1m[rows:1][0m INSERT INTO "accounts" ("id","organization_id","parent_account_id","display_name","display_code","display_description","is_container","is_archived") VALUES ('ce04592d-7283-4062-b1cb-4997850a11e6','01428186-864f-4f2c-bdf1-a9c24729c217',NULL,'Account C','Account C','',false,false) RETURNING "updated_at","created_at"

2026/06/05 00:56:49 [32mD:/git/github.com/pixlcrashr/vsfv/pkg/db/repository/accounts.go:91
[0m[33m[1.056ms] [34;1m[rows:1][0m SELECT count(*) FROM "accounts"

2026/06/05 00:56:49 [32mD:/git/github.com/pixlcrashr/vsfv/pkg/db/repository/accounts.go:112
[0m[33m[1.055ms] [34;1m[rows:1][0m SELECT * FROM "accounts" ORDER BY created_at DESC LIMIT 1
[38;5;10m+[0m
2026/06/05 00:56:49 [32mD:/git/github.com/pixlcrashr/vsfv/pkg/db/repository/organizations.go:102
[0m[33m[3.140ms] [34;1m[rows:1][0m INSERT INTO "organizations" ("id","display_name") VALUES ('ae02a277-41e6-442b-b43e-4c2e12e78e03','Test Org for Accounts') RETURNING "updated_at","created_at"

2026/06/05 00:56:49 [32mD:/git/github.com/pixlcrashr/vsfv/pkg/db/repository/accounts.go:127
[0m[33m[3.752ms] [34;1m[rows:1][0m INSERT INTO "accounts" ("id","organization_id","parent_account_id","display_name","display_code","display_description","is_container","is_archived") VALUES ('ecfb95ce-d909-4d2c-a4a0-c912763fd858','ae02a277-41e6-442b-b43e-4c2e12e78e03',NULL,'Account A','Account A','',false,false) RETURNING "updated_at","created_at"

2026/06/05 00:56:49 [32mD:/git/github.com/pixlcrashr/vsfv/pkg/db/repository/accounts.go:127
[0m[33m[3.217ms] [34;1m[rows:1][0m INSERT INTO "accounts" ("id","organization_id","parent_account_id","display_name","display_code","display_description","is_container","is_archived") VALUES ('7e2fc5b1-6333-489e-93e5-bb07ef9d063b','ae02a277-41e6-442b-b43e-4c2e12e78e03',NULL,'Account B','Account B','',false,false) RETURNING "updated_at","created_at"

2026/06/05 00:56:49 [32mD:/git/github.com/pixlcrashr/vsfv/pkg/db/repository/accounts.go:127
[0m[33m[3.106ms] [34;1m[rows:1][0m INSERT INTO "accounts" ("id","organization_id","parent_account_id","display_name","display_code","display_description","is_container","is_archived") VALUES ('c4b1a120-c29a-46b2-994f-310aca901d00','ae02a277-41e6-442b-b43e-4c2e12e78e03',NULL,'Account C','Account C','',false,false) RETURNING "updated_at","created_at"

2026/06/05 00:56:49 [32mD:/git/github.com/pixlcrashr/vsfv/pkg/db/repository/accounts.go:91
[0m[33m[1.037ms] [34;1m[rows:1][0m SELECT count(*) FROM "accounts"

2026/06/05 00:56:49 [32mD:/git/github.com/pixlcrashr/vsfv/pkg/db/repository/accounts.go:112
[0m[33m[0.520ms] [34;1m[rows:2][0m SELECT * FROM "accounts" ORDER BY created_at DESC LIMIT 2

2026/06/05 00:56:49 [32mD:/git/github.com/pixlcrashr/vsfv/pkg/db/repository/accounts.go:91
[0m[33m[0.525ms] [34;1m[rows:1][0m SELECT count(*) FROM "accounts"

2026/06/05 00:56:49 [32mD:/git/github.com/pixlcrashr/vsfv/pkg/db/repository/accounts.go:112
[0m[33m[1.599ms] [34;1m[rows:2][0m SELECT * FROM "accounts" ORDER BY created_at DESC LIMIT 2 OFFSET 2

2026/06/05 00:56:49 [32mD:/git/github.com/pixlcrashr/vsfv/pkg/db/repository/accounts.go:91
[0m[33m[1.045ms] [34;1m[rows:1][0m SELECT count(*) FROM "accounts"

2026/06/05 00:56:49 [32mD:/git/github.com/pixlcrashr/vsfv/pkg/db/repository/accounts.go:112
[0m[33m[1.061ms] [34;1m[rows:2][0m SELECT * FROM "accounts" ORDER BY created_at DESC LIMIT 2 OFFSET 4

2026/06/05 00:56:49 [32mD:/git/github.com/pixlcrashr/vsfv/pkg/db/repository/accounts.go:91
[0m[33m[0.534ms] [34;1m[rows:1][0m SELECT count(*) FROM "accounts"

2026/06/05 00:56:49 [32mD:/git/github.com/pixlcrashr/vsfv/pkg/db/repository/accounts.go:112
[0m[33m[1.048ms] [34;1m[rows:2][0m SELECT * FROM "accounts" ORDER BY created_at DESC LIMIT 2 OFFSET 6

2026/06/05 00:56:49 [32mD:/git/github.com/pixlcrashr/vsfv/pkg/db/repository/accounts.go:91
[0m[33m[1.059ms] [34;1m[rows:1][0m SELECT count(*) FROM "accounts"

2026/06/05 00:56:49 [32mD:/git/github.com/pixlcrashr/vsfv/pkg/db/repository/accounts.go:112
[0m[33m[0.555ms] [34;1m[rows:2][0m SELECT * FROM "accounts" ORDER BY created_at DESC LIMIT 2 OFFSET 8

2026/06/05 00:56:49 [32mD:/git/github.com/pixlcrashr/vsfv/pkg/db/repository/accounts.go:91
[0m[33m[0.521ms] [34;1m[rows:1][0m SELECT count(*) FROM "accounts"

2026/06/05 00:56:49 [32mD:/git/github.com/pixlcrashr/vsfv/pkg/db/repository/accounts.go:112
[0m[33m[1.043ms] [34;1m[rows:2][0m SELECT * FROM "accounts" ORDER BY created_at DESC LIMIT 2 OFFSET 10

2026/06/05 00:56:49 [32mD:/git/github.com/pixlcrashr/vsfv/pkg/db/repository/accounts.go:91
[0m[33m[1.080ms] [34;1m[rows:1][0m SELECT count(*) FROM "accounts"

2026/06/05 00:56:49 [32mD:/git/github.com/pixlcrashr/vsfv/pkg/db/repository/accounts.go:112
[0m[33m[0.521ms] [34;1m[rows:2][0m SELECT * FROM "accounts" ORDER BY created_at DESC LIMIT 2 OFFSET 12

2026/06/05 00:56:49 [32mD:/git/github.com/pixlcrashr/vsfv/pkg/db/repository/accounts.go:91
[0m[33m[0.526ms] [34;1m[rows:1][0m SELECT count(*) FROM "accounts"

2026/06/05 00:56:49 [32mD:/git/github.com/pixlcrashr/vsfv/pkg/db/repository/accounts.go:112
[0m[33m[1.047ms] [34;1m[rows:1][0m SELECT * FROM "accounts" ORDER BY created_at DESC LIMIT 2 OFFSET 14
[38;5;10m+[0m
2026/06/05 00:56:49 [32mD:/git/github.com/pixlcrashr/vsfv/pkg/db/repository/organizations.go:102
[0m[33m[3.150ms] [34;1m[rows:1][0m INSERT INTO "organizations" ("id","display_name") VALUES ('e04a469b-d738-4aaf-a580-f510d6adf51d','Test Org for Accounts') RETURNING "updated_at","created_at"

2026/06/05 00:56:49 [32mD:/git/github.com/pixlcrashr/vsfv/pkg/db/repository/accounts.go:127
[0m[33m[4.223ms] [34;1m[rows:1][0m INSERT INTO "accounts" ("id","organization_id","parent_account_id","display_name","display_code","display_description","is_container","is_archived") VALUES ('878848f3-4346-4010-b54c-83490accdf9e','e04a469b-d738-4aaf-a580-f510d6adf51d',NULL,'Root Container','3000','',true,false) RETURNING "updated_at","created_at"

[38;5;243m------------------------------[0m
[38;5;9m+ [FAILED] [0.008 seconds][0m
[0mAccountService [38;5;9m[1mListNestedAccounts [BeforeEach] [0mreturns accounts in nested tree structure[0m
  [38;5;9m[BeforeEach][0m [38;5;243mD:/git/github.com/pixlcrashr/vsfv/test/grpc/accounts_test.go:192[0m
  [38;5;243m[It] D:/git/github.com/pixlcrashr/vsfv/test/grpc/accounts_test.go:216[0m

  [38;5;9m[FAILED] Unexpected error:
      <*status.Error | 0xc00008c4a0>: 
      rpc error: code = InvalidArgument desc = invalid parent_account
      {
          s: {
              s: {
                  state: {
                      NoUnkeyedLiterals: {},
                      DoNotCompare: [],
                      DoNotCopy: [],
                      atomicMessageInfo: nil,
                  },
                  sizeCache: 0,
                  unknownFields: nil,
                  Code: 3,
                  Message: "invalid parent_account",
                  Details: nil,
              },
          },
      }
  occurred[0m
  [38;5;9mIn [1m[BeforeEach][0m[38;5;9m at: [1mD:/git/github.com/pixlcrashr/vsfv/test/grpc/accounts_test.go:213[0m [38;5;243m@ 06/05/26 00:56:49.298[0m
[38;5;243m------------------------------[0m

2026/06/05 00:56:49 [32mD:/git/github.com/pixlcrashr/vsfv/pkg/db/repository/organizations.go:102
[0m[33m[3.736ms] [34;1m[rows:1][0m INSERT INTO "organizations" ("id","display_name") VALUES ('36640183-9584-404f-9eec-1afeb40be0b6','Test Org for Accounts') RETURNING "updated_at","created_at"

2026/06/05 00:56:49 [32mD:/git/github.com/pixlcrashr/vsfv/pkg/db/repository/accounts.go:127
[0m[33m[3.674ms] [34;1m[rows:1][0m INSERT INTO "accounts" ("id","organization_id","parent_account_id","display_name","display_code","display_description","is_container","is_archived") VALUES ('aff2f727-7e60-4b43-98e6-4c6abd24d0a1','36640183-9584-404f-9eec-1afeb40be0b6',NULL,'Nested Root','4000','',true,false) RETURNING "updated_at","created_at"
[38;5;9m+ [FAILED] [0.007 seconds][0m
[0mAccountService [38;5;9m[1mGetNestedAccount [BeforeEach] [0mretrieves account with its nested children[0m
  [38;5;9m[BeforeEach][0m [38;5;243mD:/git/github.com/pixlcrashr/vsfv/test/grpc/accounts_test.go:228[0m
  [38;5;243m[It] D:/git/github.com/pixlcrashr/vsfv/test/grpc/accounts_test.go:251[0m

  [38;5;9m[FAILED] Unexpected error:
      <*status.Error | 0xc00049e778>: 
      rpc error: code = InvalidArgument desc = invalid parent_account
      {
          s: {
              s: {
                  state: {
                      NoUnkeyedLiterals: {},
                      DoNotCompare: [],
                      DoNotCopy: [],
                      atomicMessageInfo: nil,
                  },
                  sizeCache: 0,
                  unknownFields: nil,
                  Code: 3,
                  Message: "invalid parent_account",
                  Details: nil,
              },
          },
      }
  occurred[0m
  [38;5;9mIn [1m[BeforeEach][0m[38;5;9m at: [1mD:/git/github.com/pixlcrashr/vsfv/test/grpc/accounts_test.go:248[0m [38;5;243m@ 06/05/26 00:56:49.306[0m
[38;5;243m------------------------------[0m

2026/06/05 00:56:49 [32mD:/git/github.com/pixlcrashr/vsfv/pkg/db/repository/organizations.go:102
[0m[33m[3.178ms] [34;1m[rows:1][0m INSERT INTO "organizations" ("id","display_name") VALUES ('d6aee857-878d-47ac-b0e3-5c87b31062d3','Test Org for Accounts') RETURNING "updated_at","created_at"

2026/06/05 00:56:49 [32mD:/git/github.com/pixlcrashr/vsfv/pkg/db/repository/accounts.go:127
[0m[33m[2.643ms] [34;1m[rows:1][0m INSERT INTO "accounts" ("id","organization_id","parent_account_id","display_name","display_code","display_description","is_container","is_archived") VALUES ('18e173a5-f3a8-42ae-8cc6-7c52bc339e80','d6aee857-878d-47ac-b0e3-5c87b31062d3',NULL,'Nested Root','4000','',true,false) RETURNING "updated_at","created_at"
[38;5;9m+ [FAILED] [0.007 seconds][0m
[0mAccountService [38;5;9m[1mGetNestedAccount [BeforeEach] [0mreturns NotFound for unknown account[0m
  [38;5;9m[BeforeEach][0m [38;5;243mD:/git/github.com/pixlcrashr/vsfv/test/grpc/accounts_test.go:228[0m
  [38;5;243m[It] D:/git/github.com/pixlcrashr/vsfv/test/grpc/accounts_test.go:260[0m

  [38;5;9m[FAILED] Unexpected error:
      <*status.Error | 0xc00008c1e0>: 
      rpc error: code = InvalidArgument desc = invalid parent_account
      {
          s: {
              s: {
                  state: {
                      NoUnkeyedLiterals: {},
                      DoNotCompare: [],
                      DoNotCopy: [],
                      atomicMessageInfo: nil,
                  },
                  sizeCache: 0,
                  unknownFields: nil,
                  Code: 3,
                  Message: "invalid parent_account",
                  Details: nil,
              },
          },
      }
  occurred[0m
  [38;5;9mIn [1m[BeforeEach][0m[38;5;9m at: [1mD:/git/github.com/pixlcrashr/vsfv/test/grpc/accounts_test.go:248[0m [38;5;243m@ 06/05/26 00:56:49.314[0m
[38;5;243m------------------------------[0m

2026/06/05 00:56:49 [32mD:/git/github.com/pixlcrashr/vsfv/pkg/db/repository/organizations.go:102
[0m[33m[3.793ms] [34;1m[rows:1][0m INSERT INTO "organizations" ("id","display_name") VALUES ('8fe623c4-31f2-4770-803d-9fe907b2d2ea','Test Org for Accounts') RETURNING "updated_at","created_at"

2026/06/05 00:56:49 [32mD:/git/github.com/pixlcrashr/vsfv/pkg/db/repository/accounts.go:127
[0m[33m[3.138ms] [34;1m[rows:1][0m INSERT INTO "accounts" ("id","organization_id","parent_account_id","display_name","display_code","display_description","is_container","is_archived") VALUES ('cc4101a2-133a-4806-b415-6136e2f4a020','8fe623c4-31f2-4770-803d-9fe907b2d2ea',NULL,'Before Update','5000','',false,false) RETURNING "updated_at","created_at"
[38;5;9m+ [FAILED] [0.007 seconds][0m
[0mAccountService [38;5;243mUpdateAccount [38;5;9m[1m[It] updates the display name and code[0m
[38;5;243mD:/git/github.com/pixlcrashr/vsfv/test/grpc/accounts_test.go:284[0m

  [38;5;9m[FAILED] Unexpected error:
      <*status.Error | 0xc00008c260>: 
      rpc error: code = InvalidArgument desc = invalid account name
      {
          s: {
              s: {
                  state: {
                      NoUnkeyedLiterals: {},
                      DoNotCompare: [],
                      DoNotCopy: [],
                      atomicMessageInfo: nil,
                  },
                  sizeCache: 0,
                  unknownFields: nil,
                  Code: 3,
                  Message: "invalid account name",
                  Details: nil,
              },
          },
      }
  occurred[0m
  [38;5;9mIn [1m[It][0m[38;5;9m at: [1mD:/git/github.com/pixlcrashr/vsfv/test/grpc/accounts_test.go:292[0m [38;5;243m@ 06/05/26 00:56:49.321[0m
[38;5;243m------------------------------[0m

2026/06/05 00:56:49 [32mD:/git/github.com/pixlcrashr/vsfv/pkg/db/repository/organizations.go:102
[0m[33m[3.175ms] [34;1m[rows:1][0m INSERT INTO "organizations" ("id","display_name") VALUES ('6768e6e5-96f1-411e-967d-6b8f8073de2c','Test Org for Accounts') RETURNING "updated_at","created_at"

2026/06/05 00:56:49 [32mD:/git/github.com/pixlcrashr/vsfv/pkg/db/repository/accounts.go:127
[0m[33m[3.137ms] [34;1m[rows:1][0m INSERT INTO "accounts" ("id","organization_id","parent_account_id","display_name","display_code","display_description","is_container","is_archived") VALUES ('663b7b6e-045f-4886-8230-fe9835e06255','6768e6e5-96f1-411e-967d-6b8f8073de2c',NULL,'Before Update','5000','',false,false) RETURNING "updated_at","created_at"

2026/06/05 00:56:49 [31;1mD:/git/github.com/pixlcrashr/vsfv/pkg/db/repository/accounts.go:122 [35;1mrecord not found
[0m[33m[1.049ms] [34;1m[rows:0][0m SELECT * FROM "accounts" WHERE "accounts"."id" = '00000000-0000-0000-0000-000000000000' ORDER BY "accounts"."id" LIMIT 1
[38;5;10m+[0m
2026/06/05 00:56:49 [32mD:/git/github.com/pixlcrashr/vsfv/pkg/db/repository/organizations.go:102
[0m[33m[3.763ms] [34;1m[rows:1][0m INSERT INTO "organizations" ("id","display_name") VALUES ('3b58b0c9-82af-4775-9e2e-c8fd97a18625','Test Org for Accounts') RETURNING "updated_at","created_at"

2026/06/05 00:56:49 [32mD:/git/github.com/pixlcrashr/vsfv/pkg/db/repository/accounts.go:127
[0m[33m[3.371ms] [34;1m[rows:1][0m INSERT INTO "accounts" ("id","organization_id","parent_account_id","display_name","display_code","display_description","is_container","is_archived") VALUES ('5feeb98a-222a-46f6-84ff-fa53a0bf8e3a','3b58b0c9-82af-4775-9e2e-c8fd97a18625',NULL,'Before Update','5000','',false,false) RETURNING "updated_at","created_at"
[38;5;10m+[0m
2026/06/05 00:56:49 [32mD:/git/github.com/pixlcrashr/vsfv/pkg/db/repository/organizations.go:102
[0m[33m[2.633ms] [34;1m[rows:1][0m INSERT INTO "organizations" ("id","display_name") VALUES ('433f2790-8ea4-40ef-bc1a-4dd264917826','Test Org for Accounts') RETURNING "updated_at","created_at"

2026/06/05 00:56:49 [32mD:/git/github.com/pixlcrashr/vsfv/pkg/db/repository/accounts.go:127
[0m[33m[2.635ms] [34;1m[rows:1][0m INSERT INTO "accounts" ("id","organization_id","parent_account_id","display_name","display_code","display_description","is_container","is_archived") VALUES ('11d5d229-87fd-4be1-ba4f-ba07ae842ac3','433f2790-8ea4-40ef-bc1a-4dd264917826',NULL,'To Archive','6000','',false,false) RETURNING "updated_at","created_at"

[38;5;243m------------------------------[0m
[38;5;9m+ [FAILED] [0.006 seconds][0m
[0mAccountService [38;5;243mArchiveAccount [38;5;9m[1m[It] archives the account (soft delete)[0m
[38;5;243mD:/git/github.com/pixlcrashr/vsfv/test/grpc/accounts_test.go:331[0m

  [38;5;9m[FAILED] Unexpected error:
      <*status.Error | 0xc00008c318>: 
      rpc error: code = InvalidArgument desc = invalid account name
      {
          s: {
              s: {
                  state: {
                      NoUnkeyedLiterals: {},
                      DoNotCompare: [],
                      DoNotCopy: [],
                      atomicMessageInfo: nil,
                  },
                  sizeCache: 0,
                  unknownFields: nil,
                  Code: 3,
                  Message: "invalid account name",
                  Details: nil,
              },
          },
      }
  occurred[0m
  [38;5;9mIn [1m[It][0m[38;5;9m at: [1mD:/git/github.com/pixlcrashr/vsfv/test/grpc/accounts_test.go:333[0m [38;5;243m@ 06/05/26 00:56:49.342[0m
[38;5;243m------------------------------[0m

2026/06/05 00:56:49 [32mD:/git/github.com/pixlcrashr/vsfv/pkg/db/repository/organizations.go:102
[0m[33m[2.611ms] [34;1m[rows:1][0m INSERT INTO "organizations" ("id","display_name") VALUES ('3c50f784-d0c3-440a-bf4f-2250c127a1ad','Test Org for Accounts') RETURNING "updated_at","created_at"

2026/06/05 00:56:49 [32mD:/git/github.com/pixlcrashr/vsfv/pkg/db/repository/accounts.go:127
[0m[33m[3.214ms] [34;1m[rows:1][0m INSERT INTO "accounts" ("id","organization_id","parent_account_id","display_name","display_code","display_description","is_container","is_archived") VALUES ('750d9bdb-0a5c-45c1-bd10-4b150c7f6cab','3c50f784-d0c3-440a-bf4f-2250c127a1ad',NULL,'To Archive','6000','',false,false) RETURNING "updated_at","created_at"

2026/06/05 00:56:49 [31;1mD:/git/github.com/pixlcrashr/vsfv/pkg/db/repository/accounts.go:122 [35;1mrecord not found
[0m[33m[1.050ms] [34;1m[rows:0][0m SELECT * FROM "accounts" WHERE "accounts"."id" = '00000000-0000-0000-0000-000000000000' ORDER BY "accounts"."id" LIMIT 1
[38;5;10m+[0m
2026/06/05 00:56:49 [32mD:/git/github.com/pixlcrashr/vsfv/pkg/db/repository/organizations.go:102
[0m[33m[3.175ms] [34;1m[rows:1][0m INSERT INTO "organizations" ("id","display_name") VALUES ('f508decf-c799-43a2-be19-b24aa1549f31','Test Org for Accounts') RETURNING "updated_at","created_at"

2026/06/05 00:56:49 [32mD:/git/github.com/pixlcrashr/vsfv/pkg/db/repository/accounts.go:127
[0m[33m[2.644ms] [34;1m[rows:1][0m INSERT INTO "accounts" ("id","organization_id","parent_account_id","display_name","display_code","display_description","is_container","is_archived") VALUES ('8bcc18e1-acf4-4304-8e5f-cc52186fe790','f508decf-c799-43a2-be19-b24aa1549f31',NULL,'To Delete','7000','',false,false) RETURNING "updated_at","created_at"

[38;5;243m------------------------------[0m
[38;5;9m+ [FAILED] [0.007 seconds][0m
[0mAccountService [38;5;243mDeleteAccount [38;5;9m[1m[It] permanently deletes the account[0m
[38;5;243mD:/git/github.com/pixlcrashr/vsfv/test/grpc/accounts_test.go:366[0m

  [38;5;9m[FAILED] Unexpected error:
      <*status.Error | 0xc00008c3d8>: 
      rpc error: code = InvalidArgument desc = invalid account name
      {
          s: {
              s: {
                  state: {
                      NoUnkeyedLiterals: {},
                      DoNotCompare: [],
                      DoNotCopy: [],
                      atomicMessageInfo: nil,
                  },
                  sizeCache: 0,
                  unknownFields: nil,
                  Code: 3,
                  Message: "invalid account name",
                  Details: nil,
              },
          },
      }
  occurred[0m
  [38;5;9mIn [1m[It][0m[38;5;9m at: [1mD:/git/github.com/pixlcrashr/vsfv/test/grpc/accounts_test.go:368[0m [38;5;243m@ 06/05/26 00:56:49.356[0m
[38;5;243m------------------------------[0m

2026/06/05 00:56:49 [32mD:/git/github.com/pixlcrashr/vsfv/pkg/db/repository/organizations.go:102
[0m[33m[2.630ms] [34;1m[rows:1][0m INSERT INTO "organizations" ("id","display_name") VALUES ('3fa2b7ce-f43e-4779-b7f8-3c4f5705ca9e','Test Org for Accounts') RETURNING "updated_at","created_at"

2026/06/05 00:56:49 [32mD:/git/github.com/pixlcrashr/vsfv/pkg/db/repository/accounts.go:127
[0m[33m[3.189ms] [34;1m[rows:1][0m INSERT INTO "accounts" ("id","organization_id","parent_account_id","display_name","display_code","display_description","is_container","is_archived") VALUES ('3d602710-27c5-4129-9a17-236f87f0a1ff','3fa2b7ce-f43e-4779-b7f8-3c4f5705ca9e',NULL,'To Delete','7000','',false,false) RETURNING "updated_at","created_at"

2026/06/05 00:56:49 [32mD:/git/github.com/pixlcrashr/vsfv/pkg/db/repository/accounts.go:138
[0m[33m[3.715ms] [34;1m[rows:0][0m DELETE FROM "accounts" WHERE "accounts"."id" = '00000000-0000-0000-0000-000000000000'
[38;5;9m+ [FAILED] [0.010 seconds][0m
[0mAccountService [38;5;243mDeleteAccount [38;5;9m[1m[It] returns NotFound when deleting a non-existent account[0m
[38;5;243mD:/git/github.com/pixlcrashr/vsfv/test/grpc/accounts_test.go:375[0m

  [38;5;9m[FAILED] Expected an error to have occurred.  Got:
      <nil>: nil[0m
  [38;5;9mIn [1m[It][0m[38;5;9m at: [1mD:/git/github.com/pixlcrashr/vsfv/test/grpc/accounts_test.go:379[0m [38;5;243m@ 06/05/26 00:56:49.365[0m
[38;5;243m------------------------------[0m

2026/06/05 00:56:49 [32mD:/git/github.com/pixlcrashr/vsfv/pkg/db/repository/organizations.go:102
[0m[33m[3.135ms] [34;1m[rows:1][0m INSERT INTO "organizations" ("id","display_name") VALUES ('7f054846-4f5f-4318-9053-0c1347de9222','Test Org for Accounts') RETURNING "updated_at","created_at"

2026/06/05 00:56:49 [32mD:/git/github.com/pixlcrashr/vsfv/pkg/db/repository/accounts.go:127
[0m[33m[3.141ms] [34;1m[rows:1][0m INSERT INTO "accounts" ("id","organization_id","parent_account_id","display_name","display_code","display_description","is_container","is_archived") VALUES ('c5bc2c77-1360-442c-bd9d-50988f11f063','7f054846-4f5f-4318-9053-0c1347de9222',NULL,'To Delete','7000','',false,false) RETURNING "updated_at","created_at"
[38;5;10m+[0m
2026/06/05 00:56:49 [32mD:/git/github.com/pixlcrashr/vsfv/pkg/db/repository/organizations.go:102
[0m[33m[2.612ms] [34;1m[rows:1][0m INSERT INTO "organizations" ("id","display_name") VALUES ('1183d368-03c9-47e9-af23-5b88dd2a5c8f','Test Org for Budgets') RETURNING "updated_at","created_at"

2026/06/05 00:56:49 [32mD:/git/github.com/pixlcrashr/vsfv/pkg/db/repository/budgets.go:122
[0m[33m[3.739ms] [34;1m[rows:1][0m INSERT INTO "budgets" ("id","organization_id","display_name","display_description","is_closed","period_start","period_end") VALUES ('a24ba2cd-71af-46a2-932c-9f13d2bd1f93','1183d368-03c9-47e9-af23-5b88dd2a5c8f','Test Budget 2024','Annual budget for testing',false,'2024-01-01 00:00:00','2024-12-31 00:00:00') RETURNING "updated_at","created_at"
[38;5;10m+[0m
2026/06/05 00:56:49 [32mD:/git/github.com/pixlcrashr/vsfv/pkg/db/repository/organizations.go:102
[0m[33m[3.165ms] [34;1m[rows:1][0m INSERT INTO "organizations" ("id","display_name") VALUES ('c647be84-53bc-4c5e-a98d-abe6d7c36f34','Test Org for Budgets') RETURNING "updated_at","created_at"

2026/06/05 00:56:49 [32mD:/git/github.com/pixlcrashr/vsfv/pkg/db/repository/budgets.go:122
[0m[33m[3.126ms] [34;1m[rows:1][0m INSERT INTO "budgets" ("id","organization_id","display_name","display_description","is_closed","period_start","period_end") VALUES ('dd2c9ccf-8fed-44b1-ad5a-3eb71fc8f806','c647be84-53bc-4c5e-a98d-abe6d7c36f34','Simple Budget','',false,'0000-00-00 00:00:00','0000-00-00 00:00:00') RETURNING "updated_at","created_at"
[38;5;10m+[0m
2026/06/05 00:56:49 [32mD:/git/github.com/pixlcrashr/vsfv/pkg/db/repository/organizations.go:102
[0m[33m[3.013ms] [34;1m[rows:1][0m INSERT INTO "organizations" ("id","display_name") VALUES ('c53698b1-b86f-48a2-b945-ffed732890bc','Test Org for Budgets') RETURNING "updated_at","created_at"
[38;5;10m+[0m
2026/06/05 00:56:49 [32mD:/git/github.com/pixlcrashr/vsfv/pkg/db/repository/organizations.go:102
[0m[33m[2.635ms] [34;1m[rows:1][0m INSERT INTO "organizations" ("id","display_name") VALUES ('2579d085-e671-46df-a8e3-35f99e8508d1','Test Org for Budgets') RETURNING "updated_at","created_at"

2026/06/05 00:56:49 [32mD:/git/github.com/pixlcrashr/vsfv/pkg/db/repository/budgets.go:122
[0m[33m[2.619ms] [34;1m[rows:1][0m INSERT INTO "budgets" ("id","organization_id","display_name","display_description","is_closed","period_start","period_end") VALUES ('1ff251d9-f5c2-45be-8719-de64a88f56de','2579d085-e671-46df-a8e3-35f99e8508d1','Get Budget','',false,'2024-06-01 00:00:00','2024-06-30 00:00:00') RETURNING "updated_at","created_at"

[38;5;243m------------------------------[0m
[38;5;9m+ [FAILED] [0.006 seconds][0m
[0mBudgetService [38;5;243mGetBudget [38;5;9m[1m[It] retrieves the budget by resource name[0m
[38;5;243mD:/git/github.com/pixlcrashr/vsfv/test/grpc/budgets_test.go:85[0m

  [38;5;9m[FAILED] Unexpected error:
      <*status.Error | 0xc00049e150>: 
      rpc error: code = InvalidArgument desc = invalid budget name
      {
          s: {
              s: {
                  state: {
                      NoUnkeyedLiterals: {},
                      DoNotCompare: [],
                      DoNotCopy: [],
                      atomicMessageInfo: nil,
                  },
                  sizeCache: 0,
                  unknownFields: nil,
                  Code: 3,
                  Message: "invalid budget name",
                  Details: nil,
              },
          },
      }
  occurred[0m
  [38;5;9mIn [1m[It][0m[38;5;9m at: [1mD:/git/github.com/pixlcrashr/vsfv/test/grpc/budgets_test.go:87[0m [38;5;243m@ 06/05/26 00:56:49.395[0m
[38;5;243m------------------------------[0m

2026/06/05 00:56:49 [32mD:/git/github.com/pixlcrashr/vsfv/pkg/db/repository/organizations.go:102
[0m[33m[3.174ms] [34;1m[rows:1][0m INSERT INTO "organizations" ("id","display_name") VALUES ('56fb7fa6-58a3-4b9b-bbd2-999e2157117a','Test Org for Budgets') RETURNING "updated_at","created_at"

2026/06/05 00:56:49 [32mD:/git/github.com/pixlcrashr/vsfv/pkg/db/repository/budgets.go:122
[0m[33m[3.145ms] [34;1m[rows:1][0m INSERT INTO "budgets" ("id","organization_id","display_name","display_description","is_closed","period_start","period_end") VALUES ('7705498f-91ac-4876-aef8-5b7e9ee446e2','56fb7fa6-58a3-4b9b-bbd2-999e2157117a','Get Budget','',false,'2024-06-01 00:00:00','2024-06-30 00:00:00') RETURNING "updated_at","created_at"

2026/06/05 00:56:49 [31;1mD:/git/github.com/pixlcrashr/vsfv/pkg/db/repository/budgets.go:117 [35;1mrecord not found
[0m[33m[1.577ms] [34;1m[rows:0][0m SELECT * FROM "budgets" WHERE "budgets"."id" = '00000000-0000-0000-0000-000000000000' ORDER BY "budgets"."id" LIMIT 1
[38;5;10m+[0m
2026/06/05 00:56:49 [32mD:/git/github.com/pixlcrashr/vsfv/pkg/db/repository/organizations.go:102
[0m[33m[3.177ms] [34;1m[rows:1][0m INSERT INTO "organizations" ("id","display_name") VALUES ('6f411342-fe1d-4ca2-8c36-ca1365eaa53d','Test Org for Budgets') RETURNING "updated_at","created_at"

2026/06/05 00:56:49 [32mD:/git/github.com/pixlcrashr/vsfv/pkg/db/repository/budgets.go:122
[0m[33m[3.096ms] [34;1m[rows:1][0m INSERT INTO "budgets" ("id","organization_id","display_name","display_description","is_closed","period_start","period_end") VALUES ('7903af13-963d-40c6-8325-4b6ec02fdd4c','6f411342-fe1d-4ca2-8c36-ca1365eaa53d','Get Budget','',false,'2024-06-01 00:00:00','2024-06-30 00:00:00') RETURNING "updated_at","created_at"
[38;5;10m+[0m
2026/06/05 00:56:49 [32mD:/git/github.com/pixlcrashr/vsfv/pkg/db/repository/organizations.go:102
[0m[33m[3.256ms] [34;1m[rows:1][0m INSERT INTO "organizations" ("id","display_name") VALUES ('d0e4ac73-9fcd-4733-8b87-5a993ffa876a','Test Org for Budgets') RETURNING "updated_at","created_at"

2026/06/05 00:56:49 [32mD:/git/github.com/pixlcrashr/vsfv/pkg/db/repository/budgets.go:122
[0m[33m[3.642ms] [34;1m[rows:1][0m INSERT INTO "budgets" ("id","organization_id","display_name","display_description","is_closed","period_start","period_end") VALUES ('807d3e7f-8df7-4580-8375-50a4c5ea6b0d','d0e4ac73-9fcd-4733-8b87-5a993ffa876a','Budget A','',false,'2024-01-01 00:00:00','0000-00-00 00:00:00') RETURNING "updated_at","created_at"

2026/06/05 00:56:49 [32mD:/git/github.com/pixlcrashr/vsfv/pkg/db/repository/budgets.go:122
[0m[33m[2.620ms] [34;1m[rows:1][0m INSERT INTO "budgets" ("id","organization_id","display_name","display_description","is_closed","period_start","period_end") VALUES ('aa327fae-b212-4408-a719-4b172e2a2b4b','d0e4ac73-9fcd-4733-8b87-5a993ffa876a','Budget B','',false,'2024-01-01 00:00:00','0000-00-00 00:00:00') RETURNING "updated_at","created_at"

2026/06/05 00:56:49 [32mD:/git/github.com/pixlcrashr/vsfv/pkg/db/repository/budgets.go:122
[0m[33m[3.192ms] [34;1m[rows:1][0m INSERT INTO "budgets" ("id","organization_id","display_name","display_description","is_closed","period_start","period_end") VALUES ('416396cb-538b-4c87-b51d-fa7cc13d5048','d0e4ac73-9fcd-4733-8b87-5a993ffa876a','Budget C','',false,'2024-01-01 00:00:00','0000-00-00 00:00:00') RETURNING "updated_at","created_at"

2026/06/05 00:56:49 [32mD:/git/github.com/pixlcrashr/vsfv/pkg/db/repository/budgets.go:86
[0m[33m[1.555ms] [34;1m[rows:1][0m SELECT count(*) FROM "budgets"

2026/06/05 00:56:49 [32mD:/git/github.com/pixlcrashr/vsfv/pkg/db/repository/budgets.go:107
[0m[33m[1.555ms] [34;1m[rows:8][0m SELECT * FROM "budgets" ORDER BY period_start DESC LIMIT 100
[38;5;10m+[0m
2026/06/05 00:56:49 [32mD:/git/github.com/pixlcrashr/vsfv/pkg/db/repository/organizations.go:102
[0m[33m[2.649ms] [34;1m[rows:1][0m INSERT INTO "organizations" ("id","display_name") VALUES ('7d5f6de3-bab8-41aa-bfab-63c45f75f0fe','Test Org for Budgets') RETURNING "updated_at","created_at"

2026/06/05 00:56:49 [32mD:/git/github.com/pixlcrashr/vsfv/pkg/db/repository/budgets.go:122
[0m[33m[3.180ms] [34;1m[rows:1][0m INSERT INTO "budgets" ("id","organization_id","display_name","display_description","is_closed","period_start","period_end") VALUES ('a1efb26f-7be6-4b77-a88e-c2ccec7914a5','7d5f6de3-bab8-41aa-bfab-63c45f75f0fe','Budget A','',false,'2024-01-01 00:00:00','0000-00-00 00:00:00') RETURNING "updated_at","created_at"

2026/06/05 00:56:49 [32mD:/git/github.com/pixlcrashr/vsfv/pkg/db/repository/budgets.go:122
[0m[33m[3.221ms] [34;1m[rows:1][0m INSERT INTO "budgets" ("id","organization_id","display_name","display_description","is_closed","period_start","period_end") VALUES ('66d17c7a-69bc-40f7-9340-eb4fc702ede5','7d5f6de3-bab8-41aa-bfab-63c45f75f0fe','Budget B','',false,'2024-01-01 00:00:00','0000-00-00 00:00:00') RETURNING "updated_at","created_at"

2026/06/05 00:56:49 [32mD:/git/github.com/pixlcrashr/vsfv/pkg/db/repository/budgets.go:122
[0m[33m[2.632ms] [34;1m[rows:1][0m INSERT INTO "budgets" ("id","organization_id","display_name","display_description","is_closed","period_start","period_end") VALUES ('4492117f-9d23-4806-b595-e2cc2cfa4bf0','7d5f6de3-bab8-41aa-bfab-63c45f75f0fe','Budget C','',false,'2024-01-01 00:00:00','0000-00-00 00:00:00') RETURNING "updated_at","created_at"

2026/06/05 00:56:49 [32mD:/git/github.com/pixlcrashr/vsfv/pkg/db/repository/budgets.go:86
[0m[33m[0.520ms] [34;1m[rows:1][0m SELECT count(*) FROM "budgets"

2026/06/05 00:56:49 [32mD:/git/github.com/pixlcrashr/vsfv/pkg/db/repository/budgets.go:107
[0m[33m[1.045ms] [34;1m[rows:1][0m SELECT * FROM "budgets" ORDER BY period_start DESC LIMIT 1
[38;5;10m+[0m
2026/06/05 00:56:49 [32mD:/git/github.com/pixlcrashr/vsfv/pkg/db/repository/organizations.go:102
[0m[33m[3.142ms] [34;1m[rows:1][0m INSERT INTO "organizations" ("id","display_name") VALUES ('0cf96872-8027-4bf4-83b3-144bc07cd88f','Test Org for Budgets') RETURNING "updated_at","created_at"

2026/06/05 00:56:49 [32mD:/git/github.com/pixlcrashr/vsfv/pkg/db/repository/budgets.go:122
[0m[33m[3.714ms] [34;1m[rows:1][0m INSERT INTO "budgets" ("id","organization_id","display_name","display_description","is_closed","period_start","period_end") VALUES ('1cbf2716-1911-4b07-9b76-92f9375943ce','0cf96872-8027-4bf4-83b3-144bc07cd88f','Budget A','',false,'2024-01-01 00:00:00','0000-00-00 00:00:00') RETURNING "updated_at","created_at"

2026/06/05 00:56:49 [32mD:/git/github.com/pixlcrashr/vsfv/pkg/db/repository/budgets.go:122
[0m[33m[3.140ms] [34;1m[rows:1][0m INSERT INTO "budgets" ("id","organization_id","display_name","display_description","is_closed","period_start","period_end") VALUES ('49d78a47-e1af-47a6-a39b-c71ab34b8de4','0cf96872-8027-4bf4-83b3-144bc07cd88f','Budget B','',false,'2024-01-01 00:00:00','0000-00-00 00:00:00') RETURNING "updated_at","created_at"

2026/06/05 00:56:49 [32mD:/git/github.com/pixlcrashr/vsfv/pkg/db/repository/budgets.go:122
[0m[33m[3.223ms] [34;1m[rows:1][0m INSERT INTO "budgets" ("id","organization_id","display_name","display_description","is_closed","period_start","period_end") VALUES ('6944d30a-ccab-4431-a759-b6fc9019bcbc','0cf96872-8027-4bf4-83b3-144bc07cd88f','Budget C','',false,'2024-01-01 00:00:00','0000-00-00 00:00:00') RETURNING "updated_at","created_at"

2026/06/05 00:56:49 [32mD:/git/github.com/pixlcrashr/vsfv/pkg/db/repository/budgets.go:86
[0m[33m[0.520ms] [34;1m[rows:1][0m SELECT count(*) FROM "budgets"

2026/06/05 00:56:49 [32mD:/git/github.com/pixlcrashr/vsfv/pkg/db/repository/budgets.go:107
[0m[33m[1.061ms] [34;1m[rows:2][0m SELECT * FROM "budgets" ORDER BY period_start DESC LIMIT 2

2026/06/05 00:56:49 [32mD:/git/github.com/pixlcrashr/vsfv/pkg/db/repository/budgets.go:86
[0m[33m[1.044ms] [34;1m[rows:1][0m SELECT count(*) FROM "budgets"

2026/06/05 00:56:49 [32mD:/git/github.com/pixlcrashr/vsfv/pkg/db/repository/budgets.go:107
[0m[33m[1.599ms] [34;1m[rows:2][0m SELECT * FROM "budgets" ORDER BY period_start DESC LIMIT 2 OFFSET 2

2026/06/05 00:56:49 [32mD:/git/github.com/pixlcrashr/vsfv/pkg/db/repository/budgets.go:86
[0m[33m[0.534ms] [34;1m[rows:1][0m SELECT count(*) FROM "budgets"

2026/06/05 00:56:49 [32mD:/git/github.com/pixlcrashr/vsfv/pkg/db/repository/budgets.go:107
[0m[33m[1.058ms] [34;1m[rows:2][0m SELECT * FROM "budgets" ORDER BY period_start DESC LIMIT 2 OFFSET 4

2026/06/05 00:56:49 [32mD:/git/github.com/pixlcrashr/vsfv/pkg/db/repository/budgets.go:86
[0m[33m[1.042ms] [34;1m[rows:1][0m SELECT count(*) FROM "budgets"

2026/06/05 00:56:49 [32mD:/git/github.com/pixlcrashr/vsfv/pkg/db/repository/budgets.go:107
[0m[33m[0.521ms] [34;1m[rows:2][0m SELECT * FROM "budgets" ORDER BY period_start DESC LIMIT 2 OFFSET 6

2026/06/05 00:56:49 [32mD:/git/github.com/pixlcrashr/vsfv/pkg/db/repository/budgets.go:86
[0m[33m[0.523ms] [34;1m[rows:1][0m SELECT count(*) FROM "budgets"

2026/06/05 00:56:49 [32mD:/git/github.com/pixlcrashr/vsfv/pkg/db/repository/budgets.go:107
[0m[33m[1.589ms] [34;1m[rows:2][0m SELECT * FROM "budgets" ORDER BY period_start DESC LIMIT 2 OFFSET 8

2026/06/05 00:56:49 [32mD:/git/github.com/pixlcrashr/vsfv/pkg/db/repository/budgets.go:86
[0m[33m[1.071ms] [34;1m[rows:1][0m SELECT count(*) FROM "budgets"

2026/06/05 00:56:49 [32mD:/git/github.com/pixlcrashr/vsfv/pkg/db/repository/budgets.go:107
[0m[33m[0.516ms] [34;1m[rows:2][0m SELECT * FROM "budgets" ORDER BY period_start DESC LIMIT 2 OFFSET 10

2026/06/05 00:56:49 [32mD:/git/github.com/pixlcrashr/vsfv/pkg/db/repository/budgets.go:86
[0m[33m[0.578ms] [34;1m[rows:1][0m SELECT count(*) FROM "budgets"

2026/06/05 00:56:49 [32mD:/git/github.com/pixlcrashr/vsfv/pkg/db/repository/budgets.go:107
[0m[33m[1.077ms] [34;1m[rows:2][0m SELECT * FROM "budgets" ORDER BY period_start DESC LIMIT 2 OFFSET 12
[38;5;10m+[0m
2026/06/05 00:56:49 [32mD:/git/github.com/pixlcrashr/vsfv/pkg/db/repository/organizations.go:102
[0m[33m[3.161ms] [34;1m[rows:1][0m INSERT INTO "organizations" ("id","display_name") VALUES ('6cfa6e23-e8bf-4611-9a77-9d0d03814955','Test Org for Budgets') RETURNING "updated_at","created_at"

2026/06/05 00:56:49 [32mD:/git/github.com/pixlcrashr/vsfv/pkg/db/repository/budgets.go:122
[0m[33m[2.631ms] [34;1m[rows:1][0m INSERT INTO "budgets" ("id","organization_id","display_name","display_description","is_closed","period_start","period_end") VALUES ('ba2092f4-ae52-498c-bbbe-fb9115198213','6cfa6e23-e8bf-4611-9a77-9d0d03814955','Before Update','',false,'2024-01-01 00:00:00','2024-06-30 00:00:00') RETURNING "updated_at","created_at"

[38;5;243m------------------------------[0m
[38;5;9m+ [FAILED] [0.006 seconds][0m
[0mBudgetService [38;5;243mUpdateBudget [38;5;9m[1m[It] updates the display name and period[0m
[38;5;243mD:/git/github.com/pixlcrashr/vsfv/test/grpc/budgets_test.go:180[0m

  [38;5;9m[FAILED] Unexpected error:
      <*status.Error | 0xc000120c60>: 
      rpc error: code = InvalidArgument desc = invalid budget name
      {
          s: {
              s: {
                  state: {
                      NoUnkeyedLiterals: {},
                      DoNotCompare: [],
                      DoNotCopy: [],
                      atomicMessageInfo: nil,
                  },
                  sizeCache: 0,
                  unknownFields: nil,
                  Code: 3,
                  Message: "invalid budget name",
                  Details: nil,
              },
          },
      }
  occurred[0m
  [38;5;9mIn [1m[It][0m[38;5;9m at: [1mD:/git/github.com/pixlcrashr/vsfv/test/grpc/budgets_test.go:189[0m [38;5;243m@ 06/05/26 00:56:49.476[0m
[38;5;243m------------------------------[0m

2026/06/05 00:56:49 [32mD:/git/github.com/pixlcrashr/vsfv/pkg/db/repository/organizations.go:102
[0m[33m[2.655ms] [34;1m[rows:1][0m INSERT INTO "organizations" ("id","display_name") VALUES ('f2b50b92-8f78-4bbc-8f51-e0a07db05b35','Test Org for Budgets') RETURNING "updated_at","created_at"

2026/06/05 00:56:49 [32mD:/git/github.com/pixlcrashr/vsfv/pkg/db/repository/budgets.go:122
[0m[33m[3.718ms] [34;1m[rows:1][0m INSERT INTO "budgets" ("id","organization_id","display_name","display_description","is_closed","period_start","period_end") VALUES ('81765666-8089-46a4-b235-516ef27a1df0','f2b50b92-8f78-4bbc-8f51-e0a07db05b35','Before Update','',false,'2024-01-01 00:00:00','2024-06-30 00:00:00') RETURNING "updated_at","created_at"

2026/06/05 00:56:49 [31;1mD:/git/github.com/pixlcrashr/vsfv/pkg/db/repository/budgets.go:117 [35;1mrecord not found
[0m[33m[1.601ms] [34;1m[rows:0][0m SELECT * FROM "budgets" WHERE "budgets"."id" = '00000000-0000-0000-0000-000000000000' ORDER BY "budgets"."id" LIMIT 1
[38;5;10m+[0m
2026/06/05 00:56:49 [32mD:/git/github.com/pixlcrashr/vsfv/pkg/db/repository/organizations.go:102
[0m[33m[3.158ms] [34;1m[rows:1][0m INSERT INTO "organizations" ("id","display_name") VALUES ('3df1cb13-739c-484f-87d1-e516693797cd','Test Org for Budgets') RETURNING "updated_at","created_at"

2026/06/05 00:56:49 [32mD:/git/github.com/pixlcrashr/vsfv/pkg/db/repository/budgets.go:122
[0m[33m[3.163ms] [34;1m[rows:1][0m INSERT INTO "budgets" ("id","organization_id","display_name","display_description","is_closed","period_start","period_end") VALUES ('bcf9de53-7894-4a6c-98be-dcf3da0fde03','3df1cb13-739c-484f-87d1-e516693797cd','Before Update','',false,'2024-01-01 00:00:00','2024-06-30 00:00:00') RETURNING "updated_at","created_at"
[38;5;10m+[0m
2026/06/05 00:56:49 [32mD:/git/github.com/pixlcrashr/vsfv/pkg/db/repository/organizations.go:102
[0m[33m[2.619ms] [34;1m[rows:1][0m INSERT INTO "organizations" ("id","display_name") VALUES ('eeb802d7-bbb3-4342-8c15-968a89d09a39','Test Org for Budgets') RETURNING "updated_at","created_at"

2026/06/05 00:56:49 [32mD:/git/github.com/pixlcrashr/vsfv/pkg/db/repository/budgets.go:122
[0m[33m[3.713ms] [34;1m[rows:1][0m INSERT INTO "budgets" ("id","organization_id","display_name","display_description","is_closed","period_start","period_end") VALUES ('3444b120-8815-4a5e-98ef-15685d60c29c','eeb802d7-bbb3-4342-8c15-968a89d09a39','To Close','',false,'2024-01-01 00:00:00','0000-00-00 00:00:00') RETURNING "updated_at","created_at"

[38;5;243m------------------------------[0m
[38;5;9m+ [FAILED] [0.007 seconds][0m
[0mBudgetService [38;5;243mCloseBudget [38;5;9m[1m[It] closes the budget[0m
[38;5;243mD:/git/github.com/pixlcrashr/vsfv/test/grpc/budgets_test.go:227[0m

  [38;5;9m[FAILED] Unexpected error:
      <*status.Error | 0xc00049e498>: 
      rpc error: code = InvalidArgument desc = invalid budget name
      {
          s: {
              s: {
                  state: {
                      NoUnkeyedLiterals: {},
                      DoNotCompare: [],
                      DoNotCopy: [],
                      atomicMessageInfo: nil,
                  },
                  sizeCache: 0,
                  unknownFields: nil,
                  Code: 3,
                  Message: "invalid budget name",
                  Details: nil,
              },
          },
      }
  occurred[0m
  [38;5;9mIn [1m[It][0m[38;5;9m at: [1mD:/git/github.com/pixlcrashr/vsfv/test/grpc/budgets_test.go:229[0m [38;5;243m@ 06/05/26 00:56:49.498[0m
[38;5;243m------------------------------[0m

2026/06/05 00:56:49 [32mD:/git/github.com/pixlcrashr/vsfv/pkg/db/repository/organizations.go:102
[0m[33m[3.167ms] [34;1m[rows:1][0m INSERT INTO "organizations" ("id","display_name") VALUES ('a94663ef-5eec-4c75-8b91-c215d3830d4c','Test Org for Budgets') RETURNING "updated_at","created_at"

2026/06/05 00:56:49 [32mD:/git/github.com/pixlcrashr/vsfv/pkg/db/repository/budgets.go:122
[0m[33m[3.345ms] [34;1m[rows:1][0m INSERT INTO "budgets" ("id","organization_id","display_name","display_description","is_closed","period_start","period_end") VALUES ('d035173b-bbcf-4ca7-91ad-00ae4011df1c','a94663ef-5eec-4c75-8b91-c215d3830d4c','To Close','',false,'2024-01-01 00:00:00','0000-00-00 00:00:00') RETURNING "updated_at","created_at"

2026/06/05 00:56:49 [31;1mD:/git/github.com/pixlcrashr/vsfv/pkg/db/repository/budgets.go:117 [35;1mrecord not found
[0m[33m[0.520ms] [34;1m[rows:0][0m SELECT * FROM "budgets" WHERE "budgets"."id" = '00000000-0000-0000-0000-000000000000' ORDER BY "budgets"."id" LIMIT 1
[38;5;10m+[0m
2026/06/05 00:56:49 [32mD:/git/github.com/pixlcrashr/vsfv/pkg/db/repository/organizations.go:102
[0m[33m[2.631ms] [34;1m[rows:1][0m INSERT INTO "organizations" ("id","display_name") VALUES ('8e7eca0e-6418-458b-9d7a-b50d859c5790','Test Org for Budgets') RETURNING "updated_at","created_at"

2026/06/05 00:56:49 [32mD:/git/github.com/pixlcrashr/vsfv/pkg/db/repository/budgets.go:122
[0m[33m[2.610ms] [34;1m[rows:1][0m INSERT INTO "budgets" ("id","organization_id","display_name","display_description","is_closed","period_start","period_end") VALUES ('7ea3857c-de9b-4834-b088-3a4bd34aac97','8e7eca0e-6418-458b-9d7a-b50d859c5790','To Close','',false,'2024-01-01 00:00:00','0000-00-00 00:00:00') RETURNING "updated_at","created_at"
[38;5;10m+[0m
2026/06/05 00:56:49 [32mD:/git/github.com/pixlcrashr/vsfv/pkg/db/repository/organizations.go:102
[0m[33m[3.720ms] [34;1m[rows:1][0m INSERT INTO "organizations" ("id","display_name") VALUES ('b3b49f06-3baa-4288-94ac-41c64eeae46d','Test Org for Budgets') RETURNING "updated_at","created_at"

2026/06/05 00:56:49 [32mD:/git/github.com/pixlcrashr/vsfv/pkg/db/repository/budgets.go:122
[0m[33m[2.608ms] [34;1m[rows:1][0m INSERT INTO "budgets" ("id","organization_id","display_name","display_description","is_closed","period_start","period_end") VALUES ('5279ed75-b624-4d5f-9fad-caaeab248ca7','b3b49f06-3baa-4288-94ac-41c64eeae46d','To Delete','',false,'2024-01-01 00:00:00','0000-00-00 00:00:00') RETURNING "updated_at","created_at"

[38;5;243m------------------------------[0m
[38;5;9m+ [FAILED] [0.007 seconds][0m
[0mBudgetService [38;5;243mDeleteBudget [38;5;9m[1m[It] permanently deletes the budget[0m
[38;5;243mD:/git/github.com/pixlcrashr/vsfv/test/grpc/budgets_test.go:268[0m

  [38;5;9m[FAILED] Unexpected error:
      <*status.Error | 0xc00049e5e8>: 
      rpc error: code = InvalidArgument desc = invalid budget name
      {
          s: {
              s: {
                  state: {
                      NoUnkeyedLiterals: {},
                      DoNotCompare: [],
                      DoNotCopy: [],
                      atomicMessageInfo: nil,
                  },
                  sizeCache: 0,
                  unknownFields: nil,
                  Code: 3,
                  Message: "invalid budget name",
                  Details: nil,
              },
          },
      }
  occurred[0m
  [38;5;9mIn [1m[It][0m[38;5;9m at: [1mD:/git/github.com/pixlcrashr/vsfv/test/grpc/budgets_test.go:270[0m [38;5;243m@ 06/05/26 00:56:49.52[0m
[38;5;243m------------------------------[0m

2026/06/05 00:56:49 [32mD:/git/github.com/pixlcrashr/vsfv/pkg/db/repository/organizations.go:102
[0m[33m[3.167ms] [34;1m[rows:1][0m INSERT INTO "organizations" ("id","display_name") VALUES ('094878ac-a511-483d-a738-7c69d97fead5','Test Org for Budgets') RETURNING "updated_at","created_at"

2026/06/05 00:56:49 [32mD:/git/github.com/pixlcrashr/vsfv/pkg/db/repository/budgets.go:122
[0m[33m[2.625ms] [34;1m[rows:1][0m INSERT INTO "budgets" ("id","organization_id","display_name","display_description","is_closed","period_start","period_end") VALUES ('cd35f887-5df7-40f9-80dd-973ef1bdf0e5','094878ac-a511-483d-a738-7c69d97fead5','To Delete','',false,'2024-01-01 00:00:00','0000-00-00 00:00:00') RETURNING "updated_at","created_at"

2026/06/05 00:56:49 [32mD:/git/github.com/pixlcrashr/vsfv/pkg/db/repository/budgets.go:133
[0m[33m[2.678ms] [34;1m[rows:0][0m DELETE FROM "budgets" WHERE "budgets"."id" = '00000000-0000-0000-0000-000000000000'
[38;5;9m+ [FAILED] [0.010 seconds][0m
[0mBudgetService [38;5;243mDeleteBudget [38;5;9m[1m[It] returns NotFound when deleting a non-existent budget[0m
[38;5;243mD:/git/github.com/pixlcrashr/vsfv/test/grpc/budgets_test.go:277[0m

  [38;5;9m[FAILED] Expected an error to have occurred.  Got:
      <nil>: nil[0m
  [38;5;9mIn [1m[It][0m[38;5;9m at: [1mD:/git/github.com/pixlcrashr/vsfv/test/grpc/budgets_test.go:281[0m [38;5;243m@ 06/05/26 00:56:49.53[0m
[38;5;243m------------------------------[0m

2026/06/05 00:56:49 [32mD:/git/github.com/pixlcrashr/vsfv/pkg/db/repository/organizations.go:102
[0m[33m[3.162ms] [34;1m[rows:1][0m INSERT INTO "organizations" ("id","display_name") VALUES ('060a1a6e-c7c9-4ed6-aa6f-8eba5c20c7f5','Test Org for Budgets') RETURNING "updated_at","created_at"

2026/06/05 00:56:49 [32mD:/git/github.com/pixlcrashr/vsfv/pkg/db/repository/budgets.go:122
[0m[33m[2.610ms] [34;1m[rows:1][0m INSERT INTO "budgets" ("id","organization_id","display_name","display_description","is_closed","period_start","period_end") VALUES ('073b672e-9a35-4a1c-992f-8b5acf347d15','060a1a6e-c7c9-4ed6-aa6f-8eba5c20c7f5','To Delete','',false,'2024-01-01 00:00:00','0000-00-00 00:00:00') RETURNING "updated_at","created_at"
[38;5;10m+[0m
2026/06/05 00:56:49 [32mD:/git/github.com/pixlcrashr/vsfv/pkg/db/repository/organizations.go:102
[0m[33m[3.161ms] [34;1m[rows:1][0m INSERT INTO "organizations" ("id","display_name") VALUES ('dfef9ccb-0063-49c4-b70f-2388e01ff471','Test Org for Transactions') RETURNING "updated_at","created_at"

2026/06/05 00:56:49 [32mD:/git/github.com/pixlcrashr/vsfv/pkg/db/repository/import_sources.go:104
[0m[33m[4.173ms] [34;1m[rows:1][0m INSERT INTO "import_sources" ("id","organization_id","display_name","display_description") VALUES ('3f65dd73-c825-4263-a070-af88a91ef51d','dfef9ccb-0063-49c4-b70f-2388e01ff471','Test Import Source','') RETURNING "period_start","updated_at","created_at"

2026/06/05 00:56:49 [32mD:/git/github.com/pixlcrashr/vsfv/pkg/db/repository/transaction_accounts.go:112
[0m[33m[4.757ms] [34;1m[rows:1][0m INSERT INTO "transaction_accounts" ("id","organization_id","code","import_source_id","display_name","display_description") VALUES ('f1f882ae-b86e-4da2-b572-83733eaffdc8','dfef9ccb-0063-49c4-b70f-2388e01ff471','CREDIT-ACC','3f65dd73-c825-4263-a070-af88a91ef51d','Credit Account','') RETURNING "updated_at","created_at"

2026/06/05 00:56:49 [32mD:/git/github.com/pixlcrashr/vsfv/pkg/db/repository/transaction_accounts.go:112
[0m[33m[3.187ms] [34;1m[rows:1][0m INSERT INTO "transaction_accounts" ("id","organization_id","code","import_source_id","display_name","display_description") VALUES ('fb71e773-636d-41f2-9d87-9a79fe51f4c3','dfef9ccb-0063-49c4-b70f-2388e01ff471','DEBIT-ACC','3f65dd73-c825-4263-a070-af88a91ef51d','Debit Account','') RETURNING "updated_at","created_at"

2026/06/05 00:56:49 [32mD:/git/github.com/pixlcrashr/vsfv/pkg/db/repository/transactions.go:201
[0m[33m[4.204ms] [34;1m[rows:1][0m INSERT INTO "transactions" ("id","organization_id","credit_transaction_account_id","debit_transaction_account_id","amount","description","reference","booked_at","document_date") VALUES ('5dc3b313-7663-4691-ac79-53e00d9c27c4','dfef9ccb-0063-49c4-b70f-2388e01ff471','f1f882ae-b86e-4da2-b572-83733eaffdc8','fb71e773-636d-41f2-9d87-9a79fe51f4c3','0','Test transaction','REF-001','2026-06-04 22:56:49.553','2026-06-04 22:56:49.553') RETURNING "booked_at","document_date","updated_at","created_at"
[38;5;10m+[0m
2026/06/05 00:56:49 [32mD:/git/github.com/pixlcrashr/vsfv/pkg/db/repository/organizations.go:102
[0m[33m[3.211ms] [34;1m[rows:1][0m INSERT INTO "organizations" ("id","display_name") VALUES ('ab3866c7-0851-49de-9513-ea6803d1faa0','Test Org for Transactions') RETURNING "updated_at","created_at"

2026/06/05 00:56:49 [32mD:/git/github.com/pixlcrashr/vsfv/pkg/db/repository/import_sources.go:104
[0m[33m[3.730ms] [34;1m[rows:1][0m INSERT INTO "import_sources" ("id","organization_id","display_name","display_description") VALUES ('c207ca65-b259-4302-a1cb-d72d430e6bb9','ab3866c7-0851-49de-9513-ea6803d1faa0','Test Import Source','') RETURNING "period_start","updated_at","created_at"

2026/06/05 00:56:49 [32mD:/git/github.com/pixlcrashr/vsfv/pkg/db/repository/transaction_accounts.go:112
[0m[33m[3.689ms] [34;1m[rows:1][0m INSERT INTO "transaction_accounts" ("id","organization_id","code","import_source_id","display_name","display_description") VALUES ('f352f5d6-71c0-4276-bd3e-3b8940c6441b','ab3866c7-0851-49de-9513-ea6803d1faa0','CREDIT-ACC','c207ca65-b259-4302-a1cb-d72d430e6bb9','Credit Account','') RETURNING "updated_at","created_at"

2026/06/05 00:56:49 [32mD:/git/github.com/pixlcrashr/vsfv/pkg/db/repository/transaction_accounts.go:112
[0m[33m[3.152ms] [34;1m[rows:1][0m INSERT INTO "transaction_accounts" ("id","organization_id","code","import_source_id","display_name","display_description") VALUES ('69a8cf13-16bb-4060-a529-6b52b2bdc583','ab3866c7-0851-49de-9513-ea6803d1faa0','DEBIT-ACC','c207ca65-b259-4302-a1cb-d72d430e6bb9','Debit Account','') RETURNING "updated_at","created_at"

2026/06/05 00:56:49 [32mD:/git/github.com/pixlcrashr/vsfv/pkg/db/repository/transactions.go:201
[0m[33m[4.801ms] [34;1m[rows:1][0m INSERT INTO "transactions" ("id","organization_id","credit_transaction_account_id","debit_transaction_account_id","amount","description","reference") VALUES ('e52fcf81-2164-4272-ae2f-fed2883d9327','ab3866c7-0851-49de-9513-ea6803d1faa0','f352f5d6-71c0-4276-bd3e-3b8940c6441b','69a8cf13-16bb-4060-a529-6b52b2bdc583','0','Simple transaction','') RETURNING "booked_at","document_date","updated_at","created_at"
[38;5;10m+[0m
2026/06/05 00:56:49 [32mD:/git/github.com/pixlcrashr/vsfv/pkg/db/repository/organizations.go:102
[0m[33m[4.198ms] [34;1m[rows:1][0m INSERT INTO "organizations" ("id","display_name") VALUES ('69dfecb3-54ad-48b6-82d4-9f783375d303','Test Org for Transactions') RETURNING "updated_at","created_at"

2026/06/05 00:56:49 [32mD:/git/github.com/pixlcrashr/vsfv/pkg/db/repository/import_sources.go:104
[0m[33m[4.756ms] [34;1m[rows:1][0m INSERT INTO "import_sources" ("id","organization_id","display_name","display_description") VALUES ('27d10d22-5205-4dbf-a2fd-c86ff167ef73','69dfecb3-54ad-48b6-82d4-9f783375d303','Test Import Source','') RETURNING "period_start","updated_at","created_at"

2026/06/05 00:56:49 [32mD:/git/github.com/pixlcrashr/vsfv/pkg/db/repository/transaction_accounts.go:112
[0m[33m[3.717ms] [34;1m[rows:1][0m INSERT INTO "transaction_accounts" ("id","organization_id","code","import_source_id","display_name","display_description") VALUES ('656c652d-9008-4bc2-95b5-3d964dfe1878','69dfecb3-54ad-48b6-82d4-9f783375d303','CREDIT-ACC','27d10d22-5205-4dbf-a2fd-c86ff167ef73','Credit Account','') RETURNING "updated_at","created_at"

2026/06/05 00:56:49 [32mD:/git/github.com/pixlcrashr/vsfv/pkg/db/repository/transaction_accounts.go:112
[0m[33m[3.122ms] [34;1m[rows:1][0m INSERT INTO "transaction_accounts" ("id","organization_id","code","import_source_id","display_name","display_description") VALUES ('7057aaf3-f173-4a67-94ab-112257c86501','69dfecb3-54ad-48b6-82d4-9f783375d303','DEBIT-ACC','27d10d22-5205-4dbf-a2fd-c86ff167ef73','Debit Account','') RETURNING "updated_at","created_at"
[38;5;10m+[0m
2026/06/05 00:56:49 [32mD:/git/github.com/pixlcrashr/vsfv/pkg/db/repository/organizations.go:102
[0m[33m[3.146ms] [34;1m[rows:1][0m INSERT INTO "organizations" ("id","display_name") VALUES ('c06dc38f-662c-478b-aaa8-7c196cbb0563','Test Org for Transactions') RETURNING "updated_at","created_at"

2026/06/05 00:56:49 [32mD:/git/github.com/pixlcrashr/vsfv/pkg/db/repository/import_sources.go:104
[0m[33m[3.624ms] [34;1m[rows:1][0m INSERT INTO "import_sources" ("id","organization_id","display_name","display_description") VALUES ('142ff13a-620f-4e8b-9e73-17d42d8e269e','c06dc38f-662c-478b-aaa8-7c196cbb0563','Test Import Source','') RETURNING "period_start","updated_at","created_at"

2026/06/05 00:56:49 [32mD:/git/github.com/pixlcrashr/vsfv/pkg/db/repository/transaction_accounts.go:112
[0m[33m[3.206ms] [34;1m[rows:1][0m INSERT INTO "transaction_accounts" ("id","organization_id","code","import_source_id","display_name","display_description") VALUES ('74c865bd-cb85-484d-9ef0-a22205167d58','c06dc38f-662c-478b-aaa8-7c196cbb0563','CREDIT-ACC','142ff13a-620f-4e8b-9e73-17d42d8e269e','Credit Account','') RETURNING "updated_at","created_at"

2026/06/05 00:56:49 [32mD:/git/github.com/pixlcrashr/vsfv/pkg/db/repository/transaction_accounts.go:112
[0m[33m[2.571ms] [34;1m[rows:1][0m INSERT INTO "transaction_accounts" ("id","organization_id","code","import_source_id","display_name","display_description") VALUES ('eeb99508-56ff-464c-a8c2-5244f66b5a28','c06dc38f-662c-478b-aaa8-7c196cbb0563','DEBIT-ACC','142ff13a-620f-4e8b-9e73-17d42d8e269e','Debit Account','') RETURNING "updated_at","created_at"
[38;5;10m+[0m
2026/06/05 00:56:49 [32mD:/git/github.com/pixlcrashr/vsfv/pkg/db/repository/organizations.go:102
[0m[33m[2.640ms] [34;1m[rows:1][0m INSERT INTO "organizations" ("id","display_name") VALUES ('84a2570b-1f39-48d3-982b-80b402c7353f','Test Org for Transactions') RETURNING "updated_at","created_at"

2026/06/05 00:56:49 [32mD:/git/github.com/pixlcrashr/vsfv/pkg/db/repository/import_sources.go:104
[0m[33m[3.189ms] [34;1m[rows:1][0m INSERT INTO "import_sources" ("id","organization_id","display_name","display_description") VALUES ('f7f8070c-b6c8-4699-87e3-8c2f47ab7230','84a2570b-1f39-48d3-982b-80b402c7353f','Test Import Source','') RETURNING "period_start","updated_at","created_at"

2026/06/05 00:56:49 [32mD:/git/github.com/pixlcrashr/vsfv/pkg/db/repository/transaction_accounts.go:112
[0m[33m[3.680ms] [34;1m[rows:1][0m INSERT INTO "transaction_accounts" ("id","organization_id","code","import_source_id","display_name","display_description") VALUES ('b182bb88-b7d7-43f9-9b03-1b9ea518b07e','84a2570b-1f39-48d3-982b-80b402c7353f','CREDIT-ACC','f7f8070c-b6c8-4699-87e3-8c2f47ab7230','Credit Account','') RETURNING "updated_at","created_at"

2026/06/05 00:56:49 [32mD:/git/github.com/pixlcrashr/vsfv/pkg/db/repository/transaction_accounts.go:112
[0m[33m[2.685ms] [34;1m[rows:1][0m INSERT INTO "transaction_accounts" ("id","organization_id","code","import_source_id","display_name","display_description") VALUES ('ac4993d5-7181-4a4e-ba2f-71a9c41dcec1','84a2570b-1f39-48d3-982b-80b402c7353f','DEBIT-ACC','f7f8070c-b6c8-4699-87e3-8c2f47ab7230','Debit Account','') RETURNING "updated_at","created_at"
[38;5;10m+[0m
2026/06/05 00:56:49 [32mD:/git/github.com/pixlcrashr/vsfv/pkg/db/repository/organizations.go:102
[0m[33m[2.642ms] [34;1m[rows:1][0m INSERT INTO "organizations" ("id","display_name") VALUES ('1e78cf72-6701-4e7e-8e89-2b9739fab69f','Test Org for Transactions') RETURNING "updated_at","created_at"

2026/06/05 00:56:49 [32mD:/git/github.com/pixlcrashr/vsfv/pkg/db/repository/import_sources.go:104
[0m[33m[3.179ms] [34;1m[rows:1][0m INSERT INTO "import_sources" ("id","organization_id","display_name","display_description") VALUES ('165040a8-0ed2-4c55-b8d1-84165bfe1d96','1e78cf72-6701-4e7e-8e89-2b9739fab69f','Test Import Source','') RETURNING "period_start","updated_at","created_at"

2026/06/05 00:56:49 [32mD:/git/github.com/pixlcrashr/vsfv/pkg/db/repository/transaction_accounts.go:112
[0m[33m[3.172ms] [34;1m[rows:1][0m INSERT INTO "transaction_accounts" ("id","organization_id","code","import_source_id","display_name","display_description") VALUES ('2142d8fe-14f0-4a40-938d-13bc4e062f76','1e78cf72-6701-4e7e-8e89-2b9739fab69f','CREDIT-ACC','165040a8-0ed2-4c55-b8d1-84165bfe1d96','Credit Account','') RETURNING "updated_at","created_at"

2026/06/05 00:56:49 [32mD:/git/github.com/pixlcrashr/vsfv/pkg/db/repository/transaction_accounts.go:112
[0m[33m[2.605ms] [34;1m[rows:1][0m INSERT INTO "transaction_accounts" ("id","organization_id","code","import_source_id","display_name","display_description") VALUES ('533adef8-e3ca-4f95-a795-53eb41d34d5f','1e78cf72-6701-4e7e-8e89-2b9739fab69f','DEBIT-ACC','165040a8-0ed2-4c55-b8d1-84165bfe1d96','Debit Account','') RETURNING "updated_at","created_at"

2026/06/05 00:56:49 [32mD:/git/github.com/pixlcrashr/vsfv/pkg/db/repository/transactions.go:201
[0m[33m[3.166ms] [34;1m[rows:1][0m INSERT INTO "transactions" ("id","organization_id","credit_transaction_account_id","debit_transaction_account_id","amount","description","reference") VALUES ('e47135c1-a851-495e-b09c-2286219b402d','1e78cf72-6701-4e7e-8e89-2b9739fab69f','2142d8fe-14f0-4a40-938d-13bc4e062f76','533adef8-e3ca-4f95-a795-53eb41d34d5f','0','Get Test Transaction','GET-REF') RETURNING "booked_at","document_date","updated_at","created_at"

[38;5;243m------------------------------[0m
[38;5;9m+ [FAILED] [0.016 seconds][0m
[0mTransactionService [38;5;243mGetTransaction [38;5;9m[1m[It] retrieves the transaction by resource name[0m
[38;5;243mD:/git/github.com/pixlcrashr/vsfv/test/grpc/transactions_test.go:150[0m

  [38;5;9m[FAILED] Unexpected error:
      <*status.Error | 0xc00049e8f8>: 
      rpc error: code = InvalidArgument desc = invalid transaction name
      {
          s: {
              s: {
                  state: {
                      NoUnkeyedLiterals: {},
                      DoNotCompare: [],
                      DoNotCopy: [],
                      atomicMessageInfo: nil,
                  },
                  sizeCache: 0,
                  unknownFields: nil,
                  Code: 3,
                  Message: "invalid transaction name",
                  Details: nil,
              },
          },
      }
  occurred[0m
  [38;5;9mIn [1m[It][0m[38;5;9m at: [1mD:/git/github.com/pixlcrashr/vsfv/test/grpc/transactions_test.go:152[0m [38;5;243m@ 06/05/26 00:56:49.64[0m
[38;5;243m------------------------------[0m

2026/06/05 00:56:49 [32mD:/git/github.com/pixlcrashr/vsfv/pkg/db/repository/organizations.go:102
[0m[33m[2.613ms] [34;1m[rows:1][0m INSERT INTO "organizations" ("id","display_name") VALUES ('5524d773-821d-4f74-9524-8a31fda4f3f3','Test Org for Transactions') RETURNING "updated_at","created_at"

2026/06/05 00:56:49 [32mD:/git/github.com/pixlcrashr/vsfv/pkg/db/repository/import_sources.go:104
[0m[33m[2.611ms] [34;1m[rows:1][0m INSERT INTO "import_sources" ("id","organization_id","display_name","display_description") VALUES ('c47dee4a-79dc-4cf5-b950-2db209d31c2f','5524d773-821d-4f74-9524-8a31fda4f3f3','Test Import Source','') RETURNING "period_start","updated_at","created_at"

2026/06/05 00:56:49 [32mD:/git/github.com/pixlcrashr/vsfv/pkg/db/repository/transaction_accounts.go:112
[0m[33m[3.155ms] [34;1m[rows:1][0m INSERT INTO "transaction_accounts" ("id","organization_id","code","import_source_id","display_name","display_description") VALUES ('3d9f9c27-02b3-423b-89b8-a498e369f1bc','5524d773-821d-4f74-9524-8a31fda4f3f3','CREDIT-ACC','c47dee4a-79dc-4cf5-b950-2db209d31c2f','Credit Account','') RETURNING "updated_at","created_at"

2026/06/05 00:56:49 [32mD:/git/github.com/pixlcrashr/vsfv/pkg/db/repository/transaction_accounts.go:112
[0m[33m[2.631ms] [34;1m[rows:1][0m INSERT INTO "transaction_accounts" ("id","organization_id","code","import_source_id","display_name","display_description") VALUES ('83466cf1-c1e2-4e06-b45a-2a57b6b35f24','5524d773-821d-4f74-9524-8a31fda4f3f3','DEBIT-ACC','c47dee4a-79dc-4cf5-b950-2db209d31c2f','Debit Account','') RETURNING "updated_at","created_at"

2026/06/05 00:56:49 [32mD:/git/github.com/pixlcrashr/vsfv/pkg/db/repository/transactions.go:201
[0m[33m[3.679ms] [34;1m[rows:1][0m INSERT INTO "transactions" ("id","organization_id","credit_transaction_account_id","debit_transaction_account_id","amount","description","reference") VALUES ('d9531bbb-dd04-468c-b849-964930760646','5524d773-821d-4f74-9524-8a31fda4f3f3','3d9f9c27-02b3-423b-89b8-a498e369f1bc','83466cf1-c1e2-4e06-b45a-2a57b6b35f24','0','Get Test Transaction','GET-REF') RETURNING "booked_at","document_date","updated_at","created_at"

2026/06/05 00:56:49 [31;1mD:/git/github.com/pixlcrashr/vsfv/pkg/db/repository/transactions.go:196 [35;1mrecord not found
[0m[33m[1.558ms] [34;1m[rows:0][0m SELECT * FROM "transactions" WHERE "transactions"."id" = '00000000-0000-0000-0000-000000000000' ORDER BY "transactions"."id" LIMIT 1
[38;5;10m+[0m
2026/06/05 00:56:49 [32mD:/git/github.com/pixlcrashr/vsfv/pkg/db/repository/organizations.go:102
[0m[33m[3.152ms] [34;1m[rows:1][0m INSERT INTO "organizations" ("id","display_name") VALUES ('f2884eed-5f13-46db-9e3d-5ee315cf3c41','Test Org for Transactions') RETURNING "updated_at","created_at"

2026/06/05 00:56:49 [32mD:/git/github.com/pixlcrashr/vsfv/pkg/db/repository/import_sources.go:104
[0m[33m[3.710ms] [34;1m[rows:1][0m INSERT INTO "import_sources" ("id","organization_id","display_name","display_description") VALUES ('561e6bde-c5eb-4128-843a-d6f32ab7f821','f2884eed-5f13-46db-9e3d-5ee315cf3c41','Test Import Source','') RETURNING "period_start","updated_at","created_at"

2026/06/05 00:56:49 [32mD:/git/github.com/pixlcrashr/vsfv/pkg/db/repository/transaction_accounts.go:112
[0m[33m[3.189ms] [34;1m[rows:1][0m INSERT INTO "transaction_accounts" ("id","organization_id","code","import_source_id","display_name","display_description") VALUES ('f45b154a-8971-445f-8b6b-d4cf8be81192','f2884eed-5f13-46db-9e3d-5ee315cf3c41','CREDIT-ACC','561e6bde-c5eb-4128-843a-d6f32ab7f821','Credit Account','') RETURNING "updated_at","created_at"

2026/06/05 00:56:49 [32mD:/git/github.com/pixlcrashr/vsfv/pkg/db/repository/transaction_accounts.go:112
[0m[33m[3.159ms] [34;1m[rows:1][0m INSERT INTO "transaction_accounts" ("id","organization_id","code","import_source_id","display_name","display_description") VALUES ('0aaf4b7c-c2e1-471a-84a1-872402e11181','f2884eed-5f13-46db-9e3d-5ee315cf3c41','DEBIT-ACC','561e6bde-c5eb-4128-843a-d6f32ab7f821','Debit Account','') RETURNING "updated_at","created_at"

2026/06/05 00:56:49 [32mD:/git/github.com/pixlcrashr/vsfv/pkg/db/repository/transactions.go:201
[0m[33m[3.132ms] [34;1m[rows:1][0m INSERT INTO "transactions" ("id","organization_id","credit_transaction_account_id","debit_transaction_account_id","amount","description","reference") VALUES ('917c160f-62ea-45f4-803d-55607d00c94c','f2884eed-5f13-46db-9e3d-5ee315cf3c41','f45b154a-8971-445f-8b6b-d4cf8be81192','0aaf4b7c-c2e1-471a-84a1-872402e11181','0','Get Test Transaction','GET-REF') RETURNING "booked_at","document_date","updated_at","created_at"
[38;5;10m+[0m
2026/06/05 00:56:49 [32mD:/git/github.com/pixlcrashr/vsfv/pkg/db/repository/organizations.go:102
[0m[33m[3.177ms] [34;1m[rows:1][0m INSERT INTO "organizations" ("id","display_name") VALUES ('bcedc636-4561-4f67-97db-2dbae63d1564','Test Org for Transactions') RETURNING "updated_at","created_at"

2026/06/05 00:56:49 [32mD:/git/github.com/pixlcrashr/vsfv/pkg/db/repository/import_sources.go:104
[0m[33m[3.798ms] [34;1m[rows:1][0m INSERT INTO "import_sources" ("id","organization_id","display_name","display_description") VALUES ('ff2f8421-a490-40ce-9d6b-1128cd971abf','bcedc636-4561-4f67-97db-2dbae63d1564','Test Import Source','') RETURNING "period_start","updated_at","created_at"

2026/06/05 00:56:49 [32mD:/git/github.com/pixlcrashr/vsfv/pkg/db/repository/transaction_accounts.go:112
[0m[33m[3.162ms] [34;1m[rows:1][0m INSERT INTO "transaction_accounts" ("id","organization_id","code","import_source_id","display_name","display_description") VALUES ('50bad089-5448-4ed5-9991-b7791008141a','bcedc636-4561-4f67-97db-2dbae63d1564','CREDIT-ACC','ff2f8421-a490-40ce-9d6b-1128cd971abf','Credit Account','') RETURNING "updated_at","created_at"

2026/06/05 00:56:49 [32mD:/git/github.com/pixlcrashr/vsfv/pkg/db/repository/transaction_accounts.go:112
[0m[33m[2.644ms] [34;1m[rows:1][0m INSERT INTO "transaction_accounts" ("id","organization_id","code","import_source_id","display_name","display_description") VALUES ('61ca1023-b30b-4255-8fbb-5b6c413583d2','bcedc636-4561-4f67-97db-2dbae63d1564','DEBIT-ACC','ff2f8421-a490-40ce-9d6b-1128cd971abf','Debit Account','') RETURNING "updated_at","created_at"

2026/06/05 00:56:49 [32mD:/git/github.com/pixlcrashr/vsfv/pkg/db/repository/transactions.go:201
[0m[33m[3.915ms] [34;1m[rows:1][0m INSERT INTO "transactions" ("id","organization_id","credit_transaction_account_id","debit_transaction_account_id","amount","description","reference") VALUES ('e4d8add5-40b1-42a9-a8c0-add469f0c21f','bcedc636-4561-4f67-97db-2dbae63d1564','50bad089-5448-4ed5-9991-b7791008141a','61ca1023-b30b-4255-8fbb-5b6c413583d2','0','List Test Transaction','LIST-REF') RETURNING "booked_at","document_date","updated_at","created_at"

2026/06/05 00:56:49 [31;1mD:/git/github.com/pixlcrashr/vsfv/pkg/db/repository/transactions.go:201 [35;1mERROR: duplicate key value violates unique constraint "idx_transactions_unique_entry" (SQLSTATE 23505)
[0m[33m[2.647ms] [34;1m[rows:0][0m INSERT INTO "transactions" ("id","organization_id","credit_transaction_account_id","debit_transaction_account_id","amount","description","reference") VALUES ('4d584386-a711-42cd-a4d8-9e66a913b172','bcedc636-4561-4f67-97db-2dbae63d1564','50bad089-5448-4ed5-9991-b7791008141a','61ca1023-b30b-4255-8fbb-5b6c413583d2','0','List Test Transaction','LIST-REF') RETURNING "booked_at","document_date","updated_at","created_at"

[38;5;243m------------------------------[0m
[38;5;9m+ [FAILED] [0.021 seconds][0m
[0mTransactionService [38;5;9m[1mListTransactions [BeforeEach] [0mlists all created transactions[0m
  [38;5;9m[BeforeEach][0m [38;5;243mD:/git/github.com/pixlcrashr/vsfv/test/grpc/transactions_test.go:175[0m
  [38;5;243m[It] D:/git/github.com/pixlcrashr/vsfv/test/grpc/transactions_test.go:190[0m

  [38;5;9m[FAILED] Unexpected error:
      <*status.Error | 0xc00049ea50>: 
      rpc error: code = Internal desc = failed to create transaction
      {
          s: {
              s: {
                  state: {
                      NoUnkeyedLiterals: {},
                      DoNotCompare: [],
                      DoNotCopy: [],
                      atomicMessageInfo: nil,
                  },
                  sizeCache: 0,
                  unknownFields: nil,
                  Code: 13,
                  Message: "failed to create transaction",
                  Details: nil,
              },
          },
      }
  occurred[0m
  [38;5;9mIn [1m[BeforeEach][0m[38;5;9m at: [1mD:/git/github.com/pixlcrashr/vsfv/test/grpc/transactions_test.go:186[0m [38;5;243m@ 06/05/26 00:56:49.697[0m
[38;5;243m------------------------------[0m

2026/06/05 00:56:49 [32mD:/git/github.com/pixlcrashr/vsfv/pkg/db/repository/organizations.go:102
[0m[33m[3.777ms] [34;1m[rows:1][0m INSERT INTO "organizations" ("id","display_name") VALUES ('2292dc1d-1eb1-4df0-8eb4-085af59c2898','Test Org for Transactions') RETURNING "updated_at","created_at"

2026/06/05 00:56:49 [32mD:/git/github.com/pixlcrashr/vsfv/pkg/db/repository/import_sources.go:104
[0m[33m[3.728ms] [34;1m[rows:1][0m INSERT INTO "import_sources" ("id","organization_id","display_name","display_description") VALUES ('113bf967-dff5-444a-805a-eeeafbaef3a6','2292dc1d-1eb1-4df0-8eb4-085af59c2898','Test Import Source','') RETURNING "period_start","updated_at","created_at"

2026/06/05 00:56:49 [32mD:/git/github.com/pixlcrashr/vsfv/pkg/db/repository/transaction_accounts.go:112
[0m[33m[3.213ms] [34;1m[rows:1][0m INSERT INTO "transaction_accounts" ("id","organization_id","code","import_source_id","display_name","display_description") VALUES ('bac60742-133e-44d8-b38f-97dc912fb82a','2292dc1d-1eb1-4df0-8eb4-085af59c2898','CREDIT-ACC','113bf967-dff5-444a-805a-eeeafbaef3a6','Credit Account','') RETURNING "updated_at","created_at"

2026/06/05 00:56:49 [32mD:/git/github.com/pixlcrashr/vsfv/pkg/db/repository/transaction_accounts.go:112
[0m[33m[3.207ms] [34;1m[rows:1][0m INSERT INTO "transaction_accounts" ("id","organization_id","code","import_source_id","display_name","display_description") VALUES ('9f5c973f-c176-4f56-9159-3303ba0502f4','2292dc1d-1eb1-4df0-8eb4-085af59c2898','DEBIT-ACC','113bf967-dff5-444a-805a-eeeafbaef3a6','Debit Account','') RETURNING "updated_at","created_at"

2026/06/05 00:56:49 [32mD:/git/github.com/pixlcrashr/vsfv/pkg/db/repository/transactions.go:201
[0m[33m[4.269ms] [34;1m[rows:1][0m INSERT INTO "transactions" ("id","organization_id","credit_transaction_account_id","debit_transaction_account_id","amount","description","reference") VALUES ('bfb5538c-940a-418c-a1f5-90865a3efa73','2292dc1d-1eb1-4df0-8eb4-085af59c2898','bac60742-133e-44d8-b38f-97dc912fb82a','9f5c973f-c176-4f56-9159-3303ba0502f4','0','List Test Transaction','LIST-REF') RETURNING "booked_at","document_date","updated_at","created_at"

2026/06/05 00:56:49 [31;1mD:/git/github.com/pixlcrashr/vsfv/pkg/db/repository/transactions.go:201 [35;1mERROR: duplicate key value violates unique constraint "idx_transactions_unique_entry" (SQLSTATE 23505)
[0m[33m[2.111ms] [34;1m[rows:0][0m INSERT INTO "transactions" ("id","organization_id","credit_transaction_account_id","debit_transaction_account_id","amount","description","reference") VALUES ('16a3bdd5-9756-4793-89a8-1352d0db07a5','2292dc1d-1eb1-4df0-8eb4-085af59c2898','bac60742-133e-44d8-b38f-97dc912fb82a','9f5c973f-c176-4f56-9159-3303ba0502f4','0','List Test Transaction','LIST-REF') RETURNING "booked_at","document_date","updated_at","created_at"
[38;5;9m+ [FAILED] [0.023 seconds][0m
[0mTransactionService [38;5;9m[1mListTransactions [BeforeEach] [0mrespects page_size and returns a next_page_token when more results exist[0m
  [38;5;9m[BeforeEach][0m [38;5;243mD:/git/github.com/pixlcrashr/vsfv/test/grpc/transactions_test.go:175[0m
  [38;5;243m[It] D:/git/github.com/pixlcrashr/vsfv/test/grpc/transactions_test.go:199[0m

  [38;5;9m[FAILED] Unexpected error:
      <*status.Error | 0xc00008c208>: 
      rpc error: code = Internal desc = failed to create transaction
      {
          s: {
              s: {
                  state: {
                      NoUnkeyedLiterals: {},
                      DoNotCompare: [],
                      DoNotCopy: [],
                      atomicMessageInfo: nil,
                  },
                  sizeCache: 0,
                  unknownFields: nil,
                  Code: 13,
                  Message: "failed to create transaction",
                  Details: nil,
              },
          },
      }
  occurred[0m
  [38;5;9mIn [1m[BeforeEach][0m[38;5;9m at: [1mD:/git/github.com/pixlcrashr/vsfv/test/grpc/transactions_test.go:186[0m [38;5;243m@ 06/05/26 00:56:49.72[0m
[38;5;243m------------------------------[0m

2026/06/05 00:56:49 [32mD:/git/github.com/pixlcrashr/vsfv/pkg/db/repository/organizations.go:102
[0m[33m[3.684ms] [34;1m[rows:1][0m INSERT INTO "organizations" ("id","display_name") VALUES ('d0565301-213a-4c1a-8d5a-fb93f11a6eda','Test Org for Transactions') RETURNING "updated_at","created_at"

2026/06/05 00:56:49 [32mD:/git/github.com/pixlcrashr/vsfv/pkg/db/repository/import_sources.go:104
[0m[33m[2.665ms] [34;1m[rows:1][0m INSERT INTO "import_sources" ("id","organization_id","display_name","display_description") VALUES ('3a5094d2-1a9f-42d8-b36f-100108ca57a0','d0565301-213a-4c1a-8d5a-fb93f11a6eda','Test Import Source','') RETURNING "period_start","updated_at","created_at"

2026/06/05 00:56:49 [32mD:/git/github.com/pixlcrashr/vsfv/pkg/db/repository/transaction_accounts.go:112
[0m[33m[3.223ms] [34;1m[rows:1][0m INSERT INTO "transaction_accounts" ("id","organization_id","code","import_source_id","display_name","display_description") VALUES ('4d4ad862-3470-4490-b83c-e7a87786bc5e','d0565301-213a-4c1a-8d5a-fb93f11a6eda','CREDIT-ACC','3a5094d2-1a9f-42d8-b36f-100108ca57a0','Credit Account','') RETURNING "updated_at","created_at"

2026/06/05 00:56:49 [32mD:/git/github.com/pixlcrashr/vsfv/pkg/db/repository/transaction_accounts.go:112
[0m[33m[3.156ms] [34;1m[rows:1][0m INSERT INTO "transaction_accounts" ("id","organization_id","code","import_source_id","display_name","display_description") VALUES ('400261b4-4eb0-4a75-9065-3e3cd8960e4c','d0565301-213a-4c1a-8d5a-fb93f11a6eda','DEBIT-ACC','3a5094d2-1a9f-42d8-b36f-100108ca57a0','Debit Account','') RETURNING "updated_at","created_at"

2026/06/05 00:56:49 [32mD:/git/github.com/pixlcrashr/vsfv/pkg/db/repository/transactions.go:201
[0m[33m[6.628ms] [34;1m[rows:1][0m INSERT INTO "transactions" ("id","organization_id","credit_transaction_account_id","debit_transaction_account_id","amount","description","reference") VALUES ('5bada5cc-59df-4799-9854-bdc2be5b86bd','d0565301-213a-4c1a-8d5a-fb93f11a6eda','4d4ad862-3470-4490-b83c-e7a87786bc5e','400261b4-4eb0-4a75-9065-3e3cd8960e4c','0','List Test Transaction','LIST-REF') RETURNING "booked_at","document_date","updated_at","created_at"

2026/06/05 00:56:49 [31;1mD:/git/github.com/pixlcrashr/vsfv/pkg/db/repository/transactions.go:201 [35;1mERROR: duplicate key value violates unique constraint "idx_transactions_unique_entry" (SQLSTATE 23505)
[0m[33m[3.227ms] [34;1m[rows:0][0m INSERT INTO "transactions" ("id","organization_id","credit_transaction_account_id","debit_transaction_account_id","amount","description","reference") VALUES ('a4370285-6273-486f-9a74-63e110fe8343','d0565301-213a-4c1a-8d5a-fb93f11a6eda','4d4ad862-3470-4490-b83c-e7a87786bc5e','400261b4-4eb0-4a75-9065-3e3cd8960e4c','0','List Test Transaction','LIST-REF') RETURNING "booked_at","document_date","updated_at","created_at"
[38;5;9m+ [FAILED] [0.024 seconds][0m
[0mTransactionService [38;5;9m[1mListTransactions [BeforeEach] [0mtraverses all pages via page tokens[0m
  [38;5;9m[BeforeEach][0m [38;5;243mD:/git/github.com/pixlcrashr/vsfv/test/grpc/transactions_test.go:175[0m
  [38;5;243m[It] D:/git/github.com/pixlcrashr/vsfv/test/grpc/transactions_test.go:209[0m

  [38;5;9m[FAILED] Unexpected error:
      <*status.Error | 0xc00008c2b8>: 
      rpc error: code = Internal desc = failed to create transaction
      {
          s: {
              s: {
                  state: {
                      NoUnkeyedLiterals: {},
                      DoNotCompare: [],
                      DoNotCopy: [],
                      atomicMessageInfo: nil,
                  },
                  sizeCache: 0,
                  unknownFields: nil,
                  Code: 13,
                  Message: "failed to create transaction",
                  Details: nil,
              },
          },
      }
  occurred[0m
  [38;5;9mIn [1m[BeforeEach][0m[38;5;9m at: [1mD:/git/github.com/pixlcrashr/vsfv/test/grpc/transactions_test.go:186[0m [38;5;243m@ 06/05/26 00:56:49.744[0m
[38;5;243m------------------------------[0m

2026/06/05 00:56:49 [32mD:/git/github.com/pixlcrashr/vsfv/pkg/db/repository/organizations.go:102
[0m[33m[3.682ms] [34;1m[rows:1][0m INSERT INTO "organizations" ("id","display_name") VALUES ('b3f98224-ba2e-487d-ba32-5130da1b8009','Test Org for Transactions') RETURNING "updated_at","created_at"

2026/06/05 00:56:49 [32mD:/git/github.com/pixlcrashr/vsfv/pkg/db/repository/import_sources.go:104
[0m[33m[2.604ms] [34;1m[rows:1][0m INSERT INTO "import_sources" ("id","organization_id","display_name","display_description") VALUES ('eb75e4eb-f23c-4a85-8669-b6b5919fedb9','b3f98224-ba2e-487d-ba32-5130da1b8009','Test Import Source','') RETURNING "period_start","updated_at","created_at"

2026/06/05 00:56:49 [32mD:/git/github.com/pixlcrashr/vsfv/pkg/db/repository/transaction_accounts.go:112
[0m[33m[2.588ms] [34;1m[rows:1][0m INSERT INTO "transaction_accounts" ("id","organization_id","code","import_source_id","display_name","display_description") VALUES ('f63fdbed-39d0-4280-a8fb-45d49da0a52c','b3f98224-ba2e-487d-ba32-5130da1b8009','CREDIT-ACC','eb75e4eb-f23c-4a85-8669-b6b5919fedb9','Credit Account','') RETURNING "updated_at","created_at"

2026/06/05 00:56:49 [32mD:/git/github.com/pixlcrashr/vsfv/pkg/db/repository/transaction_accounts.go:112
[0m[33m[3.132ms] [34;1m[rows:1][0m INSERT INTO "transaction_accounts" ("id","organization_id","code","import_source_id","display_name","display_description") VALUES ('19cb769d-7704-4da9-9f19-1a22bd037ded','b3f98224-ba2e-487d-ba32-5130da1b8009','DEBIT-ACC','eb75e4eb-f23c-4a85-8669-b6b5919fedb9','Debit Account','') RETURNING "updated_at","created_at"

2026/06/05 00:56:49 [32mD:/git/github.com/pixlcrashr/vsfv/pkg/db/repository/transactions.go:201
[0m[33m[5.436ms] [34;1m[rows:1][0m INSERT INTO "transactions" ("id","organization_id","credit_transaction_account_id","debit_transaction_account_id","amount","description","reference") VALUES ('5b8d0db7-68b4-4d55-8200-2e1c2eeb9659','b3f98224-ba2e-487d-ba32-5130da1b8009','f63fdbed-39d0-4280-a8fb-45d49da0a52c','19cb769d-7704-4da9-9f19-1a22bd037ded','0','Before Update','BEFORE-REF') RETURNING "booked_at","document_date","updated_at","created_at"
[38;5;9m+ [FAILED] [0.019 seconds][0m
[0mTransactionService [38;5;243mUpdateTransaction [38;5;9m[1m[It] updates the description and reference[0m
[38;5;243mD:/git/github.com/pixlcrashr/vsfv/test/grpc/transactions_test.go:246[0m

  [38;5;9m[FAILED] Unexpected error:
      <*status.Error | 0xc0003c4250>: 
      rpc error: code = InvalidArgument desc = invalid transaction name
      {
          s: {
              s: {
                  state: {
                      NoUnkeyedLiterals: {},
                      DoNotCompare: [],
                      DoNotCopy: [],
                      atomicMessageInfo: nil,
                  },
                  sizeCache: 0,
                  unknownFields: nil,
                  Code: 3,
                  Message: "invalid transaction name",
                  Details: nil,
              },
          },
      }
  occurred[0m
  [38;5;9mIn [1m[It][0m[38;5;9m at: [1mD:/git/github.com/pixlcrashr/vsfv/test/grpc/transactions_test.go:254[0m [38;5;243m@ 06/05/26 00:56:49.764[0m
[38;5;243m------------------------------[0m

2026/06/05 00:56:49 [32mD:/git/github.com/pixlcrashr/vsfv/pkg/db/repository/organizations.go:102
[0m[33m[3.129ms] [34;1m[rows:1][0m INSERT INTO "organizations" ("id","display_name") VALUES ('6dde11e9-247b-48bc-b62d-ecf557038949','Test Org for Transactions') RETURNING "updated_at","created_at"

2026/06/05 00:56:49 [32mD:/git/github.com/pixlcrashr/vsfv/pkg/db/repository/import_sources.go:104
[0m[33m[3.124ms] [34;1m[rows:1][0m INSERT INTO "import_sources" ("id","organization_id","display_name","display_description") VALUES ('689889ec-a927-4533-94be-27bd9a652214','6dde11e9-247b-48bc-b62d-ecf557038949','Test Import Source','') RETURNING "period_start","updated_at","created_at"

2026/06/05 00:56:49 [32mD:/git/github.com/pixlcrashr/vsfv/pkg/db/repository/transaction_accounts.go:112
[0m[33m[2.615ms] [34;1m[rows:1][0m INSERT INTO "transaction_accounts" ("id","organization_id","code","import_source_id","display_name","display_description") VALUES ('6bde9885-edb7-43d1-a4f8-e8f01f8fa2a6','6dde11e9-247b-48bc-b62d-ecf557038949','CREDIT-ACC','689889ec-a927-4533-94be-27bd9a652214','Credit Account','') RETURNING "updated_at","created_at"

2026/06/05 00:56:49 [32mD:/git/github.com/pixlcrashr/vsfv/pkg/db/repository/transaction_accounts.go:112
[0m[33m[3.292ms] [34;1m[rows:1][0m INSERT INTO "transaction_accounts" ("id","organization_id","code","import_source_id","display_name","display_description") VALUES ('c52e6387-d875-4685-bb9c-01456bc8469c','6dde11e9-247b-48bc-b62d-ecf557038949','DEBIT-ACC','689889ec-a927-4533-94be-27bd9a652214','Debit Account','') RETURNING "updated_at","created_at"

2026/06/05 00:56:49 [32mD:/git/github.com/pixlcrashr/vsfv/pkg/db/repository/transactions.go:201
[0m[33m[3.664ms] [34;1m[rows:1][0m INSERT INTO "transactions" ("id","organization_id","credit_transaction_account_id","debit_transaction_account_id","amount","description","reference") VALUES ('5e879015-70a9-4b2e-96f4-83220338de61','6dde11e9-247b-48bc-b62d-ecf557038949','6bde9885-edb7-43d1-a4f8-e8f01f8fa2a6','c52e6387-d875-4685-bb9c-01456bc8469c','0','Before Update','BEFORE-REF') RETURNING "booked_at","document_date","updated_at","created_at"
[38;5;9m+ [FAILED] [0.016 seconds][0m
[0mTransactionService [38;5;243mUpdateTransaction [38;5;9m[1m[It] updates the booked_at and document_date[0m
[38;5;243mD:/git/github.com/pixlcrashr/vsfv/test/grpc/transactions_test.go:260[0m

  [38;5;9m[FAILED] Unexpected error:
      <*status.Error | 0xc0003c4260>: 
      rpc error: code = InvalidArgument desc = invalid transaction name
      {
          s: {
              s: {
                  state: {
                      NoUnkeyedLiterals: {},
                      DoNotCompare: [],
                      DoNotCopy: [],
                      atomicMessageInfo: nil,
                  },
                  sizeCache: 0,
                  unknownFields: nil,
                  Code: 3,
                  Message: "invalid transaction name",
                  Details: nil,
              },
          },
      }
  occurred[0m
  [38;5;9mIn [1m[It][0m[38;5;9m at: [1mD:/git/github.com/pixlcrashr/vsfv/test/grpc/transactions_test.go:270[0m [38;5;243m@ 06/05/26 00:56:49.781[0m
[38;5;243m------------------------------[0m

2026/06/05 00:56:49 [32mD:/git/github.com/pixlcrashr/vsfv/pkg/db/repository/organizations.go:102
[0m[33m[4.225ms] [34;1m[rows:1][0m INSERT INTO "organizations" ("id","display_name") VALUES ('813d3d7f-ac13-4e92-86a4-8f7bf90fa525','Test Org for Transactions') RETURNING "updated_at","created_at"

2026/06/05 00:56:49 [32mD:/git/github.com/pixlcrashr/vsfv/pkg/db/repository/import_sources.go:104
[0m[33m[2.715ms] [34;1m[rows:1][0m INSERT INTO "import_sources" ("id","organization_id","display_name","display_description") VALUES ('cfc62de4-7562-4610-833a-c77a2e7017b8','813d3d7f-ac13-4e92-86a4-8f7bf90fa525','Test Import Source','') RETURNING "period_start","updated_at","created_at"

2026/06/05 00:56:49 [32mD:/git/github.com/pixlcrashr/vsfv/pkg/db/repository/transaction_accounts.go:112
[0m[33m[4.247ms] [34;1m[rows:1][0m INSERT INTO "transaction_accounts" ("id","organization_id","code","import_source_id","display_name","display_description") VALUES ('6b5b7fee-b199-49e0-8864-3ec9c0dbc480','813d3d7f-ac13-4e92-86a4-8f7bf90fa525','CREDIT-ACC','cfc62de4-7562-4610-833a-c77a2e7017b8','Credit Account','') RETURNING "updated_at","created_at"

2026/06/05 00:56:49 [32mD:/git/github.com/pixlcrashr/vsfv/pkg/db/repository/transaction_accounts.go:112
[0m[33m[3.188ms] [34;1m[rows:1][0m INSERT INTO "transaction_accounts" ("id","organization_id","code","import_source_id","display_name","display_description") VALUES ('bd7523ba-6aea-418d-a4db-46e662c1bbb3','813d3d7f-ac13-4e92-86a4-8f7bf90fa525','DEBIT-ACC','cfc62de4-7562-4610-833a-c77a2e7017b8','Debit Account','') RETURNING "updated_at","created_at"

2026/06/05 00:56:49 [32mD:/git/github.com/pixlcrashr/vsfv/pkg/db/repository/transactions.go:201
[0m[33m[3.688ms] [34;1m[rows:1][0m INSERT INTO "transactions" ("id","organization_id","credit_transaction_account_id","debit_transaction_account_id","amount","description","reference") VALUES ('fb92c684-5d21-4e37-8799-35cfdb2dd68b','813d3d7f-ac13-4e92-86a4-8f7bf90fa525','6b5b7fee-b199-49e0-8864-3ec9c0dbc480','bd7523ba-6aea-418d-a4db-46e662c1bbb3','0','Before Update','BEFORE-REF') RETURNING "booked_at","document_date","updated_at","created_at"

2026/06/05 00:56:49 [31;1mD:/git/github.com/pixlcrashr/vsfv/pkg/db/repository/transactions.go:196 [35;1mrecord not found
[0m[33m[1.050ms] [34;1m[rows:0][0m SELECT * FROM "transactions" WHERE "transactions"."id" = '00000000-0000-0000-0000-000000000000' ORDER BY "transactions"."id" LIMIT 1
[38;5;10m+[0m
2026/06/05 00:56:49 [32mD:/git/github.com/pixlcrashr/vsfv/pkg/db/repository/organizations.go:102
[0m[33m[2.646ms] [34;1m[rows:1][0m INSERT INTO "organizations" ("id","display_name") VALUES ('a24d2a9f-298a-4822-8187-afb7f952ca3f','Test Org for Transactions') RETURNING "updated_at","created_at"

2026/06/05 00:56:49 [32mD:/git/github.com/pixlcrashr/vsfv/pkg/db/repository/import_sources.go:104
[0m[33m[2.667ms] [34;1m[rows:1][0m INSERT INTO "import_sources" ("id","organization_id","display_name","display_description") VALUES ('e3922f18-2d78-4a80-97ce-2b829448390b','a24d2a9f-298a-4822-8187-afb7f952ca3f','Test Import Source','') RETURNING "period_start","updated_at","created_at"

2026/06/05 00:56:49 [32mD:/git/github.com/pixlcrashr/vsfv/pkg/db/repository/transaction_accounts.go:112
[0m[33m[2.466ms] [34;1m[rows:1][0m INSERT INTO "transaction_accounts" ("id","organization_id","code","import_source_id","display_name","display_description") VALUES ('e15b91e9-83af-4f31-a02b-9f220a1b0fc5','a24d2a9f-298a-4822-8187-afb7f952ca3f','CREDIT-ACC','e3922f18-2d78-4a80-97ce-2b829448390b','Credit Account','') RETURNING "updated_at","created_at"

2026/06/05 00:56:49 [32mD:/git/github.com/pixlcrashr/vsfv/pkg/db/repository/transaction_accounts.go:112
[0m[33m[2.813ms] [34;1m[rows:1][0m INSERT INTO "transaction_accounts" ("id","organization_id","code","import_source_id","display_name","display_description") VALUES ('8666a1fa-29a8-441d-bc2f-db9b4066b915','a24d2a9f-298a-4822-8187-afb7f952ca3f','DEBIT-ACC','e3922f18-2d78-4a80-97ce-2b829448390b','Debit Account','') RETURNING "updated_at","created_at"

2026/06/05 00:56:49 [32mD:/git/github.com/pixlcrashr/vsfv/pkg/db/repository/transactions.go:201
[0m[33m[3.328ms] [34;1m[rows:1][0m INSERT INTO "transactions" ("id","organization_id","credit_transaction_account_id","debit_transaction_account_id","amount","description","reference") VALUES ('a51caccd-beea-4d3d-91fc-a66e57f4b39b','a24d2a9f-298a-4822-8187-afb7f952ca3f','e15b91e9-83af-4f31-a02b-9f220a1b0fc5','8666a1fa-29a8-441d-bc2f-db9b4066b915','0','Before Update','BEFORE-REF') RETURNING "booked_at","document_date","updated_at","created_at"
[38;5;10m+[0m
2026/06/05 00:56:49 [32mD:/git/github.com/pixlcrashr/vsfv/pkg/db/repository/organizations.go:102
[0m[33m[3.738ms] [34;1m[rows:1][0m INSERT INTO "organizations" ("id","display_name") VALUES ('bfe3cc34-8c7c-4582-a81f-5b178bd14773','Test Org for Transactions') RETURNING "updated_at","created_at"

2026/06/05 00:56:49 [32mD:/git/github.com/pixlcrashr/vsfv/pkg/db/repository/import_sources.go:104
[0m[33m[3.207ms] [34;1m[rows:1][0m INSERT INTO "import_sources" ("id","organization_id","display_name","display_description") VALUES ('0b660a15-2439-475c-9d20-38dc7aee1538','bfe3cc34-8c7c-4582-a81f-5b178bd14773','Test Import Source','') RETURNING "period_start","updated_at","created_at"

2026/06/05 00:56:49 [32mD:/git/github.com/pixlcrashr/vsfv/pkg/db/repository/transaction_accounts.go:112
[0m[33m[3.210ms] [34;1m[rows:1][0m INSERT INTO "transaction_accounts" ("id","organization_id","code","import_source_id","display_name","display_description") VALUES ('403e0019-6df5-4d08-bffd-b5542441218f','bfe3cc34-8c7c-4582-a81f-5b178bd14773','CREDIT-ACC','0b660a15-2439-475c-9d20-38dc7aee1538','Credit Account','') RETURNING "updated_at","created_at"

2026/06/05 00:56:49 [32mD:/git/github.com/pixlcrashr/vsfv/pkg/db/repository/transaction_accounts.go:112
[0m[33m[3.191ms] [34;1m[rows:1][0m INSERT INTO "transaction_accounts" ("id","organization_id","code","import_source_id","display_name","display_description") VALUES ('c2d92067-045d-4fe0-ab35-14ff69b91b64','bfe3cc34-8c7c-4582-a81f-5b178bd14773','DEBIT-ACC','0b660a15-2439-475c-9d20-38dc7aee1538','Debit Account','') RETURNING "updated_at","created_at"

2026/06/05 00:56:49 [32mD:/git/github.com/pixlcrashr/vsfv/pkg/db/repository/transactions.go:201
[0m[33m[3.166ms] [34;1m[rows:1][0m INSERT INTO "transactions" ("id","organization_id","credit_transaction_account_id","debit_transaction_account_id","amount","description","reference") VALUES ('7ba803cb-a1ba-4709-b664-a6eaac867881','bfe3cc34-8c7c-4582-a81f-5b178bd14773','403e0019-6df5-4d08-bffd-b5542441218f','c2d92067-045d-4fe0-ab35-14ff69b91b64','0','To Delete','') RETURNING "booked_at","document_date","updated_at","created_at"

[38;5;243m------------------------------[0m
[38;5;9m+ [FAILED] [0.018 seconds][0m
[0mTransactionService [38;5;243mDeleteTransaction [38;5;9m[1m[It] permanently deletes the transaction[0m
[38;5;243mD:/git/github.com/pixlcrashr/vsfv/test/grpc/transactions_test.go:309[0m

  [38;5;9m[FAILED] Unexpected error:
      <*status.Error | 0xc0003c4590>: 
      rpc error: code = InvalidArgument desc = invalid transaction name
      {
          s: {
              s: {
                  state: {
                      NoUnkeyedLiterals: {},
                      DoNotCompare: [],
                      DoNotCopy: [],
                      atomicMessageInfo: nil,
                  },
                  sizeCache: 0,
                  unknownFields: nil,
                  Code: 3,
                  Message: "invalid transaction name",
                  Details: nil,
              },
          },
      }
  occurred[0m
  [38;5;9mIn [1m[It][0m[38;5;9m at: [1mD:/git/github.com/pixlcrashr/vsfv/test/grpc/transactions_test.go:311[0m [38;5;243m@ 06/05/26 00:56:49.834[0m
[38;5;243m------------------------------[0m

2026/06/05 00:56:49 [32mD:/git/github.com/pixlcrashr/vsfv/pkg/db/repository/organizations.go:102
[0m[33m[2.666ms] [34;1m[rows:1][0m INSERT INTO "organizations" ("id","display_name") VALUES ('ea88c1b0-6194-40b1-9bcd-f92825bca39d','Test Org for Transactions') RETURNING "updated_at","created_at"

2026/06/05 00:56:49 [32mD:/git/github.com/pixlcrashr/vsfv/pkg/db/repository/import_sources.go:104
[0m[33m[2.619ms] [34;1m[rows:1][0m INSERT INTO "import_sources" ("id","organization_id","display_name","display_description") VALUES ('2c7b9017-284f-4de1-8cd2-1208ee10507e','ea88c1b0-6194-40b1-9bcd-f92825bca39d','Test Import Source','') RETURNING "period_start","updated_at","created_at"

2026/06/05 00:56:49 [32mD:/git/github.com/pixlcrashr/vsfv/pkg/db/repository/transaction_accounts.go:112
[0m[33m[2.632ms] [34;1m[rows:1][0m INSERT INTO "transaction_accounts" ("id","organization_id","code","import_source_id","display_name","display_description") VALUES ('f0c168b8-953d-47a2-99cb-00c31516502b','ea88c1b0-6194-40b1-9bcd-f92825bca39d','CREDIT-ACC','2c7b9017-284f-4de1-8cd2-1208ee10507e','Credit Account','') RETURNING "updated_at","created_at"

2026/06/05 00:56:49 [32mD:/git/github.com/pixlcrashr/vsfv/pkg/db/repository/transaction_accounts.go:112
[0m[33m[2.643ms] [34;1m[rows:1][0m INSERT INTO "transaction_accounts" ("id","organization_id","code","import_source_id","display_name","display_description") VALUES ('7ee17e30-a711-4e8a-9f6c-d68b3d92af20','ea88c1b0-6194-40b1-9bcd-f92825bca39d','DEBIT-ACC','2c7b9017-284f-4de1-8cd2-1208ee10507e','Debit Account','') RETURNING "updated_at","created_at"

2026/06/05 00:56:49 [32mD:/git/github.com/pixlcrashr/vsfv/pkg/db/repository/transactions.go:201
[0m[33m[3.182ms] [34;1m[rows:1][0m INSERT INTO "transactions" ("id","organization_id","credit_transaction_account_id","debit_transaction_account_id","amount","description","reference") VALUES ('6b8da09b-1ba7-4360-aeca-e3636e0b9b62','ea88c1b0-6194-40b1-9bcd-f92825bca39d','f0c168b8-953d-47a2-99cb-00c31516502b','7ee17e30-a711-4e8a-9f6c-d68b3d92af20','0','To Delete','') RETURNING "booked_at","document_date","updated_at","created_at"

2026/06/05 00:56:49 [32mD:/git/github.com/pixlcrashr/vsfv/pkg/db/repository/transactions.go:212
[0m[33m[3.163ms] [34;1m[rows:0][0m DELETE FROM "transactions" WHERE "transactions"."id" = '00000000-0000-0000-0000-000000000000'
[38;5;9m+ [FAILED] [0.018 seconds][0m
[0mTransactionService [38;5;243mDeleteTransaction [38;5;9m[1m[It] returns NotFound when deleting a non-existent transaction[0m
[38;5;243mD:/git/github.com/pixlcrashr/vsfv/test/grpc/transactions_test.go:318[0m

  [38;5;9m[FAILED] Expected an error to have occurred.  Got:
      <nil>: nil[0m
  [38;5;9mIn [1m[It][0m[38;5;9m at: [1mD:/git/github.com/pixlcrashr/vsfv/test/grpc/transactions_test.go:322[0m [38;5;243m@ 06/05/26 00:56:49.853[0m
[38;5;243m------------------------------[0m

2026/06/05 00:56:49 [32mD:/git/github.com/pixlcrashr/vsfv/pkg/db/repository/organizations.go:102
[0m[33m[2.627ms] [34;1m[rows:1][0m INSERT INTO "organizations" ("id","display_name") VALUES ('f607e638-87dd-43aa-a8db-70b40d4049f6','Test Org for Transactions') RETURNING "updated_at","created_at"

2026/06/05 00:56:49 [32mD:/git/github.com/pixlcrashr/vsfv/pkg/db/repository/import_sources.go:104
[0m[33m[2.613ms] [34;1m[rows:1][0m INSERT INTO "import_sources" ("id","organization_id","display_name","display_description") VALUES ('0ef228d5-4dfa-419f-86a4-5347a68ec062','f607e638-87dd-43aa-a8db-70b40d4049f6','Test Import Source','') RETURNING "period_start","updated_at","created_at"

2026/06/05 00:56:49 [32mD:/git/github.com/pixlcrashr/vsfv/pkg/db/repository/transaction_accounts.go:112
[0m[33m[2.637ms] [34;1m[rows:1][0m INSERT INTO "transaction_accounts" ("id","organization_id","code","import_source_id","display_name","display_description") VALUES ('c7b77d81-d65c-48e5-8b7a-9878ff2e7423','f607e638-87dd-43aa-a8db-70b40d4049f6','CREDIT-ACC','0ef228d5-4dfa-419f-86a4-5347a68ec062','Credit Account','') RETURNING "updated_at","created_at"

2026/06/05 00:56:49 [32mD:/git/github.com/pixlcrashr/vsfv/pkg/db/repository/transaction_accounts.go:112
[0m[33m[3.171ms] [34;1m[rows:1][0m INSERT INTO "transaction_accounts" ("id","organization_id","code","import_source_id","display_name","display_description") VALUES ('62c108b9-cbf3-4ef8-aa69-12e2bb4e7dbd','f607e638-87dd-43aa-a8db-70b40d4049f6','DEBIT-ACC','0ef228d5-4dfa-419f-86a4-5347a68ec062','Debit Account','') RETURNING "updated_at","created_at"

2026/06/05 00:56:49 [32mD:/git/github.com/pixlcrashr/vsfv/pkg/db/repository/transactions.go:201
[0m[33m[3.192ms] [34;1m[rows:1][0m INSERT INTO "transactions" ("id","organization_id","credit_transaction_account_id","debit_transaction_account_id","amount","description","reference") VALUES ('6bb88b7e-938d-4be6-8563-8b6bff961430','f607e638-87dd-43aa-a8db-70b40d4049f6','c7b77d81-d65c-48e5-8b7a-9878ff2e7423','62c108b9-cbf3-4ef8-aa69-12e2bb4e7dbd','0','To Delete','') RETURNING "booked_at","document_date","updated_at","created_at"
[38;5;10m+[0m
2026/06/05 00:56:49 [32mD:/git/github.com/pixlcrashr/vsfv/pkg/db/repository/organizations.go:102
[0m[33m[3.147ms] [34;1m[rows:1][0m INSERT INTO "organizations" ("id","display_name") VALUES ('a051430b-be71-4bb2-b6f5-355c3f89c110','Test Org') RETURNING "updated_at","created_at"
[38;5;10m+[0m[38;5;10m+[0m
2026/06/05 00:56:49 [32mD:/git/github.com/pixlcrashr/vsfv/pkg/db/repository/organizations.go:102
[0m[33m[3.170ms] [34;1m[rows:1][0m INSERT INTO "organizations" ("id","display_name") VALUES ('57f6a0af-0a08-4774-82a7-324dd5d422ac','Get Org') RETURNING "updated_at","created_at"

2026/06/05 00:56:49 [32mD:/git/github.com/pixlcrashr/vsfv/pkg/db/repository/organizations.go:97
[0m[33m[1.605ms] [34;1m[rows:1][0m SELECT * FROM "organizations" WHERE "organizations"."id" = '57f6a0af-0a08-4774-82a7-324dd5d422ac' ORDER BY "organizations"."id" LIMIT 1
[38;5;10m+[0m
2026/06/05 00:56:49 [32mD:/git/github.com/pixlcrashr/vsfv/pkg/db/repository/organizations.go:102
[0m[33m[3.183ms] [34;1m[rows:1][0m INSERT INTO "organizations" ("id","display_name") VALUES ('d1626a7c-339d-4bde-bce1-775a3a3b2be8','Get Org') RETURNING "updated_at","created_at"

2026/06/05 00:56:49 [31;1mD:/git/github.com/pixlcrashr/vsfv/pkg/db/repository/organizations.go:97 [35;1mrecord not found
[0m[33m[1.101ms] [34;1m[rows:0][0m SELECT * FROM "organizations" WHERE "organizations"."id" = '00000000-0000-0000-0000-000000000000' ORDER BY "organizations"."id" LIMIT 1
[38;5;10m+[0m
2026/06/05 00:56:49 [32mD:/git/github.com/pixlcrashr/vsfv/pkg/db/repository/organizations.go:102
[0m[33m[2.650ms] [34;1m[rows:1][0m INSERT INTO "organizations" ("id","display_name") VALUES ('1de27238-5d48-4133-a825-e2b6f4ce4121','Get Org') RETURNING "updated_at","created_at"
[38;5;10m+[0m
2026/06/05 00:56:49 [32mD:/git/github.com/pixlcrashr/vsfv/pkg/db/repository/organizations.go:102
[0m[33m[2.659ms] [34;1m[rows:1][0m INSERT INTO "organizations" ("id","display_name") VALUES ('fa95d520-69ab-45bf-a7ea-3aec9ce8b1ff','Alpha') RETURNING "updated_at","created_at"

2026/06/05 00:56:49 [32mD:/git/github.com/pixlcrashr/vsfv/pkg/db/repository/organizations.go:102
[0m[33m[2.610ms] [34;1m[rows:1][0m INSERT INTO "organizations" ("id","display_name") VALUES ('ec5e08b9-b7fc-4626-b221-69107fba0205','Beta') RETURNING "updated_at","created_at"

2026/06/05 00:56:49 [32mD:/git/github.com/pixlcrashr/vsfv/pkg/db/repository/organizations.go:102
[0m[33m[2.634ms] [34;1m[rows:1][0m INSERT INTO "organizations" ("id","display_name") VALUES ('709cc077-e4f5-44d9-9b4f-b67e7ee3b388','Gamma') RETURNING "updated_at","created_at"

2026/06/05 00:56:49 [32mD:/git/github.com/pixlcrashr/vsfv/pkg/db/repository/organizations.go:68
[0m[33m[1.586ms] [34;1m[rows:1][0m SELECT count(*) FROM "organizations"

2026/06/05 00:56:49 [32mD:/git/github.com/pixlcrashr/vsfv/pkg/db/repository/organizations.go:87
[0m[33m[2.169ms] [34;1m[rows:64][0m SELECT * FROM "organizations" ORDER BY created_at DESC LIMIT 100
[38;5;10m+[0m
2026/06/05 00:56:49 [32mD:/git/github.com/pixlcrashr/vsfv/pkg/db/repository/organizations.go:102
[0m[33m[3.148ms] [34;1m[rows:1][0m INSERT INTO "organizations" ("id","display_name") VALUES ('1722d03d-d44c-40b0-8b91-33cc1bd2c1af','Alpha') RETURNING "updated_at","created_at"

2026/06/05 00:56:49 [32mD:/git/github.com/pixlcrashr/vsfv/pkg/db/repository/organizations.go:102
[0m[33m[2.656ms] [34;1m[rows:1][0m INSERT INTO "organizations" ("id","display_name") VALUES ('bafe17c5-70e7-4532-a6e8-e540728c80a2','Beta') RETURNING "updated_at","created_at"

2026/06/05 00:56:49 [32mD:/git/github.com/pixlcrashr/vsfv/pkg/db/repository/organizations.go:102
[0m[33m[3.162ms] [34;1m[rows:1][0m INSERT INTO "organizations" ("id","display_name") VALUES ('c7d01918-8c6e-4d3c-9421-6cf3ebe048a5','Gamma') RETURNING "updated_at","created_at"

2026/06/05 00:56:49 [32mD:/git/github.com/pixlcrashr/vsfv/pkg/db/repository/organizations.go:68
[0m[33m[1.062ms] [34;1m[rows:1][0m SELECT count(*) FROM "organizations"

2026/06/05 00:56:49 [32mD:/git/github.com/pixlcrashr/vsfv/pkg/db/repository/organizations.go:87
[0m[33m[0.528ms] [34;1m[rows:1][0m SELECT * FROM "organizations" ORDER BY created_at DESC LIMIT 1
[38;5;10m+[0m
2026/06/05 00:56:49 [32mD:/git/github.com/pixlcrashr/vsfv/pkg/db/repository/organizations.go:102
[0m[33m[4.292ms] [34;1m[rows:1][0m INSERT INTO "organizations" ("id","display_name") VALUES ('0613a990-1ccc-4f3f-a5c0-94bf5d3b8f53','Alpha') RETURNING "updated_at","created_at"

2026/06/05 00:56:49 [32mD:/git/github.com/pixlcrashr/vsfv/pkg/db/repository/organizations.go:102
[0m[33m[2.676ms] [34;1m[rows:1][0m INSERT INTO "organizations" ("id","display_name") VALUES ('830b4189-5a23-4b9b-96ce-b6ff24fa766b','Beta') RETURNING "updated_at","created_at"

2026/06/05 00:56:49 [32mD:/git/github.com/pixlcrashr/vsfv/pkg/db/repository/organizations.go:102
[0m[33m[2.631ms] [34;1m[rows:1][0m INSERT INTO "organizations" ("id","display_name") VALUES ('711365fb-6647-4f81-bd57-112bbed7af9f','Gamma') RETURNING "updated_at","created_at"

2026/06/05 00:56:49 [32mD:/git/github.com/pixlcrashr/vsfv/pkg/db/repository/organizations.go:68
[0m[33m[0.535ms] [34;1m[rows:1][0m SELECT count(*) FROM "organizations"

2026/06/05 00:56:49 [32mD:/git/github.com/pixlcrashr/vsfv/pkg/db/repository/organizations.go:87
[0m[33m[1.060ms] [34;1m[rows:2][0m SELECT * FROM "organizations" ORDER BY created_at DESC LIMIT 2

2026/06/05 00:56:49 [32mD:/git/github.com/pixlcrashr/vsfv/pkg/db/repository/organizations.go:68
[0m[33m[1.081ms] [34;1m[rows:1][0m SELECT count(*) FROM "organizations"

2026/06/05 00:56:49 [32mD:/git/github.com/pixlcrashr/vsfv/pkg/db/repository/organizations.go:87
[0m[33m[1.058ms] [34;1m[rows:2][0m SELECT * FROM "organizations" ORDER BY created_at DESC LIMIT 2 OFFSET 2

2026/06/05 00:56:49 [32mD:/git/github.com/pixlcrashr/vsfv/pkg/db/repository/organizations.go:68
[0m[33m[0.525ms] [34;1m[rows:1][0m SELECT count(*) FROM "organizations"

2026/06/05 00:56:49 [32mD:/git/github.com/pixlcrashr/vsfv/pkg/db/repository/organizations.go:87
[0m[33m[0.541ms] [34;1m[rows:2][0m SELECT * FROM "organizations" ORDER BY created_at DESC LIMIT 2 OFFSET 4

2026/06/05 00:56:49 [32mD:/git/github.com/pixlcrashr/vsfv/pkg/db/repository/organizations.go:68
[0m[33m[0.526ms] [34;1m[rows:1][0m SELECT count(*) FROM "organizations"

2026/06/05 00:56:49 [32mD:/git/github.com/pixlcrashr/vsfv/pkg/db/repository/organizations.go:87
[0m[33m[0.543ms] [34;1m[rows:2][0m SELECT * FROM "organizations" ORDER BY created_at DESC LIMIT 2 OFFSET 6

2026/06/05 00:56:49 [32mD:/git/github.com/pixlcrashr/vsfv/pkg/db/repository/organizations.go:68
[0m[33m[0.540ms] [34;1m[rows:1][0m SELECT count(*) FROM "organizations"

2026/06/05 00:56:49 [32mD:/git/github.com/pixlcrashr/vsfv/pkg/db/repository/organizations.go:87
[0m[33m[1.070ms] [34;1m[rows:2][0m SELECT * FROM "organizations" ORDER BY created_at DESC LIMIT 2 OFFSET 8

2026/06/05 00:56:49 [32mD:/git/github.com/pixlcrashr/vsfv/pkg/db/repository/organizations.go:68
[0m[33m[0.536ms] [34;1m[rows:1][0m SELECT count(*) FROM "organizations"

2026/06/05 00:56:49 [32mD:/git/github.com/pixlcrashr/vsfv/pkg/db/repository/organizations.go:87
[0m[33m[0.543ms] [34;1m[rows:2][0m SELECT * FROM "organizations" ORDER BY created_at DESC LIMIT 2 OFFSET 10

2026/06/05 00:56:49 [32mD:/git/github.com/pixlcrashr/vsfv/pkg/db/repository/organizations.go:68
[0m[33m[1.081ms] [34;1m[rows:1][0m SELECT count(*) FROM "organizations"

2026/06/05 00:56:49 [32mD:/git/github.com/pixlcrashr/vsfv/pkg/db/repository/organizations.go:87
[0m[33m[0.541ms] [34;1m[rows:2][0m SELECT * FROM "organizations" ORDER BY created_at DESC LIMIT 2 OFFSET 12

2026/06/05 00:56:49 [32mD:/git/github.com/pixlcrashr/vsfv/pkg/db/repository/organizations.go:68
[0m[33m[0.534ms] [34;1m[rows:1][0m SELECT count(*) FROM "organizations"

2026/06/05 00:56:49 [32mD:/git/github.com/pixlcrashr/vsfv/pkg/db/repository/organizations.go:87
[0m[33m[1.048ms] [34;1m[rows:2][0m SELECT * FROM "organizations" ORDER BY created_at DESC LIMIT 2 OFFSET 14

2026/06/05 00:56:49 [32mD:/git/github.com/pixlcrashr/vsfv/pkg/db/repository/organizations.go:68
[0m[33m[0.532ms] [34;1m[rows:1][0m SELECT count(*) FROM "organizations"

2026/06/05 00:56:49 [32mD:/git/github.com/pixlcrashr/vsfv/pkg/db/repository/organizations.go:87
[0m[33m[1.053ms] [34;1m[rows:2][0m SELECT * FROM "organizations" ORDER BY created_at DESC LIMIT 2 OFFSET 16

2026/06/05 00:56:49 [32mD:/git/github.com/pixlcrashr/vsfv/pkg/db/repository/organizations.go:68
[0m[33m[1.041ms] [34;1m[rows:1][0m SELECT count(*) FROM "organizations"

2026/06/05 00:56:49 [32mD:/git/github.com/pixlcrashr/vsfv/pkg/db/repository/organizations.go:87
[0m[33m[1.051ms] [34;1m[rows:2][0m SELECT * FROM "organizations" ORDER BY created_at DESC LIMIT 2 OFFSET 18

2026/06/05 00:56:49 [32mD:/git/github.com/pixlcrashr/vsfv/pkg/db/repository/organizations.go:68
[0m[33m[1.042ms] [34;1m[rows:1][0m SELECT count(*) FROM "organizations"

2026/06/05 00:56:49 [32mD:/git/github.com/pixlcrashr/vsfv/pkg/db/repository/organizations.go:87
[0m[33m[1.061ms] [34;1m[rows:2][0m SELECT * FROM "organizations" ORDER BY created_at DESC LIMIT 2 OFFSET 20

2026/06/05 00:56:49 [32mD:/git/github.com/pixlcrashr/vsfv/pkg/db/repository/organizations.go:68
[0m[33m[1.039ms] [34;1m[rows:1][0m SELECT count(*) FROM "organizations"

2026/06/05 00:56:49 [32mD:/git/github.com/pixlcrashr/vsfv/pkg/db/repository/organizations.go:87
[0m[33m[1.080ms] [34;1m[rows:2][0m SELECT * FROM "organizations" ORDER BY created_at DESC LIMIT 2 OFFSET 22

2026/06/05 00:56:49 [32mD:/git/github.com/pixlcrashr/vsfv/pkg/db/repository/organizations.go:68
[0m[33m[0.574ms] [34;1m[rows:1][0m SELECT count(*) FROM "organizations"

2026/06/05 00:56:49 [32mD:/git/github.com/pixlcrashr/vsfv/pkg/db/repository/organizations.go:87
[0m[33m[0.526ms] [34;1m[rows:2][0m SELECT * FROM "organizations" ORDER BY created_at DESC LIMIT 2 OFFSET 24

2026/06/05 00:56:49 [32mD:/git/github.com/pixlcrashr/vsfv/pkg/db/repository/organizations.go:68
[0m[33m[0.523ms] [34;1m[rows:1][0m SELECT count(*) FROM "organizations"

2026/06/05 00:56:49 [32mD:/git/github.com/pixlcrashr/vsfv/pkg/db/repository/organizations.go:87
[0m[33m[1.073ms] [34;1m[rows:2][0m SELECT * FROM "organizations" ORDER BY created_at DESC LIMIT 2 OFFSET 26

2026/06/05 00:56:49 [32mD:/git/github.com/pixlcrashr/vsfv/pkg/db/repository/organizations.go:68
[0m[33m[0.533ms] [34;1m[rows:1][0m SELECT count(*) FROM "organizations"

2026/06/05 00:56:49 [32mD:/git/github.com/pixlcrashr/vsfv/pkg/db/repository/organizations.go:87
[0m[33m[1.049ms] [34;1m[rows:2][0m SELECT * FROM "organizations" ORDER BY created_at DESC LIMIT 2 OFFSET 28

2026/06/05 00:56:49 [32mD:/git/github.com/pixlcrashr/vsfv/pkg/db/repository/organizations.go:68
[0m[33m[1.057ms] [34;1m[rows:1][0m SELECT count(*) FROM "organizations"

2026/06/05 00:56:49 [32mD:/git/github.com/pixlcrashr/vsfv/pkg/db/repository/organizations.go:87
[0m[33m[0.531ms] [34;1m[rows:2][0m SELECT * FROM "organizations" ORDER BY created_at DESC LIMIT 2 OFFSET 30

2026/06/05 00:56:49 [32mD:/git/github.com/pixlcrashr/vsfv/pkg/db/repository/organizations.go:68
[0m[33m[0.537ms] [34;1m[rows:1][0m SELECT count(*) FROM "organizations"

2026/06/05 00:56:49 [32mD:/git/github.com/pixlcrashr/vsfv/pkg/db/repository/organizations.go:87
[0m[33m[1.043ms] [34;1m[rows:2][0m SELECT * FROM "organizations" ORDER BY created_at DESC LIMIT 2 OFFSET 32

2026/06/05 00:56:49 [32mD:/git/github.com/pixlcrashr/vsfv/pkg/db/repository/organizations.go:68
[0m[33m[0.529ms] [34;1m[rows:1][0m SELECT count(*) FROM "organizations"

2026/06/05 00:56:49 [32mD:/git/github.com/pixlcrashr/vsfv/pkg/db/repository/organizations.go:87
[0m[33m[0.537ms] [34;1m[rows:2][0m SELECT * FROM "organizations" ORDER BY created_at DESC LIMIT 2 OFFSET 34

2026/06/05 00:56:49 [32mD:/git/github.com/pixlcrashr/vsfv/pkg/db/repository/organizations.go:68
[0m[33m[0.557ms] [34;1m[rows:1][0m SELECT count(*) FROM "organizations"

2026/06/05 00:56:49 [32mD:/git/github.com/pixlcrashr/vsfv/pkg/db/repository/organizations.go:87
[0m[33m[0.538ms] [34;1m[rows:2][0m SELECT * FROM "organizations" ORDER BY created_at DESC LIMIT 2 OFFSET 36

2026/06/05 00:56:49 [32mD:/git/github.com/pixlcrashr/vsfv/pkg/db/repository/organizations.go:68
[0m[33m[1.054ms] [34;1m[rows:1][0m SELECT count(*) FROM "organizations"

2026/06/05 00:56:49 [32mD:/git/github.com/pixlcrashr/vsfv/pkg/db/repository/organizations.go:87
[0m[33m[0.533ms] [34;1m[rows:2][0m SELECT * FROM "organizations" ORDER BY created_at DESC LIMIT 2 OFFSET 38

2026/06/05 00:56:49 [32mD:/git/github.com/pixlcrashr/vsfv/pkg/db/repository/organizations.go:68
[0m[33m[1.051ms] [34;1m[rows:1][0m SELECT count(*) FROM "organizations"

2026/06/05 00:56:49 [32mD:/git/github.com/pixlcrashr/vsfv/pkg/db/repository/organizations.go:87
[0m[33m[0.557ms] [34;1m[rows:2][0m SELECT * FROM "organizations" ORDER BY created_at DESC LIMIT 2 OFFSET 40

2026/06/05 00:56:49 [32mD:/git/github.com/pixlcrashr/vsfv/pkg/db/repository/organizations.go:68
[0m[33m[1.054ms] [34;1m[rows:1][0m SELECT count(*) FROM "organizations"

2026/06/05 00:56:49 [32mD:/git/github.com/pixlcrashr/vsfv/pkg/db/repository/organizations.go:87
[0m[33m[0.516ms] [34;1m[rows:2][0m SELECT * FROM "organizations" ORDER BY created_at DESC LIMIT 2 OFFSET 42

2026/06/05 00:56:49 [32mD:/git/github.com/pixlcrashr/vsfv/pkg/db/repository/organizations.go:68
[0m[33m[0.538ms] [34;1m[rows:1][0m SELECT count(*) FROM "organizations"

2026/06/05 00:56:49 [32mD:/git/github.com/pixlcrashr/vsfv/pkg/db/repository/organizations.go:87
[0m[33m[1.046ms] [34;1m[rows:2][0m SELECT * FROM "organizations" ORDER BY created_at DESC LIMIT 2 OFFSET 44

2026/06/05 00:56:49 [32mD:/git/github.com/pixlcrashr/vsfv/pkg/db/repository/organizations.go:68
[0m[33m[0.536ms] [34;1m[rows:1][0m SELECT count(*) FROM "organizations"

2026/06/05 00:56:49 [32mD:/git/github.com/pixlcrashr/vsfv/pkg/db/repository/organizations.go:87
[0m[33m[1.057ms] [34;1m[rows:2][0m SELECT * FROM "organizations" ORDER BY created_at DESC LIMIT 2 OFFSET 46

2026/06/05 00:56:49 [32mD:/git/github.com/pixlcrashr/vsfv/pkg/db/repository/organizations.go:68
[0m[33m[0.532ms] [34;1m[rows:1][0m SELECT count(*) FROM "organizations"

2026/06/05 00:56:49 [32mD:/git/github.com/pixlcrashr/vsfv/pkg/db/repository/organizations.go:87
[0m[33m[0.516ms] [34;1m[rows:2][0m SELECT * FROM "organizations" ORDER BY created_at DESC LIMIT 2 OFFSET 48

2026/06/05 00:56:49 [32mD:/git/github.com/pixlcrashr/vsfv/pkg/db/repository/organizations.go:68
[0m[33m[1.053ms] [34;1m[rows:1][0m SELECT count(*) FROM "organizations"

2026/06/05 00:56:49 [32mD:/git/github.com/pixlcrashr/vsfv/pkg/db/repository/organizations.go:87
[0m[33m[0.529ms] [34;1m[rows:2][0m SELECT * FROM "organizations" ORDER BY created_at DESC LIMIT 2 OFFSET 50

2026/06/05 00:56:49 [32mD:/git/github.com/pixlcrashr/vsfv/pkg/db/repository/organizations.go:68
[0m[33m[1.056ms] [34;1m[rows:1][0m SELECT count(*) FROM "organizations"

2026/06/05 00:56:49 [32mD:/git/github.com/pixlcrashr/vsfv/pkg/db/repository/organizations.go:87
[0m[33m[0.516ms] [34;1m[rows:2][0m SELECT * FROM "organizations" ORDER BY created_at DESC LIMIT 2 OFFSET 52

2026/06/05 00:56:49 [32mD:/git/github.com/pixlcrashr/vsfv/pkg/db/repository/organizations.go:68
[0m[33m[1.054ms] [34;1m[rows:1][0m SELECT count(*) FROM "organizations"

2026/06/05 00:56:49 [32mD:/git/github.com/pixlcrashr/vsfv/pkg/db/repository/organizations.go:87
[0m[33m[0.538ms] [34;1m[rows:2][0m SELECT * FROM "organizations" ORDER BY created_at DESC LIMIT 2 OFFSET 54

2026/06/05 00:56:49 [32mD:/git/github.com/pixlcrashr/vsfv/pkg/db/repository/organizations.go:68
[0m[33m[1.059ms] [34;1m[rows:1][0m SELECT count(*) FROM "organizations"

2026/06/05 00:56:49 [32mD:/git/github.com/pixlcrashr/vsfv/pkg/db/repository/organizations.go:87
[0m[33m[0.524ms] [34;1m[rows:2][0m SELECT * FROM "organizations" ORDER BY created_at DESC LIMIT 2 OFFSET 56

2026/06/05 00:56:49 [32mD:/git/github.com/pixlcrashr/vsfv/pkg/db/repository/organizations.go:68
[0m[33m[1.052ms] [34;1m[rows:1][0m SELECT count(*) FROM "organizations"

2026/06/05 00:56:49 [32mD:/git/github.com/pixlcrashr/vsfv/pkg/db/repository/organizations.go:87
[0m[33m[0.527ms] [34;1m[rows:2][0m SELECT * FROM "organizations" ORDER BY created_at DESC LIMIT 2 OFFSET 58

2026/06/05 00:56:49 [32mD:/git/github.com/pixlcrashr/vsfv/pkg/db/repository/organizations.go:68
[0m[33m[1.119ms] [34;1m[rows:1][0m SELECT count(*) FROM "organizations"

2026/06/05 00:56:49 [32mD:/git/github.com/pixlcrashr/vsfv/pkg/db/repository/organizations.go:87
[0m[33m[0.532ms] [34;1m[rows:2][0m SELECT * FROM "organizations" ORDER BY created_at DESC LIMIT 2 OFFSET 60

2026/06/05 00:56:49 [32mD:/git/github.com/pixlcrashr/vsfv/pkg/db/repository/organizations.go:68
[0m[33m[0.517ms] [34;1m[rows:1][0m SELECT count(*) FROM "organizations"

2026/06/05 00:56:49 [32mD:/git/github.com/pixlcrashr/vsfv/pkg/db/repository/organizations.go:87
[0m[33m[1.039ms] [34;1m[rows:2][0m SELECT * FROM "organizations" ORDER BY created_at DESC LIMIT 2 OFFSET 62

2026/06/05 00:56:49 [32mD:/git/github.com/pixlcrashr/vsfv/pkg/db/repository/organizations.go:68
[0m[33m[0.524ms] [34;1m[rows:1][0m SELECT count(*) FROM "organizations"

2026/06/05 00:56:49 [32mD:/git/github.com/pixlcrashr/vsfv/pkg/db/repository/organizations.go:87
[0m[33m[1.051ms] [34;1m[rows:2][0m SELECT * FROM "organizations" ORDER BY created_at DESC LIMIT 2 OFFSET 64

2026/06/05 00:56:49 [32mD:/git/github.com/pixlcrashr/vsfv/pkg/db/repository/organizations.go:68
[0m[33m[0.518ms] [34;1m[rows:1][0m SELECT count(*) FROM "organizations"

2026/06/05 00:56:49 [32mD:/git/github.com/pixlcrashr/vsfv/pkg/db/repository/organizations.go:87
[0m[33m[1.077ms] [34;1m[rows:2][0m SELECT * FROM "organizations" ORDER BY created_at DESC LIMIT 2 OFFSET 66

2026/06/05 00:56:49 [32mD:/git/github.com/pixlcrashr/vsfv/pkg/db/repository/organizations.go:68
[0m[33m[0.516ms] [34;1m[rows:1][0m SELECT count(*) FROM "organizations"

2026/06/05 00:56:49 [32mD:/git/github.com/pixlcrashr/vsfv/pkg/db/repository/organizations.go:87
[0m[33m[1.081ms] [34;1m[rows:2][0m SELECT * FROM "organizations" ORDER BY created_at DESC LIMIT 2 OFFSET 68
[38;5;10m+[0m
2026/06/05 00:56:49 [32mD:/git/github.com/pixlcrashr/vsfv/pkg/db/repository/organizations.go:102
[0m[33m[3.151ms] [34;1m[rows:1][0m INSERT INTO "organizations" ("id","display_name") VALUES ('c9fe86d9-936b-4ccc-9567-611f2eb64f31','Before Update') RETURNING "updated_at","created_at"

2026/06/05 00:56:49 [32mD:/git/github.com/pixlcrashr/vsfv/pkg/db/repository/organizations.go:97
[0m[33m[0.525ms] [34;1m[rows:1][0m SELECT * FROM "organizations" WHERE "organizations"."id" = 'c9fe86d9-936b-4ccc-9567-611f2eb64f31' ORDER BY "organizations"."id" LIMIT 1

2026/06/05 00:56:49 [32mD:/git/github.com/pixlcrashr/vsfv/pkg/db/repository/organizations.go:107
[0m[33m[4.027ms] [34;1m[rows:1][0m UPDATE "organizations" SET "id"='c9fe86d9-936b-4ccc-9567-611f2eb64f31',"display_name"='After Update',"updated_at"='2026-06-05 00:56:49.986',"created_at"='2026-06-05 00:56:49.983' WHERE "organizations"."id" = 'c9fe86d9-936b-4ccc-9567-611f2eb64f31'
[38;5;10m+[0m
2026/06/05 00:56:49 [32mD:/git/github.com/pixlcrashr/vsfv/pkg/db/repository/organizations.go:102
[0m[33m[2.642ms] [34;1m[rows:1][0m INSERT INTO "organizations" ("id","display_name") VALUES ('19f2605f-4f7d-4a50-bf79-e4dac8d262c8','Before Update') RETURNING "updated_at","created_at"

2026/06/05 00:56:49 [31;1mD:/git/github.com/pixlcrashr/vsfv/pkg/db/repository/organizations.go:97 [35;1mrecord not found
[0m[33m[1.070ms] [34;1m[rows:0][0m SELECT * FROM "organizations" WHERE "organizations"."id" = '00000000-0000-0000-0000-000000000000' ORDER BY "organizations"."id" LIMIT 1
[38;5;10m+[0m
2026/06/05 00:56:49 [32mD:/git/github.com/pixlcrashr/vsfv/pkg/db/repository/organizations.go:102
[0m[33m[2.639ms] [34;1m[rows:1][0m INSERT INTO "organizations" ("id","display_name") VALUES ('7ec9647b-9ae3-42d4-ac6e-8a5d00db0749','Before Update') RETURNING "updated_at","created_at"
[38;5;10m+[0m
2026/06/05 00:56:49 [32mD:/git/github.com/pixlcrashr/vsfv/pkg/db/repository/organizations.go:102
[0m[33m[3.192ms] [34;1m[rows:1][0m INSERT INTO "organizations" ("id","display_name") VALUES ('976495cd-eacf-45ee-be86-2b770c6844a8','To Delete') RETURNING "updated_at","created_at"

2026/06/05 00:56:50 [32mD:/git/github.com/pixlcrashr/vsfv/pkg/db/repository/organizations.go:113
[0m[33m[8.668ms] [34;1m[rows:1][0m DELETE FROM "organizations" WHERE "organizations"."id" = '976495cd-eacf-45ee-be86-2b770c6844a8'

2026/06/05 00:56:50 [31;1mD:/git/github.com/pixlcrashr/vsfv/pkg/db/repository/organizations.go:97 [35;1mrecord not found
[0m[33m[1.058ms] [34;1m[rows:0][0m SELECT * FROM "organizations" WHERE "organizations"."id" = '976495cd-eacf-45ee-be86-2b770c6844a8' ORDER BY "organizations"."id" LIMIT 1
[38;5;10m+[0m
2026/06/05 00:56:50 [32mD:/git/github.com/pixlcrashr/vsfv/pkg/db/repository/organizations.go:102
[0m[33m[3.155ms] [34;1m[rows:1][0m INSERT INTO "organizations" ("id","display_name") VALUES ('751f3a87-dfa8-4038-949d-3e8f695166f2','To Delete') RETURNING "updated_at","created_at"

2026/06/05 00:56:50 [32mD:/git/github.com/pixlcrashr/vsfv/pkg/db/repository/organizations.go:113
[0m[33m[2.632ms] [34;1m[rows:0][0m DELETE FROM "organizations" WHERE "organizations"."id" = '00000000-0000-0000-0000-000000000000'
[38;5;10m+[0m
2026/06/05 00:56:50 [32mD:/git/github.com/pixlcrashr/vsfv/pkg/db/repository/organizations.go:102
[0m[33m[3.134ms] [34;1m[rows:1][0m INSERT INTO "organizations" ("id","display_name") VALUES ('96c72c94-ae0e-4fd5-a457-cf44618113ca','To Delete') RETURNING "updated_at","created_at"
[38;5;10m+[0m
2026/06/05 00:56:50 [32mD:/git/github.com/pixlcrashr/vsfv/pkg/db/repository/organizations.go:102
[0m[33m[3.168ms] [34;1m[rows:1][0m INSERT INTO "organizations" ("id","display_name") VALUES ('ba175184-6def-4463-9777-66a7fb4f648d','Test Org for TransactionAccounts') RETURNING "updated_at","created_at"

2026/06/05 00:56:50 [32mD:/git/github.com/pixlcrashr/vsfv/pkg/db/repository/import_sources.go:104
[0m[33m[3.167ms] [34;1m[rows:1][0m INSERT INTO "import_sources" ("id","organization_id","display_name","display_description") VALUES ('020eeb08-0b81-4b06-bbd2-1e6b93562ff7','ba175184-6def-4463-9777-66a7fb4f648d','Test Import Source','') RETURNING "period_start","updated_at","created_at"

2026/06/05 00:56:50 [32mD:/git/github.com/pixlcrashr/vsfv/pkg/db/repository/transaction_accounts.go:112
[0m[33m[3.662ms] [34;1m[rows:1][0m INSERT INTO "transaction_accounts" ("id","organization_id","code","import_source_id","display_name","display_description") VALUES ('ef10bd00-0070-41d9-9980-1ed4a54c6cbb','ba175184-6def-4463-9777-66a7fb4f648d','DE89370400440532013000','020eeb08-0b81-4b06-bbd2-1e6b93562ff7','Test Bank Account','Main checking account') RETURNING "updated_at","created_at"
[38;5;10m+[0m
2026/06/05 00:56:50 [32mD:/git/github.com/pixlcrashr/vsfv/pkg/db/repository/organizations.go:102
[0m[33m[3.163ms] [34;1m[rows:1][0m INSERT INTO "organizations" ("id","display_name") VALUES ('e177ac56-ecb7-4b0b-aa6e-de5804ebce91','Test Org for TransactionAccounts') RETURNING "updated_at","created_at"

2026/06/05 00:56:50 [32mD:/git/github.com/pixlcrashr/vsfv/pkg/db/repository/import_sources.go:104
[0m[33m[2.640ms] [34;1m[rows:1][0m INSERT INTO "import_sources" ("id","organization_id","display_name","display_description") VALUES ('38a1959a-26c6-4016-8366-4cf476924092','e177ac56-ecb7-4b0b-aa6e-de5804ebce91','Test Import Source','') RETURNING "period_start","updated_at","created_at"
[38;5;10m+[0m
2026/06/05 00:56:50 [32mD:/git/github.com/pixlcrashr/vsfv/pkg/db/repository/organizations.go:102
[0m[33m[2.648ms] [34;1m[rows:1][0m INSERT INTO "organizations" ("id","display_name") VALUES ('f980e644-cc7a-4821-acba-3017e7f5922c','Test Org for TransactionAccounts') RETURNING "updated_at","created_at"

2026/06/05 00:56:50 [32mD:/git/github.com/pixlcrashr/vsfv/pkg/db/repository/import_sources.go:104
[0m[33m[2.645ms] [34;1m[rows:1][0m INSERT INTO "import_sources" ("id","organization_id","display_name","display_description") VALUES ('40c4f052-2343-482c-9d8d-a2acdbcfa279','f980e644-cc7a-4821-acba-3017e7f5922c','Test Import Source','') RETURNING "period_start","updated_at","created_at"
[38;5;10m+[0m
2026/06/05 00:56:50 [32mD:/git/github.com/pixlcrashr/vsfv/pkg/db/repository/organizations.go:102
[0m[33m[2.599ms] [34;1m[rows:1][0m INSERT INTO "organizations" ("id","display_name") VALUES ('151b4203-9049-4e8a-a448-0f3ee4df39ba','Test Org for TransactionAccounts') RETURNING "updated_at","created_at"

2026/06/05 00:56:50 [32mD:/git/github.com/pixlcrashr/vsfv/pkg/db/repository/import_sources.go:104
[0m[33m[3.175ms] [34;1m[rows:1][0m INSERT INTO "import_sources" ("id","organization_id","display_name","display_description") VALUES ('3f2385e4-cc61-455c-9b0f-c9e2eeecd790','151b4203-9049-4e8a-a448-0f3ee4df39ba','Test Import Source','') RETURNING "period_start","updated_at","created_at"

2026/06/05 00:56:50 [32mD:/git/github.com/pixlcrashr/vsfv/pkg/db/repository/transaction_accounts.go:112
[0m[33m[3.193ms] [34;1m[rows:1][0m INSERT INTO "transaction_accounts" ("id","organization_id","code","import_source_id","display_name","display_description") VALUES ('98d1b42b-c4b0-4d20-8a4b-3743348a659a','151b4203-9049-4e8a-a448-0f3ee4df39ba','GET-TEST','3f2385e4-cc61-455c-9b0f-c9e2eeecd790','Get Test Account','') RETURNING "updated_at","created_at"

[38;5;243m------------------------------[0m
[38;5;9m+ [FAILED] [0.010 seconds][0m
[0mTransactionAccountService [38;5;243mGetTransactionAccount [38;5;9m[1m[It] retrieves the transaction account by resource name[0m
[38;5;243mD:/git/github.com/pixlcrashr/vsfv/test/grpc/transaction_accounts_test.go:97[0m

  [38;5;9m[FAILED] Unexpected error:
      <*status.Error | 0xc0001210f8>: 
      rpc error: code = InvalidArgument desc = invalid transaction account name
      {
          s: {
              s: {
                  state: {
                      NoUnkeyedLiterals: {},
                      DoNotCompare: [],
                      DoNotCopy: [],
                      atomicMessageInfo: nil,
                  },
                  sizeCache: 0,
                  unknownFields: nil,
                  Code: 3,
                  Message: "invalid transaction account name",
                  Details: nil,
              },
          },
      }
  occurred[0m
  [38;5;9mIn [1m[It][0m[38;5;9m at: [1mD:/git/github.com/pixlcrashr/vsfv/test/grpc/transaction_accounts_test.go:99[0m [38;5;243m@ 06/05/26 00:56:50.051[0m
[38;5;243m------------------------------[0m

2026/06/05 00:56:50 [32mD:/git/github.com/pixlcrashr/vsfv/pkg/db/repository/organizations.go:102
[0m[33m[3.708ms] [34;1m[rows:1][0m INSERT INTO "organizations" ("id","display_name") VALUES ('dd341bc0-1675-4b3d-adcf-90e84bbe26a9','Test Org for TransactionAccounts') RETURNING "updated_at","created_at"

2026/06/05 00:56:50 [32mD:/git/github.com/pixlcrashr/vsfv/pkg/db/repository/import_sources.go:104
[0m[33m[3.144ms] [34;1m[rows:1][0m INSERT INTO "import_sources" ("id","organization_id","display_name","display_description") VALUES ('aaba10e0-ed1e-481c-ac48-3543769443df','dd341bc0-1675-4b3d-adcf-90e84bbe26a9','Test Import Source','') RETURNING "period_start","updated_at","created_at"

2026/06/05 00:56:50 [32mD:/git/github.com/pixlcrashr/vsfv/pkg/db/repository/transaction_accounts.go:112
[0m[33m[3.436ms] [34;1m[rows:1][0m INSERT INTO "transaction_accounts" ("id","organization_id","code","import_source_id","display_name","display_description") VALUES ('19da3b71-f0e4-4fef-8027-def6cb30d205','dd341bc0-1675-4b3d-adcf-90e84bbe26a9','GET-TEST','aaba10e0-ed1e-481c-ac48-3543769443df','Get Test Account','') RETURNING "updated_at","created_at"

2026/06/05 00:56:50 [31;1mD:/git/github.com/pixlcrashr/vsfv/pkg/db/repository/transaction_accounts.go:102 [35;1mrecord not found
[0m[33m[1.645ms] [34;1m[rows:0][0m SELECT * FROM "transaction_accounts" WHERE "transaction_accounts"."id" = '00000000-0000-0000-0000-000000000000' ORDER BY "transaction_accounts"."id" LIMIT 1
[38;5;10m+[0m
2026/06/05 00:56:50 [32mD:/git/github.com/pixlcrashr/vsfv/pkg/db/repository/organizations.go:102
[0m[33m[3.191ms] [34;1m[rows:1][0m INSERT INTO "organizations" ("id","display_name") VALUES ('a3346db1-7568-4fc1-a4e2-b6f294dbf135','Test Org for TransactionAccounts') RETURNING "updated_at","created_at"

2026/06/05 00:56:50 [32mD:/git/github.com/pixlcrashr/vsfv/pkg/db/repository/import_sources.go:104
[0m[33m[3.708ms] [34;1m[rows:1][0m INSERT INTO "import_sources" ("id","organization_id","display_name","display_description") VALUES ('1dc3f797-686f-4e46-9f2a-675f2775fff1','a3346db1-7568-4fc1-a4e2-b6f294dbf135','Test Import Source','') RETURNING "period_start","updated_at","created_at"

2026/06/05 00:56:50 [32mD:/git/github.com/pixlcrashr/vsfv/pkg/db/repository/transaction_accounts.go:112
[0m[33m[3.174ms] [34;1m[rows:1][0m INSERT INTO "transaction_accounts" ("id","organization_id","code","import_source_id","display_name","display_description") VALUES ('c0b6f202-c308-4a1e-80a5-d9e35863d05b','a3346db1-7568-4fc1-a4e2-b6f294dbf135','GET-TEST','1dc3f797-686f-4e46-9f2a-675f2775fff1','Get Test Account','') RETURNING "updated_at","created_at"
[38;5;10m+[0m
2026/06/05 00:56:50 [32mD:/git/github.com/pixlcrashr/vsfv/pkg/db/repository/organizations.go:102
[0m[33m[2.652ms] [34;1m[rows:1][0m INSERT INTO "organizations" ("id","display_name") VALUES ('de8a9da7-4144-4fab-af92-10aa6b638e35','Test Org for TransactionAccounts') RETURNING "updated_at","created_at"

2026/06/05 00:56:50 [32mD:/git/github.com/pixlcrashr/vsfv/pkg/db/repository/import_sources.go:104
[0m[33m[3.212ms] [34;1m[rows:1][0m INSERT INTO "import_sources" ("id","organization_id","display_name","display_description") VALUES ('a7b6308d-b0b9-48f1-9874-017f94ceec54','de8a9da7-4144-4fab-af92-10aa6b638e35','Test Import Source','') RETURNING "period_start","updated_at","created_at"

2026/06/05 00:56:50 [32mD:/git/github.com/pixlcrashr/vsfv/pkg/db/repository/transaction_accounts.go:112
[0m[33m[3.770ms] [34;1m[rows:1][0m INSERT INTO "transaction_accounts" ("id","organization_id","code","import_source_id","display_name","display_description") VALUES ('c71fdf2e-de0d-4a3d-8dc0-5198aad43802','de8a9da7-4144-4fab-af92-10aa6b638e35','ACC-001','a7b6308d-b0b9-48f1-9874-017f94ceec54','ACC-001','') RETURNING "updated_at","created_at"

2026/06/05 00:56:50 [32mD:/git/github.com/pixlcrashr/vsfv/pkg/db/repository/transaction_accounts.go:112
[0m[33m[3.173ms] [34;1m[rows:1][0m INSERT INTO "transaction_accounts" ("id","organization_id","code","import_source_id","display_name","display_description") VALUES ('b1d1f957-dacf-4e85-ab0c-23a0d5db70ee','de8a9da7-4144-4fab-af92-10aa6b638e35','ACC-002','a7b6308d-b0b9-48f1-9874-017f94ceec54','ACC-002','') RETURNING "updated_at","created_at"

2026/06/05 00:56:50 [32mD:/git/github.com/pixlcrashr/vsfv/pkg/db/repository/transaction_accounts.go:112
[0m[33m[2.611ms] [34;1m[rows:1][0m INSERT INTO "transaction_accounts" ("id","organization_id","code","import_source_id","display_name","display_description") VALUES ('481898f0-df86-48c7-815c-40d5e03060dc','de8a9da7-4144-4fab-af92-10aa6b638e35','ACC-003','a7b6308d-b0b9-48f1-9874-017f94ceec54','ACC-003','') RETURNING "updated_at","created_at"

2026/06/05 00:56:50 [32mD:/git/github.com/pixlcrashr/vsfv/pkg/db/repository/transaction_accounts.go:74
[0m[33m[1.582ms] [34;1m[rows:1][0m SELECT count(*) FROM "transaction_accounts"

2026/06/05 00:56:50 [32mD:/git/github.com/pixlcrashr/vsfv/pkg/db/repository/transaction_accounts.go:93
[0m[33m[1.577ms] [34;1m[rows:43][0m SELECT * FROM "transaction_accounts" ORDER BY code ASC LIMIT 100
[38;5;10m+[0m
2026/06/05 00:56:50 [32mD:/git/github.com/pixlcrashr/vsfv/pkg/db/repository/organizations.go:102
[0m[33m[3.212ms] [34;1m[rows:1][0m INSERT INTO "organizations" ("id","display_name") VALUES ('f4f42481-0d04-40f5-a035-1c371226a8a8','Test Org for TransactionAccounts') RETURNING "updated_at","created_at"

2026/06/05 00:56:50 [32mD:/git/github.com/pixlcrashr/vsfv/pkg/db/repository/import_sources.go:104
[0m[33m[3.141ms] [34;1m[rows:1][0m INSERT INTO "import_sources" ("id","organization_id","display_name","display_description") VALUES ('6b0b74fa-9af0-4352-b422-dbb4286b9907','f4f42481-0d04-40f5-a035-1c371226a8a8','Test Import Source','') RETURNING "period_start","updated_at","created_at"

2026/06/05 00:56:50 [32mD:/git/github.com/pixlcrashr/vsfv/pkg/db/repository/transaction_accounts.go:112
[0m[33m[2.651ms] [34;1m[rows:1][0m INSERT INTO "transaction_accounts" ("id","organization_id","code","import_source_id","display_name","display_description") VALUES ('95134dae-9c7f-43b3-8959-e0a9314aacf9','f4f42481-0d04-40f5-a035-1c371226a8a8','ACC-001','6b0b74fa-9af0-4352-b422-dbb4286b9907','ACC-001','') RETURNING "updated_at","created_at"

2026/06/05 00:56:50 [32mD:/git/github.com/pixlcrashr/vsfv/pkg/db/repository/transaction_accounts.go:112
[0m[33m[2.119ms] [34;1m[rows:1][0m INSERT INTO "transaction_accounts" ("id","organization_id","code","import_source_id","display_name","display_description") VALUES ('7d4bae94-cb31-40da-9c9e-39bdae21ecb3','f4f42481-0d04-40f5-a035-1c371226a8a8','ACC-002','6b0b74fa-9af0-4352-b422-dbb4286b9907','ACC-002','') RETURNING "updated_at","created_at"

2026/06/05 00:56:50 [32mD:/git/github.com/pixlcrashr/vsfv/pkg/db/repository/transaction_accounts.go:112
[0m[33m[3.138ms] [34;1m[rows:1][0m INSERT INTO "transaction_accounts" ("id","organization_id","code","import_source_id","display_name","display_description") VALUES ('34dd7019-1839-4a68-b5fd-13076d0146d3','f4f42481-0d04-40f5-a035-1c371226a8a8','ACC-003','6b0b74fa-9af0-4352-b422-dbb4286b9907','ACC-003','') RETURNING "updated_at","created_at"

2026/06/05 00:56:50 [32mD:/git/github.com/pixlcrashr/vsfv/pkg/db/repository/transaction_accounts.go:74
[0m[33m[0.519ms] [34;1m[rows:1][0m SELECT count(*) FROM "transaction_accounts"

2026/06/05 00:56:50 [32mD:/git/github.com/pixlcrashr/vsfv/pkg/db/repository/transaction_accounts.go:93
[0m[33m[1.074ms] [34;1m[rows:1][0m SELECT * FROM "transaction_accounts" ORDER BY code ASC LIMIT 1
[38;5;10m+[0m
2026/06/05 00:56:50 [32mD:/git/github.com/pixlcrashr/vsfv/pkg/db/repository/organizations.go:102
[0m[33m[3.286ms] [34;1m[rows:1][0m INSERT INTO "organizations" ("id","display_name") VALUES ('e103f837-9962-4e4c-83c0-fd72fcaa01f4','Test Org for TransactionAccounts') RETURNING "updated_at","created_at"

2026/06/05 00:56:50 [32mD:/git/github.com/pixlcrashr/vsfv/pkg/db/repository/import_sources.go:104
[0m[33m[2.638ms] [34;1m[rows:1][0m INSERT INTO "import_sources" ("id","organization_id","display_name","display_description") VALUES ('29c3165a-a8df-4026-b4a4-5c29a32504dd','e103f837-9962-4e4c-83c0-fd72fcaa01f4','Test Import Source','') RETURNING "period_start","updated_at","created_at"

2026/06/05 00:56:50 [32mD:/git/github.com/pixlcrashr/vsfv/pkg/db/repository/transaction_accounts.go:112
[0m[33m[3.138ms] [34;1m[rows:1][0m INSERT INTO "transaction_accounts" ("id","organization_id","code","import_source_id","display_name","display_description") VALUES ('6bcea653-6f83-4016-aa1c-731135355b10','e103f837-9962-4e4c-83c0-fd72fcaa01f4','ACC-001','29c3165a-a8df-4026-b4a4-5c29a32504dd','ACC-001','') RETURNING "updated_at","created_at"

2026/06/05 00:56:50 [32mD:/git/github.com/pixlcrashr/vsfv/pkg/db/repository/transaction_accounts.go:112
[0m[33m[3.462ms] [34;1m[rows:1][0m INSERT INTO "transaction_accounts" ("id","organization_id","code","import_source_id","display_name","display_description") VALUES ('68572af4-cb33-4fe0-bcbd-8e2ed696576b','e103f837-9962-4e4c-83c0-fd72fcaa01f4','ACC-002','29c3165a-a8df-4026-b4a4-5c29a32504dd','ACC-002','') RETURNING "updated_at","created_at"

2026/06/05 00:56:50 [32mD:/git/github.com/pixlcrashr/vsfv/pkg/db/repository/transaction_accounts.go:112
[0m[33m[2.667ms] [34;1m[rows:1][0m INSERT INTO "transaction_accounts" ("id","organization_id","code","import_source_id","display_name","display_description") VALUES ('7798753f-55c6-442a-a5e3-33fc89061c8d','e103f837-9962-4e4c-83c0-fd72fcaa01f4','ACC-003','29c3165a-a8df-4026-b4a4-5c29a32504dd','ACC-003','') RETURNING "updated_at","created_at"

2026/06/05 00:56:50 [32mD:/git/github.com/pixlcrashr/vsfv/pkg/db/repository/transaction_accounts.go:74
[0m[33m[1.078ms] [34;1m[rows:1][0m SELECT count(*) FROM "transaction_accounts"

2026/06/05 00:56:50 [32mD:/git/github.com/pixlcrashr/vsfv/pkg/db/repository/transaction_accounts.go:93
[0m[33m[0.536ms] [34;1m[rows:2][0m SELECT * FROM "transaction_accounts" ORDER BY code ASC LIMIT 2

2026/06/05 00:56:50 [32mD:/git/github.com/pixlcrashr/vsfv/pkg/db/repository/transaction_accounts.go:74
[0m[33m[0.527ms] [34;1m[rows:1][0m SELECT count(*) FROM "transaction_accounts"

2026/06/05 00:56:50 [32mD:/git/github.com/pixlcrashr/vsfv/pkg/db/repository/transaction_accounts.go:93
[0m[33m[1.591ms] [34;1m[rows:2][0m SELECT * FROM "transaction_accounts" ORDER BY code ASC LIMIT 2 OFFSET 2

2026/06/05 00:56:50 [32mD:/git/github.com/pixlcrashr/vsfv/pkg/db/repository/transaction_accounts.go:74
[0m[33m[0.529ms] [34;1m[rows:1][0m SELECT count(*) FROM "transaction_accounts"

2026/06/05 00:56:50 [32mD:/git/github.com/pixlcrashr/vsfv/pkg/db/repository/transaction_accounts.go:93
[0m[33m[0.538ms] [34;1m[rows:2][0m SELECT * FROM "transaction_accounts" ORDER BY code ASC LIMIT 2 OFFSET 4

2026/06/05 00:56:50 [32mD:/git/github.com/pixlcrashr/vsfv/pkg/db/repository/transaction_accounts.go:74
[0m[33m[1.056ms] [34;1m[rows:1][0m SELECT count(*) FROM "transaction_accounts"

2026/06/05 00:56:50 [32mD:/git/github.com/pixlcrashr/vsfv/pkg/db/repository/transaction_accounts.go:93
[0m[33m[0.524ms] [34;1m[rows:2][0m SELECT * FROM "transaction_accounts" ORDER BY code ASC LIMIT 2 OFFSET 6

2026/06/05 00:56:50 [32mD:/git/github.com/pixlcrashr/vsfv/pkg/db/repository/transaction_accounts.go:74
[0m[33m[1.069ms] [34;1m[rows:1][0m SELECT count(*) FROM "transaction_accounts"

2026/06/05 00:56:50 [32mD:/git/github.com/pixlcrashr/vsfv/pkg/db/repository/transaction_accounts.go:93
[0m[33m[0.534ms] [34;1m[rows:2][0m SELECT * FROM "transaction_accounts" ORDER BY code ASC LIMIT 2 OFFSET 8

2026/06/05 00:56:50 [32mD:/git/github.com/pixlcrashr/vsfv/pkg/db/repository/transaction_accounts.go:74
[0m[33m[0.524ms] [34;1m[rows:1][0m SELECT count(*) FROM "transaction_accounts"

2026/06/05 00:56:50 [32mD:/git/github.com/pixlcrashr/vsfv/pkg/db/repository/transaction_accounts.go:93
[0m[33m[0.519ms] [34;1m[rows:2][0m SELECT * FROM "transaction_accounts" ORDER BY code ASC LIMIT 2 OFFSET 10

2026/06/05 00:56:50 [32mD:/git/github.com/pixlcrashr/vsfv/pkg/db/repository/transaction_accounts.go:74
[0m[33m[0.518ms] [34;1m[rows:1][0m SELECT count(*) FROM "transaction_accounts"

2026/06/05 00:56:50 [32mD:/git/github.com/pixlcrashr/vsfv/pkg/db/repository/transaction_accounts.go:93
[0m[33m[0.538ms] [34;1m[rows:2][0m SELECT * FROM "transaction_accounts" ORDER BY code ASC LIMIT 2 OFFSET 12

2026/06/05 00:56:50 [32mD:/git/github.com/pixlcrashr/vsfv/pkg/db/repository/transaction_accounts.go:74
[0m[33m[1.045ms] [34;1m[rows:1][0m SELECT count(*) FROM "transaction_accounts"

2026/06/05 00:56:50 [32mD:/git/github.com/pixlcrashr/vsfv/pkg/db/repository/transaction_accounts.go:93
[0m[33m[0.515ms] [34;1m[rows:2][0m SELECT * FROM "transaction_accounts" ORDER BY code ASC LIMIT 2 OFFSET 14

2026/06/05 00:56:50 [32mD:/git/github.com/pixlcrashr/vsfv/pkg/db/repository/transaction_accounts.go:74
[0m[33m[1.104ms] [34;1m[rows:1][0m SELECT count(*) FROM "transaction_accounts"

2026/06/05 00:56:50 [32mD:/git/github.com/pixlcrashr/vsfv/pkg/db/repository/transaction_accounts.go:93
[0m[33m[0.522ms] [34;1m[rows:2][0m SELECT * FROM "transaction_accounts" ORDER BY code ASC LIMIT 2 OFFSET 16

2026/06/05 00:56:50 [32mD:/git/github.com/pixlcrashr/vsfv/pkg/db/repository/transaction_accounts.go:74
[0m[33m[1.053ms] [34;1m[rows:1][0m SELECT count(*) FROM "transaction_accounts"

2026/06/05 00:56:50 [32mD:/git/github.com/pixlcrashr/vsfv/pkg/db/repository/transaction_accounts.go:93
[0m[33m[0.545ms] [34;1m[rows:2][0m SELECT * FROM "transaction_accounts" ORDER BY code ASC LIMIT 2 OFFSET 18

2026/06/05 00:56:50 [32mD:/git/github.com/pixlcrashr/vsfv/pkg/db/repository/transaction_accounts.go:74
[0m[33m[0.532ms] [34;1m[rows:1][0m SELECT count(*) FROM "transaction_accounts"

2026/06/05 00:56:50 [32mD:/git/github.com/pixlcrashr/vsfv/pkg/db/repository/transaction_accounts.go:93
[0m[33m[1.065ms] [34;1m[rows:2][0m SELECT * FROM "transaction_accounts" ORDER BY code ASC LIMIT 2 OFFSET 20

2026/06/05 00:56:50 [32mD:/git/github.com/pixlcrashr/vsfv/pkg/db/repository/transaction_accounts.go:74
[0m[33m[0.530ms] [34;1m[rows:1][0m SELECT count(*) FROM "transaction_accounts"

2026/06/05 00:56:50 [32mD:/git/github.com/pixlcrashr/vsfv/pkg/db/repository/transaction_accounts.go:93
[0m[33m[1.045ms] [34;1m[rows:2][0m SELECT * FROM "transaction_accounts" ORDER BY code ASC LIMIT 2 OFFSET 22

2026/06/05 00:56:50 [32mD:/git/github.com/pixlcrashr/vsfv/pkg/db/repository/transaction_accounts.go:74
[0m[33m[0.534ms] [34;1m[rows:1][0m SELECT count(*) FROM "transaction_accounts"

2026/06/05 00:56:50 [32mD:/git/github.com/pixlcrashr/vsfv/pkg/db/repository/transaction_accounts.go:93
[0m[33m[1.063ms] [34;1m[rows:2][0m SELECT * FROM "transaction_accounts" ORDER BY code ASC LIMIT 2 OFFSET 24

2026/06/05 00:56:50 [32mD:/git/github.com/pixlcrashr/vsfv/pkg/db/repository/transaction_accounts.go:74
[0m[33m[0.537ms] [34;1m[rows:1][0m SELECT count(*) FROM "transaction_accounts"

2026/06/05 00:56:50 [32mD:/git/github.com/pixlcrashr/vsfv/pkg/db/repository/transaction_accounts.go:93
[0m[33m[0.518ms] [34;1m[rows:2][0m SELECT * FROM "transaction_accounts" ORDER BY code ASC LIMIT 2 OFFSET 26

2026/06/05 00:56:50 [32mD:/git/github.com/pixlcrashr/vsfv/pkg/db/repository/transaction_accounts.go:74
[0m[33m[0.537ms] [34;1m[rows:1][0m SELECT count(*) FROM "transaction_accounts"

2026/06/05 00:56:50 [32mD:/git/github.com/pixlcrashr/vsfv/pkg/db/repository/transaction_accounts.go:93
[0m[33m[0.538ms] [34;1m[rows:2][0m SELECT * FROM "transaction_accounts" ORDER BY code ASC LIMIT 2 OFFSET 28

2026/06/05 00:56:50 [32mD:/git/github.com/pixlcrashr/vsfv/pkg/db/repository/transaction_accounts.go:74
[0m[33m[0.535ms] [34;1m[rows:1][0m SELECT count(*) FROM "transaction_accounts"

2026/06/05 00:56:50 [32mD:/git/github.com/pixlcrashr/vsfv/pkg/db/repository/transaction_accounts.go:93
[0m[33m[1.013ms] [34;1m[rows:2][0m SELECT * FROM "transaction_accounts" ORDER BY code ASC LIMIT 2 OFFSET 30

2026/06/05 00:56:50 [32mD:/git/github.com/pixlcrashr/vsfv/pkg/db/repository/transaction_accounts.go:74
[0m[33m[1.099ms] [34;1m[rows:1][0m SELECT count(*) FROM "transaction_accounts"

2026/06/05 00:56:50 [32mD:/git/github.com/pixlcrashr/vsfv/pkg/db/repository/transaction_accounts.go:93
[0m[33m[0.531ms] [34;1m[rows:2][0m SELECT * FROM "transaction_accounts" ORDER BY code ASC LIMIT 2 OFFSET 32

2026/06/05 00:56:50 [32mD:/git/github.com/pixlcrashr/vsfv/pkg/db/repository/transaction_accounts.go:74
[0m[33m[0.527ms] [34;1m[rows:1][0m SELECT count(*) FROM "transaction_accounts"

2026/06/05 00:56:50 [32mD:/git/github.com/pixlcrashr/vsfv/pkg/db/repository/transaction_accounts.go:93
[0m[33m[1.097ms] [34;1m[rows:2][0m SELECT * FROM "transaction_accounts" ORDER BY code ASC LIMIT 2 OFFSET 34

2026/06/05 00:56:50 [32mD:/git/github.com/pixlcrashr/vsfv/pkg/db/repository/transaction_accounts.go:74
[0m[33m[1.048ms] [34;1m[rows:1][0m SELECT count(*) FROM "transaction_accounts"

2026/06/05 00:56:50 [32mD:/git/github.com/pixlcrashr/vsfv/pkg/db/repository/transaction_accounts.go:93
[0m[33m[0.519ms] [34;1m[rows:2][0m SELECT * FROM "transaction_accounts" ORDER BY code ASC LIMIT 2 OFFSET 36

2026/06/05 00:56:50 [32mD:/git/github.com/pixlcrashr/vsfv/pkg/db/repository/transaction_accounts.go:74
[0m[33m[1.074ms] [34;1m[rows:1][0m SELECT count(*) FROM "transaction_accounts"

2026/06/05 00:56:50 [32mD:/git/github.com/pixlcrashr/vsfv/pkg/db/repository/transaction_accounts.go:93
[0m[33m[0.526ms] [34;1m[rows:2][0m SELECT * FROM "transaction_accounts" ORDER BY code ASC LIMIT 2 OFFSET 38

2026/06/05 00:56:50 [32mD:/git/github.com/pixlcrashr/vsfv/pkg/db/repository/transaction_accounts.go:74
[0m[33m[0.536ms] [34;1m[rows:1][0m SELECT count(*) FROM "transaction_accounts"

2026/06/05 00:56:50 [32mD:/git/github.com/pixlcrashr/vsfv/pkg/db/repository/transaction_accounts.go:93
[0m[33m[1.053ms] [34;1m[rows:2][0m SELECT * FROM "transaction_accounts" ORDER BY code ASC LIMIT 2 OFFSET 40

2026/06/05 00:56:50 [32mD:/git/github.com/pixlcrashr/vsfv/pkg/db/repository/transaction_accounts.go:74
[0m[33m[1.067ms] [34;1m[rows:1][0m SELECT count(*) FROM "transaction_accounts"

2026/06/05 00:56:50 [32mD:/git/github.com/pixlcrashr/vsfv/pkg/db/repository/transaction_accounts.go:93
[0m[33m[0.531ms] [34;1m[rows:2][0m SELECT * FROM "transaction_accounts" ORDER BY code ASC LIMIT 2 OFFSET 42

2026/06/05 00:56:50 [32mD:/git/github.com/pixlcrashr/vsfv/pkg/db/repository/transaction_accounts.go:74
[0m[33m[1.046ms] [34;1m[rows:1][0m SELECT count(*) FROM "transaction_accounts"

2026/06/05 00:56:50 [32mD:/git/github.com/pixlcrashr/vsfv/pkg/db/repository/transaction_accounts.go:93
[0m[33m[0.517ms] [34;1m[rows:2][0m SELECT * FROM "transaction_accounts" ORDER BY code ASC LIMIT 2 OFFSET 44

2026/06/05 00:56:50 [32mD:/git/github.com/pixlcrashr/vsfv/pkg/db/repository/transaction_accounts.go:74
[0m[33m[0.533ms] [34;1m[rows:1][0m SELECT count(*) FROM "transaction_accounts"

2026/06/05 00:56:50 [32mD:/git/github.com/pixlcrashr/vsfv/pkg/db/repository/transaction_accounts.go:93
[0m[33m[0.524ms] [34;1m[rows:2][0m SELECT * FROM "transaction_accounts" ORDER BY code ASC LIMIT 2 OFFSET 46

2026/06/05 00:56:50 [32mD:/git/github.com/pixlcrashr/vsfv/pkg/db/repository/transaction_accounts.go:74
[0m[33m[0.522ms] [34;1m[rows:1][0m SELECT count(*) FROM "transaction_accounts"

2026/06/05 00:56:50 [32mD:/git/github.com/pixlcrashr/vsfv/pkg/db/repository/transaction_accounts.go:93
[0m[33m[1.054ms] [34;1m[rows:1][0m SELECT * FROM "transaction_accounts" ORDER BY code ASC LIMIT 2 OFFSET 48
[38;5;10m+[0m
2026/06/05 00:56:50 [32mD:/git/github.com/pixlcrashr/vsfv/pkg/db/repository/organizations.go:102
[0m[33m[2.634ms] [34;1m[rows:1][0m INSERT INTO "organizations" ("id","display_name") VALUES ('19d36047-e0b1-4d6f-a767-4368a196678d','Test Org for TransactionAccounts') RETURNING "updated_at","created_at"

2026/06/05 00:56:50 [32mD:/git/github.com/pixlcrashr/vsfv/pkg/db/repository/import_sources.go:104
[0m[33m[2.653ms] [34;1m[rows:1][0m INSERT INTO "import_sources" ("id","organization_id","display_name","display_description") VALUES ('1d41b4b6-9076-41f9-b6d0-8df64ebf5d37','19d36047-e0b1-4d6f-a767-4368a196678d','Test Import Source','') RETURNING "period_start","updated_at","created_at"

2026/06/05 00:56:50 [32mD:/git/github.com/pixlcrashr/vsfv/pkg/db/repository/transaction_accounts.go:112
[0m[33m[2.645ms] [34;1m[rows:1][0m INSERT INTO "transaction_accounts" ("id","organization_id","code","import_source_id","display_name","display_description") VALUES ('301db123-ffa5-467d-9232-65ed6e66f7c3','19d36047-e0b1-4d6f-a767-4368a196678d','UPDATE-TEST','1d41b4b6-9076-41f9-b6d0-8df64ebf5d37','Before Update','') RETURNING "updated_at","created_at"

[38;5;243m------------------------------[0m
[38;5;9m+ [FAILED] [0.009 seconds][0m
[0mTransactionAccountService [38;5;243mUpdateTransactionAccount [38;5;9m[1m[It] updates the display name and code[0m
[38;5;243mD:/git/github.com/pixlcrashr/vsfv/test/grpc/transaction_accounts_test.go:193[0m

  [38;5;9m[FAILED] Unexpected error:
      <*status.Error | 0xc00008c458>: 
      rpc error: code = InvalidArgument desc = invalid transaction account name
      {
          s: {
              s: {
                  state: {
                      NoUnkeyedLiterals: {},
                      DoNotCompare: [],
                      DoNotCopy: [],
                      atomicMessageInfo: nil,
                  },
                  sizeCache: 0,
                  unknownFields: nil,
                  Code: 3,
                  Message: "invalid transaction account name",
                  Details: nil,
              },
          },
      }
  occurred[0m
  [38;5;9mIn [1m[It][0m[38;5;9m at: [1mD:/git/github.com/pixlcrashr/vsfv/test/grpc/transaction_accounts_test.go:202[0m [38;5;243m@ 06/05/26 00:56:50.18[0m
[38;5;243m------------------------------[0m

2026/06/05 00:56:50 [32mD:/git/github.com/pixlcrashr/vsfv/pkg/db/repository/organizations.go:102
[0m[33m[3.182ms] [34;1m[rows:1][0m INSERT INTO "organizations" ("id","display_name") VALUES ('4351e2ea-24a6-425f-ad19-b18bed7c6614','Test Org for TransactionAccounts') RETURNING "updated_at","created_at"

2026/06/05 00:56:50 [32mD:/git/github.com/pixlcrashr/vsfv/pkg/db/repository/import_sources.go:104
[0m[33m[2.659ms] [34;1m[rows:1][0m INSERT INTO "import_sources" ("id","organization_id","display_name","display_description") VALUES ('7b869fe9-3c4b-4376-9402-4a3bf7eeff92','4351e2ea-24a6-425f-ad19-b18bed7c6614','Test Import Source','') RETURNING "period_start","updated_at","created_at"

2026/06/05 00:56:50 [32mD:/git/github.com/pixlcrashr/vsfv/pkg/db/repository/transaction_accounts.go:112
[0m[33m[2.668ms] [34;1m[rows:1][0m INSERT INTO "transaction_accounts" ("id","organization_id","code","import_source_id","display_name","display_description") VALUES ('a9faa65b-74f5-4977-a9d8-83addd6d71c3','4351e2ea-24a6-425f-ad19-b18bed7c6614','UPDATE-TEST','7b869fe9-3c4b-4376-9402-4a3bf7eeff92','Before Update','') RETURNING "updated_at","created_at"

2026/06/05 00:56:50 [31;1mD:/git/github.com/pixlcrashr/vsfv/pkg/db/repository/transaction_accounts.go:102 [35;1mrecord not found
[0m[33m[1.047ms] [34;1m[rows:0][0m SELECT * FROM "transaction_accounts" WHERE "transaction_accounts"."id" = '00000000-0000-0000-0000-000000000000' ORDER BY "transaction_accounts"."id" LIMIT 1
[38;5;10m+[0m
2026/06/05 00:56:50 [32mD:/git/github.com/pixlcrashr/vsfv/pkg/db/repository/organizations.go:102
[0m[33m[3.143ms] [34;1m[rows:1][0m INSERT INTO "organizations" ("id","display_name") VALUES ('ac65713f-88a3-472c-81a7-88ee8ae9508a','Test Org for TransactionAccounts') RETURNING "updated_at","created_at"

2026/06/05 00:56:50 [32mD:/git/github.com/pixlcrashr/vsfv/pkg/db/repository/import_sources.go:104
[0m[33m[3.224ms] [34;1m[rows:1][0m INSERT INTO "import_sources" ("id","organization_id","display_name","display_description") VALUES ('5fc4a0e2-d7cc-4faf-84c6-538a2f5413af','ac65713f-88a3-472c-81a7-88ee8ae9508a','Test Import Source','') RETURNING "period_start","updated_at","created_at"

2026/06/05 00:56:50 [32mD:/git/github.com/pixlcrashr/vsfv/pkg/db/repository/transaction_accounts.go:112
[0m[33m[3.172ms] [34;1m[rows:1][0m INSERT INTO "transaction_accounts" ("id","organization_id","code","import_source_id","display_name","display_description") VALUES ('eb2269bf-a801-45db-86e1-a10f149b3c84','ac65713f-88a3-472c-81a7-88ee8ae9508a','UPDATE-TEST','5fc4a0e2-d7cc-4faf-84c6-538a2f5413af','Before Update','') RETURNING "updated_at","created_at"
[38;5;10m+[0m
2026/06/05 00:56:50 [32mD:/git/github.com/pixlcrashr/vsfv/pkg/db/repository/organizations.go:102
[0m[33m[3.236ms] [34;1m[rows:1][0m INSERT INTO "organizations" ("id","display_name") VALUES ('ad08e7db-c387-489e-ac86-20db63e3837f','Test Org for TransactionAccounts') RETURNING "updated_at","created_at"

2026/06/05 00:56:50 [32mD:/git/github.com/pixlcrashr/vsfv/pkg/db/repository/import_sources.go:104
[0m[33m[3.195ms] [34;1m[rows:1][0m INSERT INTO "import_sources" ("id","organization_id","display_name","display_description") VALUES ('56bc1168-ad80-4be8-b528-73538ab99faa','ad08e7db-c387-489e-ac86-20db63e3837f','Test Import Source','') RETURNING "period_start","updated_at","created_at"

2026/06/05 00:56:50 [32mD:/git/github.com/pixlcrashr/vsfv/pkg/db/repository/transaction_accounts.go:112
[0m[33m[2.636ms] [34;1m[rows:1][0m INSERT INTO "transaction_accounts" ("id","organization_id","code","import_source_id","display_name","display_description") VALUES ('c8465adc-ccc5-4ea4-a21d-025ae389e015','ad08e7db-c387-489e-ac86-20db63e3837f','DELETE-TEST','56bc1168-ad80-4be8-b528-73538ab99faa','To Delete','') RETURNING "updated_at","created_at"

[38;5;243m------------------------------[0m
[38;5;9m+ [FAILED] [0.010 seconds][0m
[0mTransactionAccountService [38;5;243mDeleteTransactionAccount [38;5;9m[1m[It] permanently deletes the transaction account[0m
[38;5;243mD:/git/github.com/pixlcrashr/vsfv/test/grpc/transaction_accounts_test.go:243[0m

  [38;5;9m[FAILED] Unexpected error:
      <*status.Error | 0xc00008c538>: 
      rpc error: code = InvalidArgument desc = invalid transaction account name
      {
          s: {
              s: {
                  state: {
                      NoUnkeyedLiterals: {},
                      DoNotCompare: [],
                      DoNotCopy: [],
                      atomicMessageInfo: nil,
                  },
                  sizeCache: 0,
                  unknownFields: nil,
                  Code: 3,
                  Message: "invalid transaction account name",
                  Details: nil,
              },
          },
      }
  occurred[0m
  [38;5;9mIn [1m[It][0m[38;5;9m at: [1mD:/git/github.com/pixlcrashr/vsfv/test/grpc/transaction_accounts_test.go:245[0m [38;5;243m@ 06/05/26 00:56:50.209[0m
[38;5;243m------------------------------[0m

2026/06/05 00:56:50 [32mD:/git/github.com/pixlcrashr/vsfv/pkg/db/repository/organizations.go:102
[0m[33m[2.632ms] [34;1m[rows:1][0m INSERT INTO "organizations" ("id","display_name") VALUES ('285fdf7a-3c73-48d1-b6b4-e806137ca68b','Test Org for TransactionAccounts') RETURNING "updated_at","created_at"

2026/06/05 00:56:50 [32mD:/git/github.com/pixlcrashr/vsfv/pkg/db/repository/import_sources.go:104
[0m[33m[2.675ms] [34;1m[rows:1][0m INSERT INTO "import_sources" ("id","organization_id","display_name","display_description") VALUES ('7776be0d-5b5a-4661-b0aa-1c66b46d05e5','285fdf7a-3c73-48d1-b6b4-e806137ca68b','Test Import Source','') RETURNING "period_start","updated_at","created_at"

2026/06/05 00:56:50 [32mD:/git/github.com/pixlcrashr/vsfv/pkg/db/repository/transaction_accounts.go:112
[0m[33m[3.166ms] [34;1m[rows:1][0m INSERT INTO "transaction_accounts" ("id","organization_id","code","import_source_id","display_name","display_description") VALUES ('ad9cdd3e-bec5-4b76-84d2-35abb07cdd7c','285fdf7a-3c73-48d1-b6b4-e806137ca68b','DELETE-TEST','7776be0d-5b5a-4661-b0aa-1c66b46d05e5','To Delete','') RETURNING "updated_at","created_at"

2026/06/05 00:56:50 [32mD:/git/github.com/pixlcrashr/vsfv/pkg/db/repository/transaction_accounts.go:123
[0m[33m[3.189ms] [34;1m[rows:0][0m DELETE FROM "transaction_accounts" WHERE "transaction_accounts"."id" = '00000000-0000-0000-0000-000000000000'
[38;5;9m+ [FAILED] [0.013 seconds][0m
[0mTransactionAccountService [38;5;243mDeleteTransactionAccount [38;5;9m[1m[It] returns NotFound when deleting a non-existent transaction account[0m
[38;5;243mD:/git/github.com/pixlcrashr/vsfv/test/grpc/transaction_accounts_test.go:252[0m

  [38;5;9m[FAILED] Expected an error to have occurred.  Got:
      <nil>: nil[0m
  [38;5;9mIn [1m[It][0m[38;5;9m at: [1mD:/git/github.com/pixlcrashr/vsfv/test/grpc/transaction_accounts_test.go:256[0m [38;5;243m@ 06/05/26 00:56:50.222[0m
[38;5;243m------------------------------[0m

2026/06/05 00:56:50 [32mD:/git/github.com/pixlcrashr/vsfv/pkg/db/repository/organizations.go:102
[0m[33m[2.650ms] [34;1m[rows:1][0m INSERT INTO "organizations" ("id","display_name") VALUES ('3321865c-02af-49b0-83c5-dd39588d6a64','Test Org for TransactionAccounts') RETURNING "updated_at","created_at"

2026/06/05 00:56:50 [32mD:/git/github.com/pixlcrashr/vsfv/pkg/db/repository/import_sources.go:104
[0m[33m[2.631ms] [34;1m[rows:1][0m INSERT INTO "import_sources" ("id","organization_id","display_name","display_description") VALUES ('4e965edc-ac87-4220-87ae-3016a6c66c6b','3321865c-02af-49b0-83c5-dd39588d6a64','Test Import Source','') RETURNING "period_start","updated_at","created_at"

2026/06/05 00:56:50 [32mD:/git/github.com/pixlcrashr/vsfv/pkg/db/repository/transaction_accounts.go:112
[0m[33m[3.142ms] [34;1m[rows:1][0m INSERT INTO "transaction_accounts" ("id","organization_id","code","import_source_id","display_name","display_description") VALUES ('8a4f26b0-078b-4109-9545-323544d5637b','3321865c-02af-49b0-83c5-dd39588d6a64','DELETE-TEST','4e965edc-ac87-4220-87ae-3016a6c66c6b','To Delete','') RETURNING "updated_at","created_at"
[38;5;10m+[0m

[38;5;9m[1mSummarizing 26 Failures:[0m
  [38;5;9m[FAIL][0m [0mAccountService [38;5;243mCreateAccount [38;5;9m[1m[It] creates a nested account with parent[0m
  [38;5;243mD:/git/github.com/pixlcrashr/vsfv/test/grpc/accounts_test.go:92[0m
  [38;5;9m[FAIL][0m [0mAccountService [38;5;243mGetAccount [38;5;9m[1m[It] retrieves the account by resource name[0m
  [38;5;243mD:/git/github.com/pixlcrashr/vsfv/test/grpc/accounts_test.go:114[0m
  [38;5;9m[FAIL][0m [0mAccountService [38;5;9m[1mListNestedAccounts [BeforeEach] [0mreturns accounts in nested tree structure[0m
  [38;5;243mD:/git/github.com/pixlcrashr/vsfv/test/grpc/accounts_test.go:213[0m
  [38;5;9m[FAIL][0m [0mAccountService [38;5;9m[1mGetNestedAccount [BeforeEach] [0mretrieves account with its nested children[0m
  [38;5;243mD:/git/github.com/pixlcrashr/vsfv/test/grpc/accounts_test.go:248[0m
  [38;5;9m[FAIL][0m [0mAccountService [38;5;9m[1mGetNestedAccount [BeforeEach] [0mreturns NotFound for unknown account[0m
  [38;5;243mD:/git/github.com/pixlcrashr/vsfv/test/grpc/accounts_test.go:248[0m
  [38;5;9m[FAIL][0m [0mAccountService [38;5;243mUpdateAccount [38;5;9m[1m[It] updates the display name and code[0m
  [38;5;243mD:/git/github.com/pixlcrashr/vsfv/test/grpc/accounts_test.go:292[0m
  [38;5;9m[FAIL][0m [0mAccountService [38;5;243mArchiveAccount [38;5;9m[1m[It] archives the account (soft delete)[0m
  [38;5;243mD:/git/github.com/pixlcrashr/vsfv/test/grpc/accounts_test.go:333[0m
  [38;5;9m[FAIL][0m [0mAccountService [38;5;243mDeleteAccount [38;5;9m[1m[It] permanently deletes the account[0m
  [38;5;243mD:/git/github.com/pixlcrashr/vsfv/test/grpc/accounts_test.go:368[0m
  [38;5;9m[FAIL][0m [0mAccountService [38;5;243mDeleteAccount [38;5;9m[1m[It] returns NotFound when deleting a non-existent account[0m
  [38;5;243mD:/git/github.com/pixlcrashr/vsfv/test/grpc/accounts_test.go:379[0m
  [38;5;9m[FAIL][0m [0mBudgetService [38;5;243mGetBudget [38;5;9m[1m[It] retrieves the budget by resource name[0m
  [38;5;243mD:/git/github.com/pixlcrashr/vsfv/test/grpc/budgets_test.go:87[0m
  [38;5;9m[FAIL][0m [0mBudgetService [38;5;243mUpdateBudget [38;5;9m[1m[It] updates the display name and period[0m
  [38;5;243mD:/git/github.com/pixlcrashr/vsfv/test/grpc/budgets_test.go:189[0m
  [38;5;9m[FAIL][0m [0mBudgetService [38;5;243mCloseBudget [38;5;9m[1m[It] closes the budget[0m
  [38;5;243mD:/git/github.com/pixlcrashr/vsfv/test/grpc/budgets_test.go:229[0m
  [38;5;9m[FAIL][0m [0mBudgetService [38;5;243mDeleteBudget [38;5;9m[1m[It] permanently deletes the budget[0m
  [38;5;243mD:/git/github.com/pixlcrashr/vsfv/test/grpc/budgets_test.go:270[0m
  [38;5;9m[FAIL][0m [0mBudgetService [38;5;243mDeleteBudget [38;5;9m[1m[It] returns NotFound when deleting a non-existent budget[0m
  [38;5;243mD:/git/github.com/pixlcrashr/vsfv/test/grpc/budgets_test.go:281[0m
  [38;5;9m[FAIL][0m [0mTransactionService [38;5;243mGetTransaction [38;5;9m[1m[It] retrieves the transaction by resource name[0m
  [38;5;243mD:/git/github.com/pixlcrashr/vsfv/test/grpc/transactions_test.go:152[0m
  [38;5;9m[FAIL][0m [0mTransactionService [38;5;9m[1mListTransactions [BeforeEach] [0mlists all created transactions[0m
  [38;5;243mD:/git/github.com/pixlcrashr/vsfv/test/grpc/transactions_test.go:186[0m
  [38;5;9m[FAIL][0m [0mTransactionService [38;5;9m[1mListTransactions [BeforeEach] [0mrespects page_size and returns a next_page_token when more results exist[0m
  [38;5;243mD:/git/github.com/pixlcrashr/vsfv/test/grpc/transactions_test.go:186[0m
  [38;5;9m[FAIL][0m [0mTransactionService [38;5;9m[1mListTransactions [BeforeEach] [0mtraverses all pages via page tokens[0m
  [38;5;243mD:/git/github.com/pixlcrashr/vsfv/test/grpc/transactions_test.go:186[0m
  [38;5;9m[FAIL][0m [0mTransactionService [38;5;243mUpdateTransaction [38;5;9m[1m[It] updates the description and reference[0m
  [38;5;243mD:/git/github.com/pixlcrashr/vsfv/test/grpc/transactions_test.go:254[0m
  [38;5;9m[FAIL][0m [0mTransactionService [38;5;243mUpdateTransaction [38;5;9m[1m[It] updates the booked_at and document_date[0m
  [38;5;243mD:/git/github.com/pixlcrashr/vsfv/test/grpc/transactions_test.go:270[0m
  [38;5;9m[FAIL][0m [0mTransactionService [38;5;243mDeleteTransaction [38;5;9m[1m[It] permanently deletes the transaction[0m
  [38;5;243mD:/git/github.com/pixlcrashr/vsfv/test/grpc/transactions_test.go:311[0m
  [38;5;9m[FAIL][0m [0mTransactionService [38;5;243mDeleteTransaction [38;5;9m[1m[It] returns NotFound when deleting a non-existent transaction[0m
  [38;5;243mD:/git/github.com/pixlcrashr/vsfv/test/grpc/transactions_test.go:322[0m
  [38;5;9m[FAIL][0m [0mTransactionAccountService [38;5;243mGetTransactionAccount [38;5;9m[1m[It] retrieves the transaction account by resource name[0m
  [38;5;243mD:/git/github.com/pixlcrashr/vsfv/test/grpc/transaction_accounts_test.go:99[0m
  [38;5;9m[FAIL][0m [0mTransactionAccountService [38;5;243mUpdateTransactionAccount [38;5;9m[1m[It] updates the display name and code[0m
  [38;5;243mD:/git/github.com/pixlcrashr/vsfv/test/grpc/transaction_accounts_test.go:202[0m
  [38;5;9m[FAIL][0m [0mTransactionAccountService [38;5;243mDeleteTransactionAccount [38;5;9m[1m[It] permanently deletes the transaction account[0m
  [38;5;243mD:/git/github.com/pixlcrashr/vsfv/test/grpc/transaction_accounts_test.go:245[0m
  [38;5;9m[FAIL][0m [0mTransactionAccountService [38;5;243mDeleteTransactionAccount [38;5;9m[1m[It] returns NotFound when deleting a non-existent transaction account[0m
  [38;5;243mD:/git/github.com/pixlcrashr/vsfv/test/grpc/transaction_accounts_test.go:256[0m

[38;5;9m[1mRan 86 of 86 Specs in 1.175 seconds[0m
[38;5;9m[1mFAIL![0m -- [38;5;10m[1m60 Passed[0m | [38;5;9m[1m26 Failed[0m | [38;5;11m[1m0 Pending[0m | [38;5;14m[1m0 Skipped[0m
--- FAIL: TestGrpc (1.18s)
FAIL
FAIL	github.com/pixlcrashr/vsfv/test/grpc	1.209s
FAIL
